<html>
<body>
<pre>
<h1>礦ision Build Log</h1>
<h2>Tool Versions:</h2>
IDE-Version: μVision V5.25.2.0
Copyright (C) 2018 ARM Ltd and ARM Germany GmbH. All rights reserved.
License Information: K K, K, LIC=03CTG-VU2XG-CJN6Z-J2ZAP-AHNE0-A28NS
 
Tool Versions:
Toolchain:       MDK-ARM Plus  Version: 5.25.2.0
Toolchain Path:  F:\Keil_v5\ARM\ARMCC\Bin
C Compiler:      Armcc.exe V5.06 update 6 (build 750)
Assembler:       Armasm.exe V5.06 update 6 (build 750)
Linker/Locator:  ArmLink.exe V5.06 update 6 (build 750)
Library Manager: ArmAr.exe V5.06 update 6 (build 750)
Hex Converter:   FromElf.exe V5.06 update 6 (build 750)
CPU DLL:         SARMCM3.DLL V5.25.2.0
Dialog DLL:      DCM.DLL V1.17.1.0
Target DLL:      CMSIS_AGDI.dll V1.29.10.0
Dialog DLL:      TCM.DLL V1.35.1.0
 
<h2>Project:</h2>
F:\比赛\智能安防-硬件代码 - SPI wifi\智能安防-硬件代码\Project\RVMDK（uv4）\BH-F103.uvprojx
Project File Date:  12/26/2019

<h2>Output:</h2>
*** Using Compiler 'V5.06 update 6 (build 750)', folder: 'F:\Keil_v5\ARM\ARMCC\Bin'
Build target '拍照'
compiling bsp_ov7725.c...
compiling stm32f10x_it.c...
..\..\User\stm32f10x_it.c(40): warning:  #1295-D: Deprecated declaration xPortSysTickHandler - give arg types
  extern void xPortSysTickHandler();
..\..\User\stm32f10x_it.c: 1 warning, 0 errors
compiling main.c...
..\..\User\M8266WIFI\M8266HostIf.h(40): warning:  #1295-D: Deprecated declaration M8266_init - give arg types
  void M8266_init();
..\..\User\M8266WIFI\M8266HostIf.h(45): warning:  #1295-D: Deprecated declaration M8266_WaitRecive - give arg types
  u8 M8266_WaitRecive();
..\..\User\IWDG\iwdg.h(6): warning:  #1295-D: Deprecated declaration Feed - give arg types
  void Feed();
..\..\User\IWDG\iwdg.h(14): warning:  #1-D: last line of file ends without a newline
  #endif
..\..\User\main.c(123): warning:  #223-D: function "ESP8266_SendCmd" declared implicitly
  	while(ESP8266_SendCmd(CIPSTART, "CONNECT"))
..\..\User\main.c(265): warning:  #177-D: variable "name"  was declared but never referenced
  	char name[40];
..\..\User\main.c(114): warning:  #177-D: function "CheckNetWork_Task"  was declared but never referenced
  static void  CheckNetWork_Task(void **pvParameters)
..\..\User\main.c(203): warning:  #177-D: function "ReceiveCmdTask"  was declared but never referenced
  static void ReceiveCmdTask(void *pvParameters) 
..\..\User\main.c(216): warning:  #177-D: function "CheckSensor"  was declared but never referenced
  static void CheckSensor(void *pvParameters) 
..\..\User\main.c: 9 warnings, 0 errors
compiling encode.c...
linking...
Program Size: Code=44668 RO-data=3632 RW-data=428 ZI-data=270516  
FromELF: creating hex file...
"..\..\Output\OV7725.axf" - 0 Error(s), 10 Warning(s).

<h2>Software Packages used:</h2>

Package Vendor: Keil
                http://www.keil.com/pack/Keil.STM32F1xx_DFP.2.2.0.pack
                Keil.STM32F1xx_DFP.2.2.0
                STMicroelectronics STM32F1 Series Device Support, Drivers and Examples

<h2>Collection of Component include folders:</h2>
  .\RTE\_____
  F:\Keil_v5\ARM\PACK\Keil\STM32F1xx_DFP\2.2.0\Device\Include

<h2>Collection of Component Files used:</h2>
Build Time Elapsed:  00:00:07
</pre>
</body>
</html>
