Component: ARM Compiler 5.06 update 6 (build 750) Tool: armlink [4d35ed]

==============================================================================

Section Cross References

    startup_stm32f10x_hd.o(RESET) refers to startup_stm32f10x_hd.o(STACK) for __initial_sp
    startup_stm32f10x_hd.o(RESET) refers to startup_stm32f10x_hd.o(.text) for Reset_Handler
    startup_stm32f10x_hd.o(RESET) refers to stm32f10x_it.o(i.NMI_Handler) for NMI_Handler
    startup_stm32f10x_hd.o(RESET) refers to stm32f10x_it.o(i.HardFault_Handler) for HardFault_Handler
    startup_stm32f10x_hd.o(RESET) refers to stm32f10x_it.o(i.MemManage_Handler) for MemManage_Handler
    startup_stm32f10x_hd.o(RESET) refers to stm32f10x_it.o(i.BusFault_Handler) for BusFault_Handler
    startup_stm32f10x_hd.o(RESET) refers to stm32f10x_it.o(i.UsageFault_Handler) for UsageFault_Handler
    startup_stm32f10x_hd.o(RESET) refers to port.o(.emb_text) for SVC_Handler
    startup_stm32f10x_hd.o(RESET) refers to stm32f10x_it.o(i.DebugMon_Handler) for DebugMon_Handler
    startup_stm32f10x_hd.o(RESET) refers to stm32f10x_it.o(i.SysTick_Handler) for SysTick_Handler
    startup_stm32f10x_hd.o(RESET) refers to stm32f10x_it.o(i.EXTI3_IRQHandler) for EXTI3_IRQHandler
    startup_stm32f10x_hd.o(RESET) refers to esp8266.o(i.USART3_IRQHandler) for USART3_IRQHandler
    startup_stm32f10x_hd.o(RESET) refers to stm32f10x_it.o(i.SDIO_IRQHandler) for SDIO_IRQHandler
    startup_stm32f10x_hd.o(.text) refers to system_stm32f10x.o(i.SystemInit) for SystemInit
    startup_stm32f10x_hd.o(.text) refers to entry.o(.ARM.Collect$$$$00000000) for __main
    system_stm32f10x.o(i.SetSysClock) refers to system_stm32f10x.o(i.SetSysClockTo72) for SetSysClockTo72
    system_stm32f10x.o(i.SystemCoreClockUpdate) refers to system_stm32f10x.o(.data) for SystemCoreClock
    system_stm32f10x.o(i.SystemInit) refers to system_stm32f10x.o(i.SetSysClock) for SetSysClock
    stm32f10x_bkp.o(i.BKP_DeInit) refers to stm32f10x_rcc.o(i.RCC_BackupResetCmd) for RCC_BackupResetCmd
    stm32f10x_cec.o(i.CEC_DeInit) refers to stm32f10x_rcc.o(i.RCC_APB1PeriphResetCmd) for RCC_APB1PeriphResetCmd
    stm32f10x_dac.o(i.DAC_DeInit) refers to stm32f10x_rcc.o(i.RCC_APB1PeriphResetCmd) for RCC_APB1PeriphResetCmd
    stm32f10x_flash.o(i.FLASH_EnableWriteProtection) refers to stm32f10x_flash.o(i.FLASH_WaitForLastOperation) for FLASH_WaitForLastOperation
    stm32f10x_flash.o(i.FLASH_EraseAllBank1Pages) refers to stm32f10x_flash.o(i.FLASH_WaitForLastBank1Operation) for FLASH_WaitForLastBank1Operation
    stm32f10x_flash.o(i.FLASH_EraseAllPages) refers to stm32f10x_flash.o(i.FLASH_WaitForLastOperation) for FLASH_WaitForLastOperation
    stm32f10x_flash.o(i.FLASH_EraseOptionBytes) refers to stm32f10x_flash.o(i.FLASH_GetReadOutProtectionStatus) for FLASH_GetReadOutProtectionStatus
    stm32f10x_flash.o(i.FLASH_EraseOptionBytes) refers to stm32f10x_flash.o(i.FLASH_WaitForLastOperation) for FLASH_WaitForLastOperation
    stm32f10x_flash.o(i.FLASH_ErasePage) refers to stm32f10x_flash.o(i.FLASH_WaitForLastOperation) for FLASH_WaitForLastOperation
    stm32f10x_flash.o(i.FLASH_ProgramHalfWord) refers to stm32f10x_flash.o(i.FLASH_WaitForLastOperation) for FLASH_WaitForLastOperation
    stm32f10x_flash.o(i.FLASH_ProgramOptionByteData) refers to stm32f10x_flash.o(i.FLASH_WaitForLastOperation) for FLASH_WaitForLastOperation
    stm32f10x_flash.o(i.FLASH_ProgramWord) refers to stm32f10x_flash.o(i.FLASH_WaitForLastOperation) for FLASH_WaitForLastOperation
    stm32f10x_flash.o(i.FLASH_ReadOutProtection) refers to stm32f10x_flash.o(i.FLASH_WaitForLastOperation) for FLASH_WaitForLastOperation
    stm32f10x_flash.o(i.FLASH_UserOptionByteConfig) refers to stm32f10x_flash.o(i.FLASH_WaitForLastOperation) for FLASH_WaitForLastOperation
    stm32f10x_flash.o(i.FLASH_WaitForLastBank1Operation) refers to stm32f10x_flash.o(i.FLASH_GetBank1Status) for FLASH_GetBank1Status
    stm32f10x_flash.o(i.FLASH_WaitForLastOperation) refers to stm32f10x_flash.o(i.FLASH_GetBank1Status) for FLASH_GetBank1Status
    stm32f10x_gpio.o(i.GPIO_AFIODeInit) refers to stm32f10x_rcc.o(i.RCC_APB2PeriphResetCmd) for RCC_APB2PeriphResetCmd
    stm32f10x_gpio.o(i.GPIO_DeInit) refers to stm32f10x_rcc.o(i.RCC_APB2PeriphResetCmd) for RCC_APB2PeriphResetCmd
    stm32f10x_i2c.o(i.I2C_DeInit) refers to stm32f10x_rcc.o(i.RCC_APB1PeriphResetCmd) for RCC_APB1PeriphResetCmd
    stm32f10x_i2c.o(i.I2C_Init) refers to stm32f10x_rcc.o(i.RCC_GetClocksFreq) for RCC_GetClocksFreq
    stm32f10x_pwr.o(i.PWR_DeInit) refers to stm32f10x_rcc.o(i.RCC_APB1PeriphResetCmd) for RCC_APB1PeriphResetCmd
    stm32f10x_rcc.o(i.RCC_GetClocksFreq) refers to stm32f10x_rcc.o(.data) for APBAHBPrescTable
    stm32f10x_rcc.o(i.RCC_WaitForHSEStartUp) refers to stm32f10x_rcc.o(i.RCC_GetFlagStatus) for RCC_GetFlagStatus
    stm32f10x_spi.o(i.I2S_Init) refers to stm32f10x_rcc.o(i.RCC_GetClocksFreq) for RCC_GetClocksFreq
[...]
    uxTaskNumber                             0x20000150   Data           4  tasks.o(.data)
    xNextTaskUnblockTime                     0x20000154   Data           4  tasks.o(.data)
    xIdleTaskHandle                          0x20000158   Data           4  tasks.o(.data)
    uxSchedulerSuspended                     0x2000015c   Data           4  tasks.o(.data)
    .data                                    0x20000160   Section        4  port.o(.data)
    uxCriticalNesting                        0x20000160   Data           4  port.o(.data)
    .data                                    0x20000164   Section       24  heap_4.o(.data)
    xStart                                   0x20000164   Data           8  heap_4.o(.data)
    pxEnd                                    0x2000016c   Data           4  heap_4.o(.data)
    xFreeBytesRemaining                      0x20000170   Data           4  heap_4.o(.data)
    xMinimumEverFreeBytesRemaining           0x20000174   Data           4  heap_4.o(.data)
    xBlockAllocatedBit                       0x20000178   Data           4  heap_4.o(.data)
    .data                                    0x2000017c   Section        4  stdout.o(.data)
    .data                                    0x20000180   Section        4  mvars.o(.data)
    .data                                    0x20000184   Section        4  mvars.o(.data)
    .data                                    0x20000188   Section        4  errno.o(.data)
    _errno                                   0x20000188   Data           4  errno.o(.data)
    .bss                                     0x2000018c   Section     4206  main.o(.bss)
    .bss                                     0x200011fc   Section      196  bsp_sdio_sdcard.o(.bss)
    CSD_Tab                                  0x200011fc   Data          16  bsp_sdio_sdcard.o(.bss)
    CID_Tab                                  0x2000120c   Data          16  bsp_sdio_sdcard.o(.bss)
    SDSTATUS_Tab                             0x2000121c   Data          16  bsp_sdio_sdcard.o(.bss)
    .bss                                     0x200012c0   Section     1024  esp8266.o(.bss)
    .bss                                     0x200016c0   Section     8776  encode.o(.bss)
    gtmp_hsize                               0x20003208   Data         512  encode.o(.bss)
    gtmp_hcode                               0x20003408   Data         512  encode.o(.bss)
    .bss                                     0x20003908   Section     5132  onenet.o(.bss)
    .bss                                     0x20004d14   Section      200  tasks.o(.bss)
    pxReadyTasksLists                        0x20004d14   Data         100  tasks.o(.bss)
    xDelayedTaskList1                        0x20004d78   Data          20  tasks.o(.bss)
    xDelayedTaskList2                        0x20004d8c   Data          20  tasks.o(.bss)
    xPendingReadyList                        0x20004da0   Data          20  tasks.o(.bss)
    xTasksWaitingTermination                 0x20004db4   Data          20  tasks.o(.bss)
    xSuspendedTaskList                       0x20004dc8   Data          20  tasks.o(.bss)
    .bss                                     0x20004ddc   Section     8192  heap_4.o(.bss)
    ucHeap                                   0x20004ddc   Data        8192  heap_4.o(.bss)
    HEAP                                     0x20006de0   Section    28672  startup_stm32f10x_hd.o(HEAP)
    STACK                                    0x2000dde0   Section     4096  startup_stm32f10x_hd.o(STACK)
    .ARM.__AT_0x68000000                     0x68000000   Section    196608  malloc.o(.ARM.__AT_0x68000000)
    .ARM.__AT_0x68030000                     0x68030000   Section    12288  malloc.o(.ARM.__AT_0x68030000)

    Global Symbols

    Symbol Name                              Value     Ov Type        Size  Object(Section)

    BuildAttributes$$THM_ISAv4$P$D$K$B$S$PE$A:L22UL41UL21$X:L11$S22US41US21$IEEE1$IW$USESV6$~STKCKD$USESV7$~SHL$OTIME$ROPI$EBA8$MICROLIB$REQ8$PRES8$EABIv2 0x00000000   Number         0  anon$$obj.o ABSOLUTE
    __ARM_use_no_argv                        0x00000000   Number         0  main.o ABSOLUTE
    _printf_a                                0x00000000   Number         0  stubs.o ABSOLUTE
    _printf_c                                0x00000000   Number         0  stubs.o ABSOLUTE
    _printf_charcount                        0x00000000   Number         0  stubs.o ABSOLUTE
    _printf_d                                0x00000000   Number         0  stubs.o ABSOLUTE
    _printf_e                                0x00000000   Number         0  stubs.o ABSOLUTE
    _printf_f                                0x00000000   Number         0  stubs.o ABSOLUTE
    _printf_flags                            0x00000000   Number         0  stubs.o ABSOLUTE
    _printf_fp_dec                           0x00000000   Number         0  stubs.o ABSOLUTE
    _printf_fp_hex                           0x00000000   Number         0  stubs.o ABSOLUTE
    _printf_g                                0x00000000   Number         0  stubs.o ABSOLUTE
    _printf_i                                0x00000000   Number         0  stubs.o ABSOLUTE
    _printf_int_dec                          0x00000000   Number         0  stubs.o ABSOLUTE
    _printf_l                                0x00000000   Number         0  stubs.o ABSOLUTE
    _printf_lc                               0x00000000   Number         0  stubs.o ABSOLUTE
    _printf_ll                               0x00000000   Number         0  stubs.o ABSOLUTE
    _printf_lld                              0x00000000   Number         0  stubs.o ABSOLUTE
    _printf_lli                              0x00000000   Number         0  stubs.o ABSOLUTE
    _printf_llo                              0x00000000   Number         0  stubs.o ABSOLUTE
    _printf_llu                              0x00000000   Number         0  stubs.o ABSOLUTE
    _printf_llx                              0x00000000   Number         0  stubs.o ABSOLUTE
    _printf_longlong_dec                     0x00000000   Number         0  stubs.o ABSOLUTE
    _printf_longlong_hex                     0x00000000   Number         0  stubs.o ABSOLUTE
    _printf_longlong_oct                     0x00000000   Number         0  stubs.o ABSOLUTE
    _printf_ls                               0x00000000   Number         0  stubs.o ABSOLUTE
    _printf_mbtowc                           0x00000000   Number         0  stubs.o ABSOLUTE
    _printf_n                                0x00000000   Number         0  stubs.o ABSOLUTE
    _printf_o                                0x00000000   Number         0  stubs.o ABSOLUTE
    _printf_p                                0x00000000   Number         0  stubs.o ABSOLUTE
    _printf_percent                          0x00000000   Number         0  stubs.o ABSOLUTE
    _printf_pre_padding                      0x00000000   Number         0  stubs.o ABSOLUTE
    _printf_return_value                     0x00000000   Number         0  stubs.o ABSOLUTE
    _printf_s                                0x00000000   Number         0  stubs.o ABSOLUTE
    _printf_sizespec                         0x00000000   Number         0  stubs.o ABSOLUTE
    _printf_str                              0x00000000   Number         0  stubs.o ABSOLUTE
    _printf_truncate_signed                  0x00000000   Number         0  stubs.o ABSOLUTE
    _printf_truncate_unsigned                0x00000000   Number         0  stubs.o ABSOLUTE
    _printf_u                                0x00000000   Number         0  stubs.o ABSOLUTE
    _printf_wc                               0x00000000   Number         0  stubs.o ABSOLUTE
    _printf_wctomb                           0x00000000   Number         0  stubs.o ABSOLUTE
    _printf_widthprec                        0x00000000   Number         0  stubs.o ABSOLUTE
    _printf_x                                0x00000000   Number         0  stubs.o ABSOLUTE
    __cpp_initialize__aeabi_                  - Undefined Weak Reference
    __cxa_finalize                            - Undefined Weak Reference
    _clock_init                               - Undefined Weak Reference
    _microlib_exit                            - Undefined Weak Reference
    __Vectors_Size                           0x00000130   Number         0  startup_stm32f10x_hd.o ABSOLUTE
    __Vectors                                0x08000000   Data           4  startup_stm32f10x_hd.o(RESET)
    __Vectors_End                            0x08000130   Data           0  startup_stm32f10x_hd.o(RESET)
    __main                                   0x08000131   Thumb Code     0  entry.o(.ARM.Collect$$$$00000000)
    _main_stk                                0x08000131   Thumb Code     0  entry2.o(.ARM.Collect$$$$00000001)
    _main_scatterload                        0x08000135   Thumb Code     0  entry5.o(.ARM.Collect$$$$00000004)
    __main_after_scatterload                 0x08000139   Thumb Code     0  entry5.o(.ARM.Collect$$$$00000004)
    _main_clock                              0x08000139   Thumb Code     0  entry7b.o(.ARM.Collect$$$$00000008)
    _main_cpp_init                           0x08000139   Thumb Code     0  entry8b.o(.ARM.Collect$$$$0000000A)
    _main_init                               0x08000139   Thumb Code     0  entry9a.o(.ARM.Collect$$$$0000000B)
    __rt_final_cpp                           0x08000141   Thumb Code     0  entry10a.o(.ARM.Collect$$$$0000000D)
    __rt_final_exit                          0x08000141   Thumb Code     0  entry11a.o(.ARM.Collect$$$$0000000F)
    SVC_Handler                              0x08000145   Thumb Code    32  port.o(.emb_text)
    __asm___6_port_c_39a90d8d__prvStartFirstTask 0x08000169   Thumb Code    28  port.o(.emb_text)
    PendSV_Handler                           0x08000189   Thumb Code    72  port.o(.emb_text)
    vPortGetIPSR                             0x080001d5   Thumb Code     6  port.o(.emb_text)
    Reset_Handler                            0x080001dd   Thumb Code     8  startup_stm32f10x_hd.o(.text)
    ADC1_2_IRQHandler                        0x080001f7   Thumb Code     0  startup_stm32f10x_hd.o(.text)
    ADC3_IRQHandler                          0x080001f7   Thumb Code     0  startup_stm32f10x_hd.o(.text)
    CAN1_RX1_IRQHandler                      0x080001f7   Thumb Code     0  startup_stm32f10x_hd.o(.text)
    CAN1_SCE_IRQHandler                      0x080001f7   Thumb Code     0  startup_stm32f10x_hd.o(.text)
    DMA1_Channel1_IRQHandler                 0x080001f7   Thumb Code     0  startup_stm32f10x_hd.o(.text)
    DMA1_Channel2_IRQHandler                 0x080001f7   Thumb Code     0  startup_stm32f10x_hd.o(.text)
    DMA1_Channel3_IRQHandler                 0x080001f7   Thumb Code     0  startup_stm32f10x_hd.o(.text)
    DMA1_Channel4_IRQHandler                 0x080001f7   Thumb Code     0  startup_stm32f10x_hd.o(.text)
    DMA1_Channel5_IRQHandler                 0x080001f7   Thumb Code     0  startup_stm32f10x_hd.o(.text)
    DMA1_Channel6_IRQHandler                 0x080001f7   Thumb Code     0  startup_stm32f10x_hd.o(.text)
    DMA1_Channel7_IRQHandler                 0x080001f7   Thumb Code     0  startup_stm32f10x_hd.o(.text)
    DMA2_Channel1_IRQHandler                 0x080001f7   Thumb Code     0  startup_stm32f10x_hd.o(.text)
    DMA2_Channel2_IRQHandler                 0x080001f7   Thumb Code     0  startup_stm32f10x_hd.o(.text)
    DMA2_Channel3_IRQHandler                 0x080001f7   Thumb Code     0  startup_stm32f10x_hd.o(.text)
    DMA2_Channel4_5_IRQHandler               0x080001f7   Thumb Code     0  startup_stm32f10x_hd.o(.text)
    EXTI0_IRQHandler                         0x080001f7   Thumb Code     0  startup_stm32f10x_hd.o(.text)
    EXTI15_10_IRQHandler                     0x080001f7   Thumb Code     0  startup_stm32f10x_hd.o(.text)
    EXTI1_IRQHandler                         0x080001f7   Thumb Code     0  startup_stm32f10x_hd.o(.text)
    EXTI2_IRQHandler                         0x080001f7   Thumb Code     0  startup_stm32f10x_hd.o(.text)
    EXTI4_IRQHandler                         0x080001f7   Thumb Code     0  startup_stm32f10x_hd.o(.text)
    EXTI9_5_IRQHandler                       0x080001f7   Thumb Code     0  startup_stm32f10x_hd.o(.text)
    FLASH_IRQHandler                         0x080001f7   Thumb Code     0  startup_stm32f10x_hd.o(.text)
    FSMC_IRQHandler                          0x080001f7   Thumb Code     0  startup_stm32f10x_hd.o(.text)
    I2C1_ER_IRQHandler                       0x080001f7   Thumb Code     0  startup_stm32f10x_hd.o(.text)
    I2C1_EV_IRQHandler                       0x080001f7   Thumb Code     0  startup_stm32f10x_hd.o(.text)
    I2C2_ER_IRQHandler                       0x080001f7   Thumb Code     0  startup_stm32f10x_hd.o(.text)
    I2C2_EV_IRQHandler                       0x080001f7   Thumb Code     0  startup_stm32f10x_hd.o(.text)
    PVD_IRQHandler                           0x080001f7   Thumb Code     0  startup_stm32f10x_hd.o(.text)
    RCC_IRQHandler                           0x080001f7   Thumb Code     0  startup_stm32f10x_hd.o(.text)
    RTCAlarm_IRQHandler                      0x080001f7   Thumb Code     0  startup_stm32f10x_hd.o(.text)
    RTC_IRQHandler                           0x080001f7   Thumb Code     0  startup_stm32f10x_hd.o(.text)
    SPI1_IRQHandler                          0x080001f7   Thumb Code     0  startup_stm32f10x_hd.o(.text)
    SPI2_IRQHandler                          0x080001f7   Thumb Code     0  startup_stm32f10x_hd.o(.text)
    SPI3_IRQHandler                          0x080001f7   Thumb Code     0  startup_stm32f10x_hd.o(.text)
    TAMPER_IRQHandler                        0x080001f7   Thumb Code     0  startup_stm32f10x_hd.o(.text)
    TIM1_BRK_IRQHandler                      0x080001f7   Thumb Code     0  startup_stm32f10x_hd.o(.text)
    TIM1_CC_IRQHandler                       0x080001f7   Thumb Code     0  startup_stm32f10x_hd.o(.text)
    TIM1_TRG_COM_IRQHandler                  0x080001f7   Thumb Code     0  startup_stm32f10x_hd.o(.text)
    TIM1_UP_IRQHandler                       0x080001f7   Thumb Code     0  startup_stm32f10x_hd.o(.text)
    TIM2_IRQHandler                          0x080001f7   Thumb Code     0  startup_stm32f10x_hd.o(.text)
    TIM3_IRQHandler                          0x080001f7   Thumb Code     0  startup_stm32f10x_hd.o(.text)
    TIM4_IRQHandler                          0x080001f7   Thumb Code     0  startup_stm32f10x_hd.o(.text)
    TIM5_IRQHandler                          0x080001f7   Thumb Code     0  startup_stm32f10x_hd.o(.text)
    TIM6_IRQHandler                          0x080001f7   Thumb Code     0  startup_stm32f10x_hd.o(.text)
    TIM7_IRQHandler                          0x080001f7   Thumb Code     0  startup_stm32f10x_hd.o(.text)
    TIM8_BRK_IRQHandler                      0x080001f7   Thumb Code     0  startup_stm32f10x_hd.o(.text)
    TIM8_CC_IRQHandler                       0x080001f7   Thumb Code     0  startup_stm32f10x_hd.o(.text)
    TIM8_TRG_COM_IRQHandler                  0x080001f7   Thumb Code     0  startup_stm32f10x_hd.o(.text)
    TIM8_UP_IRQHandler                       0x080001f7   Thumb Code     0  startup_stm32f10x_hd.o(.text)
    UART4_IRQHandler                         0x080001f7   Thumb Code     0  startup_stm32f10x_hd.o(.text)
    UART5_IRQHandler                         0x080001f7   Thumb Code     0  startup_stm32f10x_hd.o(.text)
    USART1_IRQHandler                        0x080001f7   Thumb Code     0  startup_stm32f10x_hd.o(.text)
    USART2_IRQHandler                        0x080001f7   Thumb Code     0  startup_stm32f10x_hd.o(.text)
    USBWakeUp_IRQHandler                     0x080001f7   Thumb Code     0  startup_stm32f10x_hd.o(.text)
    USB_HP_CAN1_TX_IRQHandler                0x080001f7   Thumb Code     0  startup_stm32f10x_hd.o(.text)
    USB_LP_CAN1_RX0_IRQHandler               0x080001f7   Thumb Code     0  startup_stm32f10x_hd.o(.text)
    WWDG_IRQHandler                          0x080001f7   Thumb Code     0  startup_stm32f10x_hd.o(.text)
    __aeabi_memcpy                           0x08000201   Thumb Code    36  memcpya.o(.text)
    __aeabi_memcpy4                          0x08000201   Thumb Code     0  memcpya.o(.text)
    __aeabi_memcpy8                          0x08000201   Thumb Code     0  memcpya.o(.text)
    __aeabi_memset                           0x08000225   Thumb Code    14  memseta.o(.text)
    __aeabi_memset4                          0x08000225   Thumb Code     0  memseta.o(.text)
    __aeabi_memset8                          0x08000225   Thumb Code     0  memseta.o(.text)
    __aeabi_memclr                           0x08000233   Thumb Code     4  memseta.o(.text)
    __aeabi_memclr4                          0x08000233   Thumb Code     0  memseta.o(.text)
    __aeabi_memclr8                          0x08000233   Thumb Code     0  memseta.o(.text)
    _memset$wrapper                          0x08000237   Thumb Code    18  memseta.o(.text)
    strcat                                   0x08000249   Thumb Code    24  strcat.o(.text)
    strstr                                   0x08000261   Thumb Code    36  strstr.o(.text)
    strchr                                   0x08000285   Thumb Code    20  strchr.o(.text)
    strlen                                   0x08000299   Thumb Code    14  strlen.o(.text)
    strncat                                  0x080002a7   Thumb Code    40  strncat.o(.text)
    atoi                                     0x080002cf   Thumb Code    26  atoi.o(.text)
    __aeabi_fadd                             0x080002e9   Thumb Code   164  fadd.o(.text)
    __aeabi_fsub                             0x0800038d   Thumb Code     6  fadd.o(.text)
    __aeabi_frsub                            0x08000393   Thumb Code     6  fadd.o(.text)
    __aeabi_fmul                             0x08000399   Thumb Code   100  fmul.o(.text)
    __aeabi_fdiv                             0x080003fd   Thumb Code   124  fdiv.o(.text)
    __aeabi_dadd                             0x08000479   Thumb Code   322  dadd.o(.text)
    __aeabi_dsub                             0x080005bb   Thumb Code     6  dadd.o(.text)
    __aeabi_drsub                            0x080005c1   Thumb Code     6  dadd.o(.text)
    __aeabi_ddiv                             0x080005c7   Thumb Code   222  ddiv.o(.text)
    __aeabi_i2f                              0x080006a5   Thumb Code    18  fflti.o(.text)
    __aeabi_ui2f                             0x080006b7   Thumb Code    10  ffltui.o(.text)
    __aeabi_f2uiz                            0x080006c1   Thumb Code    40  ffixui.o(.text)
    __aeabi_d2iz                             0x080006e9   Thumb Code    62  dfixi.o(.text)
    __aeabi_f2d                              0x08000727   Thumb Code    38  f2d.o(.text)
    __aeabi_uidiv                            0x0800074d   Thumb Code     0  uidiv.o(.text)
    __aeabi_uidivmod                         0x0800074d   Thumb Code    44  uidiv.o(.text)
    __aeabi_uldivmod                         0x08000779   Thumb Code    98  uldiv.o(.text)
    __aeabi_llsl                             0x080007db   Thumb Code    30  llshl.o(.text)
    _ll_shift_l                              0x080007db   Thumb Code     0  llshl.o(.text)
    __aeabi_llsr                             0x080007f9   Thumb Code    32  llushr.o(.text)
    _ll_ushift_r                             0x080007f9   Thumb Code     0  llushr.o(.text)
    __aeabi_lasr                             0x08000819   Thumb Code    36  llsshr.o(.text)
    _ll_sshift_r                             0x08000819   Thumb Code     0  llsshr.o(.text)
    strtol                                   0x0800083d   Thumb Code   112  strtol.o(.text)
    __I$use$fp                               0x080008ad   Thumb Code     0  iusefp.o(.text)
    _float_round                             0x080008ad   Thumb Code    18  fepilogue.o(.text)
    _float_epilogue                          0x080008bf   Thumb Code    92  fepilogue.o(.text)
    _double_round                            0x0800091b   Thumb Code    30  depilogue.o(.text)
    _double_epilogue                         0x08000939   Thumb Code   156  depilogue.o(.text)
    __aeabi_dmul                             0x080009d5   Thumb Code   228  dmul.o(.text)
    __aeabi_d2ulz                            0x08000ab9   Thumb Code    48  dfixul.o(.text)
    __aeabi_cdrcmple                         0x08000ae9   Thumb Code    48  cdrcmple.o(.text)
    __scatterload                            0x08000b19   Thumb Code    28  init.o(.text)
    __scatterload_rt2                        0x08000b19   Thumb Code     0  init.o(.text)
    __rt_ctype_table                         0x08000b3d   Thumb Code     4  ctype_o.o(.text)
    _strtoul                                 0x08000b45   Thumb Code   158  _strtoul.o(.text)
    _chval                                   0x08000be3   Thumb Code    28  _chval.o(.text)
    __decompress                             0x08000bff   Thumb Code     0  __dczerorl.o(.text)
    __decompress0                            0x08000bff   Thumb Code    58  __dczerorl.o(.text)
    BusFault_Handler                         0x08000c39   Thumb Code     4  stm32f10x_it.o(i.BusFault_Handler)
    DMA_ClearFlag                            0x08000dfd   Thumb Code    18  stm32f10x_dma.o(i.DMA_ClearFlag)
    DMA_Cmd                                  0x08000e19   Thumb Code    24  stm32f10x_dma.o(i.DMA_Cmd)
    DMA_GetFlagStatus                        0x08000e31   Thumb Code    36  stm32f10x_dma.o(i.DMA_GetFlagStatus)
    DMA_Init                                 0x08000e5d   Thumb Code    60  stm32f10x_dma.o(i.DMA_Init)
    DebugMon_Handler                         0x08000e99   Thumb Code     2  stm32f10x_it.o(i.DebugMon_Handler)
    EDP_DeleteBuffer                         0x08000e9b   Thumb Code    28  edpkit.o(i.EDP_DeleteBuffer)
    EDP_NewBuffer                            0x08000eb7   Thumb Code    88  edpkit.o(i.EDP_NewBuffer)
    EDP_PacketCmdResp                        0x08000f0f   Thumb Code   192  edpkit.o(i.EDP_PacketCmdResp)
    EDP_PacketConnect1                       0x08000fd1   Thumb Code   232  edpkit.o(i.EDP_PacketConnect1)
    EDP_PacketPing                           0x080010bd   Thumb Code    48  edpkit.o(i.EDP_PacketPing)
    EDP_PacketSaveData                       0x080010ed   Thumb Code   460  edpkit.o(i.EDP_PacketSaveData)
    EDP_UnPacketCmd                          0x080012b9   Thumb Code   214  edpkit.o(i.EDP_UnPacketCmd)
    EDP_UnPacketConnectRsp                   0x0800138f   Thumb Code     6  edpkit.o(i.EDP_UnPacketConnectRsp)
    EDP_UnPacketPushData                     0x08001395   Thumb Code   176  edpkit.o(i.EDP_UnPacketPushData)
    EDP_UnPacketRecv                         0x08001445   Thumb Code     6  edpkit.o(i.EDP_UnPacketRecv)
    ESP8266_Clear                            0x0800144d   Thumb Code    20  esp8266.o(i.ESP8266_Clear)
    ESP8266_GetIPD                           0x08001469   Thumb Code    76  esp8266.o(i.ESP8266_GetIPD)
    ESP8266_Init                             0x080014bd   Thumb Code   204  esp8266.o(i.ESP8266_Init)
    ESP8266_SendCmd                          0x0800166d   Thumb Code    78  esp8266.o(i.ESP8266_SendCmd)
    ESP8266_SendData                         0x080016c5   Thumb Code    46  esp8266.o(i.ESP8266_SendData)
    ESP8266_WaitRecive                       0x0800170d   Thumb Code    42  esp8266.o(i.ESP8266_WaitRecive)
    EXTI3_IRQHandler                         0x08001741   Thumb Code    78  stm32f10x_it.o(i.EXTI3_IRQHandler)
    EXTI_ClearITPendingBit                   0x0800179d   Thumb Code     6  stm32f10x_exti.o(i.EXTI_ClearITPendingBit)
    EXTI_GenerateSWInterrupt                 0x080017a9   Thumb Code    12  stm32f10x_exti.o(i.EXTI_GenerateSWInterrupt)
    EXTI_GetITStatus                         0x080017b9   Thumb Code    34  stm32f10x_exti.o(i.EXTI_GetITStatus)
    EXTI_Init                                0x080017e1   Thumb Code   142  stm32f10x_exti.o(i.EXTI_Init)
    GPIO_EXTILineConfig                      0x08001af9   Thumb Code    60  stm32f10x_gpio.o(i.GPIO_EXTILineConfig)
    GPIO_Init                                0x08001b39   Thumb Code   278  stm32f10x_gpio.o(i.GPIO_Init)
    GPIO_PinRemapConfig                      0x08001c51   Thumb Code   138  stm32f10x_gpio.o(i.GPIO_PinRemapConfig)
    GPIO_ReadInputDataBit                    0x08001ce1   Thumb Code    18  stm32f10x_gpio.o(i.GPIO_ReadInputDataBit)
    GPIO_ResetBits                           0x08001cf3   Thumb Code     4  stm32f10x_gpio.o(i.GPIO_ResetBits)
    GPIO_SetBits                             0x08001cf7   Thumb Code     4  stm32f10x_gpio.o(i.GPIO_SetBits)
    HardFault_Handler                        0x08001cfb   Thumb Code     4  stm32f10x_it.o(i.HardFault_Handler)
    Hardware_Init                            0x08001d01   Thumb Code    42  main.o(i.Hardware_Init)
    JPEG_encode                              0x08001d41   Thumb Code   470  encode.o(i.JPEG_encode)
    LED_GPIO_Config                          0x08001fa5   Thumb Code    90  bsp_led.o(i.LED_GPIO_Config)
    MemManage_Handler                        0x08002005   Thumb Code     4  stm32f10x_it.o(i.MemManage_Handler)
    NET_Event_CallBack                       0x08002009   Thumb Code    86  main.o(i.NET_Event_CallBack)
    NMI_Handler                              0x08002095   Thumb Code     2  stm32f10x_it.o(i.NMI_Handler)
    NVIC_Init                                0x080020c1   Thumb Code   100  misc.o(i.NVIC_Init)
    NVIC_PriorityGroupConfig                 0x08002131   Thumb Code    10  misc.o(i.NVIC_PriorityGroupConfig)
    OV7725_Brightness                        0x080021bd   Thumb Code   104  bsp_ov7725.o(i.OV7725_Brightness)
    OV7725_Color_Saturation                  0x08002225   Thumb Code    46  bsp_ov7725.o(i.OV7725_Color_Saturation)
    OV7725_Contrast                          0x08002253   Thumb Code    40  bsp_ov7725.o(i.OV7725_Contrast)
    OV7725_GPIO_Config                       0x0800227b   Thumb Code    16  bsp_ov7725.o(i.OV7725_GPIO_Config)
    OV7725_Init                              0x0800228d   Thumb Code    96  bsp_ov7725.o(i.OV7725_Init)
    OV7725_Light_Mode                        0x080022f5   Thumb Code   282  bsp_ov7725.o(i.OV7725_Light_Mode)
    OV7725_Special_Effect                    0x0800240f   Thumb Code   196  bsp_ov7725.o(i.OV7725_Special_Effect)
    OV7725_Window_Set                        0x080024d3   Thumb Code   232  bsp_ov7725.o(i.OV7725_Window_Set)
    OneNET_CmdHandle                         0x080025bb   Thumb Code    24  onenet.o(i.OneNET_CmdHandle)
    OneNet_DevLink                           0x080025d5   Thumb Code   240  onenet.o(i.OneNet_DevLink)
    OneNet_FillBuf                           0x080028a1   Thumb Code    72  onenet.o(i.OneNet_FillBuf)
    OneNet_RevPro                            0x08002901   Thumb Code   394  onenet.o(i.OneNet_RevPro)
    OneNet_SendData                          0x08002b41   Thumb Code   114  onenet.o(i.OneNet_SendData)
    OneNet_SendData_Picture                  0x08002be5   Thumb Code   238  onenet.o(i.OneNet_SendData_Picture)
    OneNet_SendPhoto                         0x08002d55   Thumb Code   114  main.o(i.OneNet_SendPhoto)
    OneNet_Send_heart                        0x08002e05   Thumb Code    62  onenet.o(i.OneNet_Send_heart)
    RCC_AHBPeriphClockCmd                    0x08002e79   Thumb Code    26  stm32f10x_rcc.o(i.RCC_AHBPeriphClockCmd)
    RCC_APB1PeriphClockCmd                   0x08002e99   Thumb Code    26  stm32f10x_rcc.o(i.RCC_APB1PeriphClockCmd)
    RCC_APB2PeriphClockCmd                   0x08002eb9   Thumb Code    26  stm32f10x_rcc.o(i.RCC_APB2PeriphClockCmd)
    RCC_GetClocksFreq                        0x08002ed9   Thumb Code   192  stm32f10x_rcc.o(i.RCC_GetClocksFreq)
    ReadRemainlen                            0x08002fad   Thumb Code    62  edpkit.o(i.ReadRemainlen)
    SCCB_GPIO_Config                         0x08003039   Thumb Code    60  bsp_sccb.o(i.SCCB_GPIO_Config)
    SCCB_ReadByte                            0x080030b1   Thumb Code   122  bsp_sccb.o(i.SCCB_ReadByte)
    SCCB_WriteByte                           0x080032b1   Thumb Code    64  bsp_sccb.o(i.SCCB_WriteByte)
    SDIO_ClearFlag                           0x0800341d   Thumb Code     6  stm32f10x_sdio.o(i.SDIO_ClearFlag)
    SDIO_ClearITPendingBit                   0x08003429   Thumb Code     6  stm32f10x_sdio.o(i.SDIO_ClearITPendingBit)
    SDIO_ClockCmd                            0x08003435   Thumb Code     6  stm32f10x_sdio.o(i.SDIO_ClockCmd)
    SDIO_DMACmd                              0x08003441   Thumb Code     6  stm32f10x_sdio.o(i.SDIO_DMACmd)
    SDIO_DataConfig                          0x0800344d   Thumb Code    42  stm32f10x_sdio.o(i.SDIO_DataConfig)
    SDIO_DeInit                              0x0800347d   Thumb Code    28  stm32f10x_sdio.o(i.SDIO_DeInit)
    SDIO_GetCommandResponse                  0x080034a1   Thumb Code     8  stm32f10x_sdio.o(i.SDIO_GetCommandResponse)
    SDIO_GetFlagStatus                       0x080034ad   Thumb Code    20  stm32f10x_sdio.o(i.SDIO_GetFlagStatus)
    SDIO_GetPowerState                       0x080034c5   Thumb Code    10  stm32f10x_sdio.o(i.SDIO_GetPowerState)
    SDIO_GetResponse                         0x080034d5   Thumb Code    20  stm32f10x_sdio.o(i.SDIO_GetResponse)
    SDIO_IRQHandler                          0x080034ed   Thumb Code     8  stm32f10x_it.o(i.SDIO_IRQHandler)
    SDIO_ITConfig                            0x080034f5   Thumb Code    26  stm32f10x_sdio.o(i.SDIO_ITConfig)
    SDIO_Init                                0x08003515   Thumb Code    42  stm32f10x_sdio.o(i.SDIO_Init)
    SDIO_ReadData                            0x08003545   Thumb Code     6  stm32f10x_sdio.o(i.SDIO_ReadData)
    SDIO_SendCommand                         0x08003551   Thumb Code    38  stm32f10x_sdio.o(i.SDIO_SendCommand)
    SDIO_SetPowerState                       0x0800357d   Thumb Code    22  stm32f10x_sdio.o(i.SDIO_SetPowerState)
    SD_EnableWideBusOperation                0x08003671   Thumb Code   140  bsp_sdio_sdcard.o(i.SD_EnableWideBusOperation)
    SD_GetCardInfo                           0x08003705   Thumb Code   700  bsp_sdio_sdcard.o(i.SD_GetCardInfo)
    SD_GetState                              0x080039d1   Thumb Code    26  bsp_sdio_sdcard.o(i.SD_GetState)
    SD_GetStatus                             0x080039eb   Thumb Code    30  bsp_sdio_sdcard.o(i.SD_GetStatus)
    SD_Init                                  0x08003a09   Thumb Code   106  bsp_sdio_sdcard.o(i.SD_Init)
    SD_InitializeCards                       0x08003a7d   Thumb Code   294  bsp_sdio_sdcard.o(i.SD_InitializeCards)
    SD_PowerON                               0x08003bb9   Thumb Code   374  bsp_sdio_sdcard.o(i.SD_PowerON)
    SD_ProcessIRQSrc                         0x08003d41   Thumb Code    70  bsp_sdio_sdcard.o(i.SD_ProcessIRQSrc)
    SD_ReadMultiBlocks                       0x08003d99   Thumb Code   202  bsp_sdio_sdcard.o(i.SD_ReadMultiBlocks)
    SD_SelectDeselect                        0x08003e81   Thumb Code    48  bsp_sdio_sdcard.o(i.SD_SelectDeselect)
    SD_SendStatus                            0x08003eb5   Thumb Code    46  bsp_sdio_sdcard.o(i.SD_SendStatus)
    SD_WaitReadOperation                     0x08003eed   Thumb Code    42  bsp_sdio_sdcard.o(i.SD_WaitReadOperation)
    SD_WaitWriteOperation                    0x08003f21   Thumb Code    50  bsp_sdio_sdcard.o(i.SD_WaitWriteOperation)
    SD_WriteMultiBlocks                      0x08003f5d   Thumb Code   294  bsp_sdio_sdcard.o(i.SD_WriteMultiBlocks)
    SysTick_Handler                          0x0800418d   Thumb Code    20  stm32f10x_it.o(i.SysTick_Handler)
    SystemInit                               0x080041a1   Thumb Code    78  system_stm32f10x.o(i.SystemInit)
    TimingDelay_Decrement                    0x08004201   Thumb Code    18  bsp_systick.o(i.TimingDelay_Decrement)
    USART3_IRQHandler                        0x08004219   Thumb Code    64  esp8266.o(i.USART3_IRQHandler)
    USART_ClearFlag                          0x08004265   Thumb Code    18  stm32f10x_usart.o(i.USART_ClearFlag)
    USART_Cmd                                0x08004277   Thumb Code    24  stm32f10x_usart.o(i.USART_Cmd)
    USART_Config                             0x08004291   Thumb Code   120  bsp_usart.o(i.USART_Config)
    USART_GetFlagStatus                      0x08004311   Thumb Code    26  stm32f10x_usart.o(i.USART_GetFlagStatus)
    USART_GetITStatus                        0x0800432b   Thumb Code    84  stm32f10x_usart.o(i.USART_GetITStatus)
    USART_ITConfig                           0x0800437f   Thumb Code    74  stm32f10x_usart.o(i.USART_ITConfig)
    USART_Init                               0x080043c9   Thumb Code   210  stm32f10x_usart.o(i.USART_Init)
    USART_SendData                           0x080044a1   Thumb Code     8  stm32f10x_usart.o(i.USART_SendData)
    UsageFault_Handler                       0x080044a9   Thumb Code     4  stm32f10x_it.o(i.UsageFault_Handler)
    Usart3_Init                              0x080044ad   Thumb Code   172  bsp_usart.o(i.Usart3_Init)
    UsartPrintf                              0x08004565   Thumb Code    72  bsp_usart.o(i.UsartPrintf)
    Usart_SendString                         0x080045ad   Thumb Code    50  bsp_usart.o(i.Usart_SendString)
    WriteRemainlen                           0x0800465d   Thumb Code    46  edpkit.o(i.WriteRemainlen)
    __0printf                                0x0800468d   Thumb Code    22  printfa.o(i.__0printf)
    __1printf                                0x0800468d   Thumb Code     0  printfa.o(i.__0printf)
    __2printf                                0x0800468d   Thumb Code     0  printfa.o(i.__0printf)
    __c89printf                              0x0800468d   Thumb Code     0  printfa.o(i.__0printf)
    printf                                   0x0800468d   Thumb Code     0  printfa.o(i.__0printf)
    __0sprintf                               0x080046ad   Thumb Code    34  printfa.o(i.__0sprintf)
    __1sprintf                               0x080046ad   Thumb Code     0  printfa.o(i.__0sprintf)
    __2sprintf                               0x080046ad   Thumb Code     0  printfa.o(i.__0sprintf)
    __c89sprintf                             0x080046ad   Thumb Code     0  printfa.o(i.__0sprintf)
    sprintf                                  0x080046ad   Thumb Code     0  printfa.o(i.__0sprintf)
    __0vsnprintf                             0x080046d5   Thumb Code    40  printfa.o(i.__0vsnprintf)
    __1vsnprintf                             0x080046d5   Thumb Code     0  printfa.o(i.__0vsnprintf)
    __2vsnprintf                             0x080046d5   Thumb Code     0  printfa.o(i.__0vsnprintf)
    __c89vsnprintf                           0x080046d5   Thumb Code     0  printfa.o(i.__0vsnprintf)
    vsnprintf                                0x080046d5   Thumb Code     0  printfa.o(i.__0vsnprintf)
    __aeabi_errno_addr                       0x08004701   Thumb Code     4  errno.o(i.__aeabi_errno_addr)
    __rt_errno_addr                          0x08004701   Thumb Code     0  errno.o(i.__aeabi_errno_addr)
    __scatterload_copy                       0x08004709   Thumb Code    14  handlers.o(i.__scatterload_copy)
    __scatterload_null                       0x08004717   Thumb Code     2  handlers.o(i.__scatterload_null)
    __scatterload_zeroinit                   0x08004719   Thumb Code    14  handlers.o(i.__scatterload_zeroinit)
    bit_num                                  0x08004ffb   Thumb Code    38  encode.o(i.bit_num)
    clust2sect                               0x080050c5   Thumb Code    26  ff.o(i.clust2sect)
    disk_initialize                          0x080058fb   Thumb Code    42  diskio.o(i.disk_initialize)
    disk_ioctl                               0x08005925   Thumb Code    78  diskio.o(i.disk_ioctl)
    disk_read                                0x08005979   Thumb Code   174  diskio.o(i.disk_read)
    disk_status                              0x08005a27   Thumb Code    28  diskio.o(i.disk_status)
    disk_write                               0x08005a43   Thumb Code   180  diskio.o(i.disk_write)
    dsp_fdct_8x8                             0x08005af9   Thumb Code  1636  encode.o(i.dsp_fdct_8x8)
    f_close                                  0x08006161   Thumb Code    32  ff.o(i.f_close)
    f_mount                                  0x08006181   Thumb Code    86  ff.o(i.f_mount)
    f_open                                   0x080061dd   Thumb Code   382  ff.o(i.f_open)
    f_read                                   0x0800635b   Thumb Code   464  ff.o(i.f_read)
    f_sync                                   0x0800652b   Thumb Code   176  ff.o(i.f_sync)
    f_write                                  0x080065db   Thumb Code   524  ff.o(i.f_write)
    ff_convert                               0x080067e9   Thumb Code    70  ccsbcs.o(i.ff_convert)
    ff_wtoupper                              0x08006835   Thumb Code    84  ccsbcs.o(i.ff_wtoupper)
    fputc                                    0x08006d79   Thumb Code    32  bsp_usart.o(i.fputc)
    free                                     0x08006d9d   Thumb Code    76  malloc.o(i.free)
    get_fat                                  0x08006ea1   Thumb Code   318  ff.o(i.get_fat)
    get_fattime                              0x08006fe1   Thumb Code     4  diskio.o(i.get_fattime)
    hexdump                                  0x08007035   Thumb Code    46  edpkit.o(i.hexdump)
    jhuff_encode_one_block                   0x08007071   Thumb Code   200  encode.o(i.jhuff_encode_one_block)
    jhuff_flush_buffer                       0x08007139   Thumb Code   126  encode.o(i.jhuff_flush_buffer)
    jhuff_write_bits                         0x080071c1   Thumb Code   128  encode.o(i.jhuff_write_bits)
    jint_add_huff_table                      0x08007249   Thumb Code   160  encode.o(i.jint_add_huff_table)
    jint_add_quant_table                     0x080072ed   Thumb Code    96  encode.o(i.jint_add_quant_table)
    jint_calc_huff_tbl                       0x08007355   Thumb Code   172  encode.o(i.jint_calc_huff_tbl)
    jint_process_mcu                         0x08007409   Thumb Code   332  encode.o(i.jint_process_mcu)
    jint_process_rows                        0x0800755d   Thumb Code   320  encode.o(i.jint_process_rows)
    jint_std_huff_tables                     0x0800769d   Thumb Code    70  encode.o(i.jint_std_huff_tables)
    jint_std_quant_tables                    0x08007705   Thumb Code    30  encode.o(i.jint_std_quant_tables)
    jmkr_write_end                           0x0800772d   Thumb Code    32  encode.o(i.jmkr_write_end)
    jmkr_write_frame_head                    0x0800774d   Thumb Code   246  encode.o(i.jmkr_write_frame_head)
    jmkr_write_huff_table                    0x08007843   Thumb Code   350  encode.o(i.jmkr_write_huff_table)
    jmkr_write_image_start                   0x080079a1   Thumb Code    26  encode.o(i.jmkr_write_image_start)
    jmkr_write_jfif                          0x080079bd   Thumb Code    28  encode.o(i.jmkr_write_jfif)
    jmkr_write_quant_table                   0x080079dd   Thumb Code   116  encode.o(i.jmkr_write_quant_table)
    jmkr_write_scan_head                     0x08007a51   Thumb Code   190  encode.o(i.jmkr_write_scan_head)
    jmkr_write_start                         0x08007b0f   Thumb Code    42  encode.o(i.jmkr_write_start)
    jpeg_calc_value                          0x08007b39   Thumb Code   262  encode.o(i.jpeg_calc_value)
    jpeg_finish_compress                     0x08007c45   Thumb Code   112  encode.o(i.jpeg_finish_compress)
    jpeg_set_default                         0x08007cb5   Thumb Code   110  encode.o(i.jpeg_set_default)
    jpeg_start_compress                      0x08007d29   Thumb Code    52  encode.o(i.jpeg_start_compress)
    jutl_cc_rgb2ycc                          0x08007d5d   Thumb Code   264  encode.o(i.jutl_cc_rgb2ycc)
    jutl_write_byte                          0x08007e81   Thumb Code    68  encode.o(i.jutl_write_byte)
    jutl_zigzag_sort                         0x08007ecd   Thumb Code    44  encode.o(i.jutl_zigzag_sort)
    mDelay                                   0x08007f1d   Thumb Code    24  delay.o(i.mDelay)
    main                                     0x08007f35   Thumb Code   238  main.o(i.main)
    malloc                                   0x080080c5   Thumb Code    92  malloc.o(i.malloc)
    put_fat                                  0x080085a3   Thumb Code   392  ff.o(i.put_fat)
    pvPortMalloc                             0x0800872d   Thumb Code   188  heap_4.o(i.pvPortMalloc)
    pxPortInitialiseStack                    0x080087fd   Thumb Code    30  port.o(i.pxPortInitialiseStack)
    reLink                                   0x08008821   Thumb Code    38  esp8266.o(i.reLink)
    uxListRemove                             0x08008a43   Thumb Code    40  list.o(i.uxListRemove)
    vListInitialise                          0x08008a6b   Thumb Code    26  list.o(i.vListInitialise)
    vListInitialiseItem                      0x08008a85   Thumb Code     6  list.o(i.vListInitialiseItem)
    vListInsert                              0x08008a8b   Thumb Code    52  list.o(i.vListInsert)
    vListInsertEnd                           0x08008abf   Thumb Code    24  list.o(i.vListInsertEnd)
    vPortEnterCritical                       0x08008ad9   Thumb Code    30  port.o(i.vPortEnterCritical)
    vPortExitCritical                        0x08008afd   Thumb Code    28  port.o(i.vPortExitCritical)
    vPortFree                                0x08008b1d   Thumb Code    64  heap_4.o(i.vPortFree)
    vPortSetupTimerInterrupt                 0x08008b65   Thumb Code    14  port.o(i.vPortSetupTimerInterrupt)
    vTaskDelay                               0x08008b79   Thumb Code    46  tasks.o(i.vTaskDelay)
    vTaskStartScheduler                      0x08008bad   Thumb Code    72  tasks.o(i.vTaskStartScheduler)
    vTaskSuspendAll                          0x08008c11   Thumb Code    12  tasks.o(i.vTaskSuspendAll)
    vTaskSwitchContext                       0x08008c21   Thumb Code    76  tasks.o(i.vTaskSwitchContext)
    xPortStartScheduler                      0x08008cb5   Thumb Code    42  port.o(i.xPortStartScheduler)
    xPortSysTickHandler                      0x08008ce9   Thumb Code    46  port.o(i.xPortSysTickHandler)
    xTaskCreate                              0x08008d1d   Thumb Code    96  tasks.o(i.xTaskCreate)
    xTaskGetSchedulerState                   0x08008d7d   Thumb Code    24  tasks.o(i.xTaskGetSchedulerState)
    xTaskIncrementTick                       0x08008d9d   Thumb Code   194  tasks.o(i.xTaskIncrementTick)
    xTaskResumeAll                           0x08008e85   Thumb Code   178  tasks.o(i.xTaskResumeAll)
    __ctype_table                            0x08009bbc   Data         129  ctype_o.o(.constdata)
    Region$$Table$$Base                      0x08009c44   Number         0  anon$$obj.o(Region$$Table)
    Region$$Table$$Limit                     0x08009c64   Number         0  anon$$obj.o(Region$$Table)
    Net_status                               0x20000014   Data           1  main.o(.data)
    secend                                   0x20000015   Data           1  main.o(.data)
    res_sd                                   0x20000016   Data           1  main.o(.data)
    frame_count                              0x20000018   Data           4  main.o(.data)
    time_count                               0x2000001c   Data           2  main.o(.data)
    NetTask_Handler                          0x20000020   Data           4  main.o(.data)
    ReceiveCmdTask_Handler                   0x20000024   Data           4  main.o(.data)
    cam_mode                                 0x20000028   Data          20  bsp_ov7725.o(.data)
    Sensor_Config                            0x2000003c   Data         154  bsp_ov7725.o(.data)
    OV7725_REG_NUM                           0x200000d6   Data           1  bsp_ov7725.o(.data)
    Ov7725_vsync                             0x200000d7   Data           1  bsp_ov7725.o(.data)
    g_ul_ms_ticks                            0x200000dc   Data           4  bsp_systick.o(.data)
    StopCondition                            0x200000e8   Data           4  bsp_sdio_sdcard.o(.data)
    TransferError                            0x200000ec   Data           1  bsp_sdio_sdcard.o(.data)
    TransferEnd                              0x200000f0   Data           4  bsp_sdio_sdcard.o(.data)
    esp8266_cnt                              0x200000f4   Data           2  esp8266.o(.data)
    esp8266_cntPre                           0x200000f6   Data           2  esp8266.o(.data)
    fileW                                    0x20000100   Data           4  encode.o(.data)
    r                                        0x20000104   Data           1  encode.o(.data)
    g                                        0x20000105   Data           1  encode.o(.data)
    b                                        0x20000106   Data           1  encode.o(.data)
    wr_pt                                    0x20000108   Data           2  encode.o(.data)
    heart_flag                               0x20000116   Data           1  onenet.o(.data)
    err_count                                0x20000117   Data           1  onenet.o(.data)
    photo                                    0x20000118   Data           1  onenet.o(.data)
    bmpres                                   0x20000119   Data           1  onenet.o(.data)
    temp_max                                 0x2000011a   Data           2  onenet.o(.data)
    temp_min                                 0x2000011c   Data           2  onenet.o(.data)
    humi_max                                 0x2000011e   Data           1  onenet.o(.data)
    humi_min                                 0x2000011f   Data           1  onenet.o(.data)
    fire                                     0x20000120   Data           1  onenet.o(.data)
    pxCurrentTCB                             0x20000124   Data           4  tasks.o(.data)
    __stdout                                 0x2000017c   Data           4  stdout.o(.data)
    __microlib_freelist                      0x20000180   Data           4  mvars.o(.data)
    __microlib_freelist_initialised          0x20000184   Data           4  mvars.o(.data)
    Task_Delay                               0x2000018c   Data          12  main.o(.bss)
    name                                     0x20000198   Data          40  main.o(.bss)
    fs                                       0x200001c0   Data        4144  main.o(.bss)
    data_value                               0x200011f0   Data          10  main.o(.bss)
    SDCardInfo                               0x2000122c   Data          80  bsp_sdio_sdcard.o(.bss)
    SDIO_InitStructure                       0x2000127c   Data          24  bsp_sdio_sdcard.o(.bss)
    SDIO_CmdInitStructure                    0x20001294   Data          20  bsp_sdio_sdcard.o(.bss)
    SDIO_DataInitStructure                   0x200012a8   Data          24  bsp_sdio_sdcard.o(.bss)
    esp8266_buf                              0x200012c0   Data        1024  esp8266.o(.bss)
    JQUANT_TBL_2                             0x200016c0   Data         256  encode.o(.bss)
    JHUFF_TBL_4                              0x200017c0   Data        5192  encode.o(.bss)
    dcttab                                   0x20002c08   Data        1536  encode.o(.bss)
    write_buf                                0x20003608   Data         512  encode.o(.bss)
    temp_dct1                                0x20003808   Data         256  encode.o(.bss)
    camera_buf                               0x20003908   Data        1000  onenet.o(.bss)
    bmpfsrc                                  0x20003cf0   Data        4132  onenet.o(.bss)
    __heap_base                              0x20006de0   Data           0  startup_stm32f10x_hd.o(HEAP)
    __heap_limit                             0x2000dde0   Data           0  startup_stm32f10x_hd.o(HEAP)
    __initial_sp                             0x2000ede0   Data           0  startup_stm32f10x_hd.o(STACK)
    mem2base                                 0x68000000   Data       196608  malloc.o(.ARM.__AT_0x68000000)
    mem2mapbase                              0x68030000   Data       12288  malloc.o(.ARM.__AT_0x68030000)



==============================================================================

Memory Map of the image

  Image Entry point : 0x08000131

  Load Region LR_IROM1 (Base: 0x08000000, Size: 0x00009df0, Max: 0x00080000, ABSOLUTE, COMPRESSED[0x00009d2c])

    Execution Region ER_IROM1 (Exec base: 0x08000000, Load base: 0x08000000, Size: 0x00009c64, Max: 0x00080000, ABSOLUTE)

    Exec Addr    Load Addr    Size         Type   Attr      Idx    E Section Name        Object

    0x08000000   0x08000000   0x00000130   Data   RO            3    RESET               startup_stm32f10x_hd.o
    0x08000130   0x08000130   0x00000000   Code   RO         5503  * .ARM.Collect$$$$00000000  mc_w.l(entry.o)
    0x08000130   0x08000130   0x00000004   Code   RO         5837    .ARM.Collect$$$$00000001  mc_w.l(entry2.o)
    0x08000134   0x08000134   0x00000004   Code   RO         5840    .ARM.Collect$$$$00000004  mc_w.l(entry5.o)
    0x08000138   0x08000138   0x00000000   Code   RO         5842    .ARM.Collect$$$$00000008  mc_w.l(entry7b.o)
    0x08000138   0x08000138   0x00000000   Code   RO         5844    .ARM.Collect$$$$0000000A  mc_w.l(entry8b.o)
    0x08000138   0x08000138   0x00000008   Code   RO         5845    .ARM.Collect$$$$0000000B  mc_w.l(entry9a.o)
    0x08000140   0x08000140   0x00000000   Code   RO         5847    .ARM.Collect$$$$0000000D  mc_w.l(entry10a.o)
    0x08000140   0x08000140   0x00000000   Code   RO         5849    .ARM.Collect$$$$0000000F  mc_w.l(entry11a.o)
    0x08000140   0x08000140   0x00000004   Code   RO         5838    .ARM.Collect$$$$00002712  mc_w.l(entry2.o)
    0x08000144   0x08000144   0x00000096   Code   RO         5383    .emb_text           port.o
    0x080001da   0x080001da   0x00000002   PAD
    0x080001dc   0x080001dc   0x00000024   Code   RO            4    .text               startup_stm32f10x_hd.o
    0x08000200   0x08000200   0x00000024   Code   RO         5506    .text               mc_w.l(memcpya.o)
    0x08000224   0x08000224   0x00000024   Code   RO         5508    .text               mc_w.l(memseta.o)
    0x08000248   0x08000248   0x00000018   Code   RO         5510    .text               mc_w.l(strcat.o)
    0x08000260   0x08000260   0x00000024   Code   RO         5512    .text               mc_w.l(strstr.o)
    0x08000284   0x08000284   0x00000014   Code   RO         5514    .text               mc_w.l(strchr.o)
    0x08000298   0x08000298   0x0000000e   Code   RO         5516    .text               mc_w.l(strlen.o)
    0x080002a6   0x080002a6   0x00000028   Code   RO         5518    .text               mc_w.l(strncat.o)
    0x080002ce   0x080002ce   0x0000001a   Code   RO         5811    .text               mc_w.l(atoi.o)
    0x080002e8   0x080002e8   0x000000b0   Code   RO         5813    .text               mf_w.l(fadd.o)
    0x08000398   0x08000398   0x00000064   Code   RO         5815    .text               mf_w.l(fmul.o)
    0x080003fc   0x080003fc   0x0000007c   Code   RO         5817    .text               mf_w.l(fdiv.o)
    0x08000478   0x08000478   0x0000014e   Code   RO         5819    .text               mf_w.l(dadd.o)
    0x080005c6   0x080005c6   0x000000de   Code   RO         5821    .text               mf_w.l(ddiv.o)
    0x080006a4   0x080006a4   0x00000012   Code   RO         5823    .text               mf_w.l(fflti.o)
    0x080006b6   0x080006b6   0x0000000a   Code   RO         5825    .text               mf_w.l(ffltui.o)
    0x080006c0   0x080006c0   0x00000028   Code   RO         5829    .text               mf_w.l(ffixui.o)
    0x080006e8   0x080006e8   0x0000003e   Code   RO         5831    .text               mf_w.l(dfixi.o)
    0x08000726   0x08000726   0x00000026   Code   RO         5833    .text               mf_w.l(f2d.o)
    0x0800074c   0x0800074c   0x0000002c   Code   RO         5852    .text               mc_w.l(uidiv.o)
    0x08000778   0x08000778   0x00000062   Code   RO         5854    .text               mc_w.l(uldiv.o)
    0x080007da   0x080007da   0x0000001e   Code   RO         5856    .text               mc_w.l(llshl.o)
    0x080007f8   0x080007f8   0x00000020   Code   RO         5858    .text               mc_w.l(llushr.o)
    0x08000818   0x08000818   0x00000024   Code   RO         5860    .text               mc_w.l(llsshr.o)
    0x0800083c   0x0800083c   0x00000070   Code   RO         5871    .text               mc_w.l(strtol.o)
    0x080008ac   0x080008ac   0x00000000   Code   RO         5873    .text               mc_w.l(iusefp.o)
    0x080008ac   0x080008ac   0x0000006e   Code   RO         5874    .text               mf_w.l(fepilogue.o)
    0x0800091a   0x0800091a   0x000000ba   Code   RO         5876    .text               mf_w.l(depilogue.o)
    0x080009d4   0x080009d4   0x000000e4   Code   RO         5878    .text               mf_w.l(dmul.o)
    0x08000ab8   0x08000ab8   0x00000030   Code   RO         5880    .text               mf_w.l(dfixul.o)
    0x08000ae8   0x08000ae8   0x00000030   Code   RO         5882    .text               mf_w.l(cdrcmple.o)
    0x08000b18   0x08000b18   0x00000024   Code   RO         5884    .text               mc_w.l(init.o)
    0x08000b3c   0x08000b3c   0x00000008   Code   RO         5886    .text               mc_w.l(ctype_o.o)
    0x08000b44   0x08000b44   0x0000009e   Code   RO         5914    .text               mc_w.l(_strtoul.o)
    0x08000be2   0x08000be2   0x0000001c   Code   RO         5916    .text               mc_w.l(_chval.o)
    0x08000bfe   0x08000bfe   0x0000003a   Code   RO         5926    .text               mc_w.l(__dczerorl.o)
    0x08000c38   0x08000c38   0x00000004   Code   RO         2780    i.BusFault_Handler  stm32f10x_it.o
    0x08000c3c   0x08000c3c   0x0000002c   Code   RO         3116    i.CmdError          bsp_sdio_sdcard.o
    0x08000c68   0x08000c68   0x00000028   Code   RO         3117    i.CmdResp1Error     bsp_sdio_sdcard.o
    0x08000c90   0x08000c90   0x0000004c   Code   RO         3118    i.CmdResp2Error     bsp_sdio_sdcard.o
    0x08000cdc   0x08000cdc   0x00000038   Code   RO         3119    i.CmdResp3Error     bsp_sdio_sdcard.o
    0x08000d14   0x08000d14   0x0000009c   Code   RO         3120    i.CmdResp6Error     bsp_sdio_sdcard.o
    0x08000db0   0x08000db0   0x0000004c   Code   RO         3121    i.CmdResp7Error     bsp_sdio_sdcard.o
    0x08000dfc   0x08000dfc   0x0000001c   Code   RO          483    i.DMA_ClearFlag     stm32f10x_dma.o
    0x08000e18   0x08000e18   0x00000018   Code   RO          485    i.DMA_Cmd           stm32f10x_dma.o
    0x08000e30   0x08000e30   0x0000002c   Code   RO          488    i.DMA_GetFlagStatus  stm32f10x_dma.o
    0x08000e5c   0x08000e5c   0x0000003c   Code   RO          491    i.DMA_Init          stm32f10x_dma.o
    0x08000e98   0x08000e98   0x00000002   Code   RO         2781    i.DebugMon_Handler  stm32f10x_it.o
    0x08000e9a   0x08000e9a   0x0000001c   Code   RO         4601    i.EDP_DeleteBuffer  edpkit.o
    0x08000eb6   0x08000eb6   0x00000058   Code   RO         4602    i.EDP_NewBuffer     edpkit.o
    0x08000f0e   0x08000f0e   0x000000c0   Code   RO         4603    i.EDP_PacketCmdResp  edpkit.o
    0x08000fce   0x08000fce   0x00000002   PAD
    0x08000fd0   0x08000fd0   0x000000ec   Code   RO         4604    i.EDP_PacketConnect1  edpkit.o
    0x080010bc   0x080010bc   0x00000030   Code   RO         4606    i.EDP_PacketPing    edpkit.o
    0x080010ec   0x080010ec   0x000001cc   Code   RO         4608    i.EDP_PacketSaveData  edpkit.o
    0x080012b8   0x080012b8   0x000000d6   Code   RO         4609    i.EDP_UnPacketCmd   edpkit.o
    0x0800138e   0x0800138e   0x00000006   Code   RO         4610    i.EDP_UnPacketConnectRsp  edpkit.o
    0x08001394   0x08001394   0x000000b0   Code   RO         4611    i.EDP_UnPacketPushData  edpkit.o
    0x08001444   0x08001444   0x00000006   Code   RO         4612    i.EDP_UnPacketRecv  edpkit.o
    0x0800144a   0x0800144a   0x00000002   PAD
    0x0800144c   0x0800144c   0x0000001c   Code   RO         3341    i.ESP8266_Clear     esp8266.o
    0x08001468   0x08001468   0x00000054   Code   RO         3343    i.ESP8266_GetIPD    esp8266.o
    0x080014bc   0x080014bc   0x000001b0   Code   RO         3344    i.ESP8266_Init      esp8266.o
    0x0800166c   0x0800166c   0x00000058   Code   RO         3346    i.ESP8266_SendCmd   esp8266.o
    0x080016c4   0x080016c4   0x00000048   Code   RO         3347    i.ESP8266_SendData  esp8266.o
    0x0800170c   0x0800170c   0x00000034   Code   RO         3348    i.ESP8266_WaitRecive  esp8266.o
    0x08001740   0x08001740   0x0000005c   Code   RO         2782    i.EXTI3_IRQHandler  stm32f10x_it.o
    0x0800179c   0x0800179c   0x0000000c   Code   RO          556    i.EXTI_ClearITPendingBit  stm32f10x_exti.o
    0x080017a8   0x080017a8   0x00000010   Code   RO          558    i.EXTI_GenerateSWInterrupt  stm32f10x_exti.o
    0x080017b8   0x080017b8   0x00000028   Code   RO          560    i.EXTI_GetITStatus  stm32f10x_exti.o
    0x080017e0   0x080017e0   0x00000094   Code   RO          561    i.EXTI_Init         stm32f10x_exti.o
    0x08001874   0x08001874   0x00000098   Code   RO         2854    i.FIFO_GPIO_Config  bsp_ov7725.o
    0x0800190c   0x0800190c   0x0000019c   Code   RO         3122    i.FindSCR           bsp_sdio_sdcard.o
    0x08001aa8   0x08001aa8   0x00000050   Code   RO         3123    i.GPIO_Configuration  bsp_sdio_sdcard.o
    0x08001af8   0x08001af8   0x00000040   Code   RO          906    i.GPIO_EXTILineConfig  stm32f10x_gpio.o
    0x08001b38   0x08001b38   0x00000116   Code   RO          909    i.GPIO_Init         stm32f10x_gpio.o
    0x08001c4e   0x08001c4e   0x00000002   PAD
    0x08001c50   0x08001c50   0x00000090   Code   RO          911    i.GPIO_PinRemapConfig  stm32f10x_gpio.o
    0x08001ce0   0x08001ce0   0x00000012   Code   RO          913    i.GPIO_ReadInputDataBit  stm32f10x_gpio.o
    0x08001cf2   0x08001cf2   0x00000004   Code   RO          916    i.GPIO_ResetBits    stm32f10x_gpio.o
    0x08001cf6   0x08001cf6   0x00000004   Code   RO          917    i.GPIO_SetBits      stm32f10x_gpio.o
    0x08001cfa   0x08001cfa   0x00000004   Code   RO         2783    i.HardFault_Handler  stm32f10x_it.o
    0x08001cfe   0x08001cfe   0x00000002   PAD
    0x08001d00   0x08001d00   0x00000040   Code   RO         2584    i.Hardware_Init     main.o
    0x08001d40   0x08001d40   0x00000264   Code   RO         3440    i.JPEG_encode       encode.o
    0x08001fa4   0x08001fa4   0x00000060   Code   RO         3012    i.LED_GPIO_Config   bsp_led.o
    0x08002004   0x08002004   0x00000004   Code   RO         2784    i.MemManage_Handler  stm32f10x_it.o
    0x08002008   0x08002008   0x0000008c   Code   RO         2585    i.NET_Event_CallBack  main.o
    0x08002094   0x08002094   0x00000002   Code   RO         2785    i.NMI_Handler       stm32f10x_it.o
    0x08002096   0x08002096   0x00000028   Code   RO         3125    i.NVIC_Configuration  bsp_sdio_sdcard.o
    0x080020be   0x080020be   0x00000002   PAD
    0x080020c0   0x080020c0   0x00000070   Code   RO          125    i.NVIC_Init         misc.o
    0x08002130   0x08002130   0x00000014   Code   RO          126    i.NVIC_PriorityGroupConfig  misc.o
    0x08002144   0x08002144   0x00000078   Code   RO         2586    i.Net_Task          main.o
    0x080021bc   0x080021bc   0x00000068   Code   RO         2856    i.OV7725_Brightness  bsp_ov7725.o
    0x08002224   0x08002224   0x0000002e   Code   RO         2857    i.OV7725_Color_Saturation  bsp_ov7725.o
    0x08002252   0x08002252   0x00000028   Code   RO         2858    i.OV7725_Contrast   bsp_ov7725.o
    0x0800227a   0x0800227a   0x00000010   Code   RO         2859    i.OV7725_GPIO_Config  bsp_ov7725.o
    0x0800228a   0x0800228a   0x00000002   PAD
    0x0800228c   0x0800228c   0x00000068   Code   RO         2860    i.OV7725_Init       bsp_ov7725.o
    0x080022f4   0x080022f4   0x0000011a   Code   RO         2861    i.OV7725_Light_Mode  bsp_ov7725.o
    0x0800240e   0x0800240e   0x000000c4   Code   RO         2862    i.OV7725_Special_Effect  bsp_ov7725.o
    0x080024d2   0x080024d2   0x000000e8   Code   RO         2863    i.OV7725_Window_Set  bsp_ov7725.o
    0x080025ba   0x080025ba   0x00000018   Code   RO         4713    i.OneNET_CmdHandle  onenet.o
    0x080025d2   0x080025d2   0x00000002   PAD
    0x080025d4   0x080025d4   0x000002cc   Code   RO         4714    i.OneNet_DevLink    onenet.o
    0x080028a0   0x080028a0   0x00000060   Code   RO         4715    i.OneNet_FillBuf    onenet.o
    0x08002900   0x08002900   0x00000240   Code   RO         4716    i.OneNet_RevPro     onenet.o
    0x08002b40   0x08002b40   0x000000a4   Code   RO         4717    i.OneNet_SendData   onenet.o
    0x08002be4   0x08002be4   0x00000170   Code   RO         4718    i.OneNet_SendData_Picture  onenet.o
    0x08002d54   0x08002d54   0x000000b0   Code   RO         2587    i.OneNet_SendPhoto  main.o
    0x08002e04   0x08002e04   0x00000074   Code   RO         4719    i.OneNet_Send_heart  onenet.o
    0x08002e78   0x08002e78   0x00000020   Code   RO         1324    i.RCC_AHBPeriphClockCmd  stm32f10x_rcc.o
    0x08002e98   0x08002e98   0x00000020   Code   RO         1325    i.RCC_APB1PeriphClockCmd  stm32f10x_rcc.o
    0x08002eb8   0x08002eb8   0x00000020   Code   RO         1327    i.RCC_APB2PeriphClockCmd  stm32f10x_rcc.o
    0x08002ed8   0x08002ed8   0x000000d4   Code   RO         1335    i.RCC_GetClocksFreq  stm32f10x_rcc.o
    0x08002fac   0x08002fac   0x0000003e   Code   RO         4613    i.ReadRemainlen     edpkit.o
    0x08002fea   0x08002fea   0x00000016   Code   RO         2588    i.ReceiveCmdTask    main.o
    0x08003000   0x08003000   0x00000038   Code   RO         2948    i.SCCB_Ack          bsp_sccb.o
    0x08003038   0x08003038   0x00000040   Code   RO         2949    i.SCCB_GPIO_Config  bsp_sccb.o
    0x08003078   0x08003078   0x00000038   Code   RO         2950    i.SCCB_NoAck        bsp_sccb.o
    0x080030b0   0x080030b0   0x0000007a   Code   RO         2951    i.SCCB_ReadByte     bsp_sccb.o
    0x0800312a   0x0800312a   0x00000002   PAD
    0x0800312c   0x0800312c   0x00000054   Code   RO         2952    i.SCCB_ReceiveByte  bsp_sccb.o
    0x08003180   0x08003180   0x00000058   Code   RO         2953    i.SCCB_SendByte     bsp_sccb.o
    0x080031d8   0x080031d8   0x00000054   Code   RO         2954    i.SCCB_Start        bsp_sccb.o
    0x0800322c   0x0800322c   0x00000038   Code   RO         2955    i.SCCB_Stop         bsp_sccb.o
    0x08003264   0x08003264   0x0000004c   Code   RO         2956    i.SCCB_WaitAck      bsp_sccb.o
    0x080032b0   0x080032b0   0x00000040   Code   RO         2957    i.SCCB_WriteByte    bsp_sccb.o
    0x080032f0   0x080032f0   0x00000010   Code   RO         2958    i.SCCB_delay        bsp_sccb.o
    0x08003300   0x08003300   0x0000011c   Code   RO         3126    i.SDEnWideBus       bsp_sdio_sdcard.o
    0x0800341c   0x0800341c   0x0000000c   Code   RO         1524    i.SDIO_ClearFlag    stm32f10x_sdio.o
    0x08003428   0x08003428   0x0000000c   Code   RO         1525    i.SDIO_ClearITPendingBit  stm32f10x_sdio.o
    0x08003434   0x08003434   0x0000000c   Code   RO         1526    i.SDIO_ClockCmd     stm32f10x_sdio.o
    0x08003440   0x08003440   0x0000000c   Code   RO         1529    i.SDIO_DMACmd       stm32f10x_sdio.o
    0x0800344c   0x0800344c   0x00000030   Code   RO         1530    i.SDIO_DataConfig   stm32f10x_sdio.o
    0x0800347c   0x0800347c   0x00000024   Code   RO         1532    i.SDIO_DeInit       stm32f10x_sdio.o
    0x080034a0   0x080034a0   0x0000000c   Code   RO         1533    i.SDIO_GetCommandResponse  stm32f10x_sdio.o
    0x080034ac   0x080034ac   0x00000018   Code   RO         1536    i.SDIO_GetFlagStatus  stm32f10x_sdio.o
    0x080034c4   0x080034c4   0x00000010   Code   RO         1538    i.SDIO_GetPowerState  stm32f10x_sdio.o
    0x080034d4   0x080034d4   0x00000018   Code   RO         1539    i.SDIO_GetResponse  stm32f10x_sdio.o
    0x080034ec   0x080034ec   0x00000008   Code   RO         2786    i.SDIO_IRQHandler   stm32f10x_it.o
    0x080034f4   0x080034f4   0x00000020   Code   RO         1540    i.SDIO_ITConfig     stm32f10x_sdio.o
    0x08003514   0x08003514   0x00000030   Code   RO         1541    i.SDIO_Init         stm32f10x_sdio.o
    0x08003544   0x08003544   0x0000000c   Code   RO         1542    i.SDIO_ReadData     stm32f10x_sdio.o
    0x08003550   0x08003550   0x0000002c   Code   RO         1544    i.SDIO_SendCommand  stm32f10x_sdio.o
    0x0800357c   0x0800357c   0x0000001c   Code   RO         1546    i.SDIO_SetPowerState  stm32f10x_sdio.o
    0x08003598   0x08003598   0x00000010   Code   RO         3127    i.SD_DMAEndOfTransferStatus  bsp_sdio_sdcard.o
    0x080035a8   0x080035a8   0x00000064   Code   RO         3128    i.SD_DMA_RxConfig   bsp_sdio_sdcard.o
    0x0800360c   0x0800360c   0x00000064   Code   RO         3129    i.SD_DMA_TxConfig   bsp_sdio_sdcard.o
    0x08003670   0x08003670   0x00000094   Code   RO         3131    i.SD_EnableWideBusOperation  bsp_sdio_sdcard.o
    0x08003704   0x08003704   0x000002cc   Code   RO         3133    i.SD_GetCardInfo    bsp_sdio_sdcard.o
    0x080039d0   0x080039d0   0x0000001a   Code   RO         3135    i.SD_GetState       bsp_sdio_sdcard.o
    0x080039ea   0x080039ea   0x0000001e   Code   RO         3136    i.SD_GetStatus      bsp_sdio_sdcard.o
    0x08003a08   0x08003a08   0x00000074   Code   RO         3138    i.SD_Init           bsp_sdio_sdcard.o
    0x08003a7c   0x08003a7c   0x0000013c   Code   RO         3139    i.SD_InitializeCards  bsp_sdio_sdcard.o
    0x08003bb8   0x08003bb8   0x00000188   Code   RO         3141    i.SD_PowerON        bsp_sdio_sdcard.o
    0x08003d40   0x08003d40   0x00000058   Code   RO         3142    i.SD_ProcessIRQSrc  bsp_sdio_sdcard.o
    0x08003d98   0x08003d98   0x000000e8   Code   RO         3144    i.SD_ReadMultiBlocks  bsp_sdio_sdcard.o
    0x08003e80   0x08003e80   0x00000034   Code   RO         3145    i.SD_SelectDeselect  bsp_sdio_sdcard.o
    0x08003eb4   0x08003eb4   0x00000038   Code   RO         3147    i.SD_SendStatus     bsp_sdio_sdcard.o
    0x08003eec   0x08003eec   0x00000034   Code   RO         3149    i.SD_WaitReadOperation  bsp_sdio_sdcard.o
    0x08003f20   0x08003f20   0x0000003c   Code   RO         3150    i.SD_WaitWriteOperation  bsp_sdio_sdcard.o
    0x08003f5c   0x08003f5c   0x00000148   Code   RO         3152    i.SD_WriteMultiBlocks  bsp_sdio_sdcard.o
    0x080040a4   0x080040a4   0x00000008   Code   RO           24    i.SetSysClock       system_stm32f10x.o
    0x080040ac   0x080040ac   0x000000e0   Code   RO           25    i.SetSysClockTo72   system_stm32f10x.o
    0x0800418c   0x0800418c   0x00000014   Code   RO         2787    i.SysTick_Handler   stm32f10x_it.o
    0x080041a0   0x080041a0   0x00000060   Code   RO           27    i.SystemInit        system_stm32f10x.o
    0x08004200   0x08004200   0x00000018   Code   RO         3087    i.TimingDelay_Decrement  bsp_systick.o
    0x08004218   0x08004218   0x0000004c   Code   RO         3350    i.USART3_IRQHandler  esp8266.o
    0x08004264   0x08004264   0x00000012   Code   RO         2401    i.USART_ClearFlag   stm32f10x_usart.o
    0x08004276   0x08004276   0x00000018   Code   RO         2405    i.USART_Cmd         stm32f10x_usart.o
    0x0800428e   0x0800428e   0x00000002   PAD
    0x08004290   0x08004290   0x00000080   Code   RO         3024    i.USART_Config      bsp_usart.o
    0x08004310   0x08004310   0x0000001a   Code   RO         2408    i.USART_GetFlagStatus  stm32f10x_usart.o
    0x0800432a   0x0800432a   0x00000054   Code   RO         2409    i.USART_GetITStatus  stm32f10x_usart.o
    0x0800437e   0x0800437e   0x0000004a   Code   RO         2411    i.USART_ITConfig    stm32f10x_usart.o
    0x080043c8   0x080043c8   0x000000d8   Code   RO         2412    i.USART_Init        stm32f10x_usart.o
    0x080044a0   0x080044a0   0x00000008   Code   RO         2422    i.USART_SendData    stm32f10x_usart.o
    0x080044a8   0x080044a8   0x00000004   Code   RO         2788    i.UsageFault_Handler  stm32f10x_it.o
    0x080044ac   0x080044ac   0x000000b8   Code   RO         3027    i.Usart3_Init       bsp_usart.o
    0x08004564   0x08004564   0x00000048   Code   RO         3028    i.UsartPrintf       bsp_usart.o
    0x080045ac   0x080045ac   0x00000032   Code   RO         3029    i.Usart_SendString  bsp_usart.o
    0x080045de   0x080045de   0x00000002   PAD
    0x080045e0   0x080045e0   0x0000007c   Code   RO         2866    i.VSYNC_GPIO_Config  bsp_ov7725.o
    0x0800465c   0x0800465c   0x0000002e   Code   RO         4614    i.WriteRemainlen    edpkit.o
    0x0800468a   0x0800468a   0x00000002   PAD
    0x0800468c   0x0800468c   0x00000020   Code   RO         5755    i.__0printf         mc_w.l(printfa.o)
    0x080046ac   0x080046ac   0x00000028   Code   RO         5757    i.__0sprintf        mc_w.l(printfa.o)
    0x080046d4   0x080046d4   0x0000002c   Code   RO         5760    i.__0vsnprintf      mc_w.l(printfa.o)
    0x08004700   0x08004700   0x00000008   Code   RO         5864    i.__aeabi_errno_addr  mc_w.l(errno.o)
    0x08004708   0x08004708   0x0000000e   Code   RO         5920    i.__scatterload_copy  mc_w.l(handlers.o)
    0x08004716   0x08004716   0x00000002   Code   RO         5921    i.__scatterload_null  mc_w.l(handlers.o)
    0x08004718   0x08004718   0x0000000e   Code   RO         5922    i.__scatterload_zeroinit  mc_w.l(handlers.o)
    0x08004726   0x08004726   0x00000002   PAD
    0x08004728   0x08004728   0x00000184   Code   RO         5762    i._fp_digits        mc_w.l(printfa.o)
    0x080048ac   0x080048ac   0x000006dc   Code   RO         5763    i._printf_core      mc_w.l(printfa.o)
    0x08004f88   0x08004f88   0x00000024   Code   RO         5764    i._printf_post_padding  mc_w.l(printfa.o)
    0x08004fac   0x08004fac   0x0000002e   Code   RO         5765    i._printf_pre_padding  mc_w.l(printfa.o)
    0x08004fda   0x08004fda   0x00000016   Code   RO         5766    i._snputc           mc_w.l(printfa.o)
    0x08004ff0   0x08004ff0   0x0000000a   Code   RO         5767    i._sputc            mc_w.l(printfa.o)
    0x08004ffa   0x08004ffa   0x00000026   Code   RO         3441    i.bit_num           encode.o
    0x08005020   0x08005020   0x00000090   Code   RO         4243    i.check_fs          ff.o
    0x080050b0   0x080050b0   0x00000014   Code   RO         4244    i.chk_chr           ff.o
    0x080050c4   0x080050c4   0x0000001a   Code   RO         4245    i.clust2sect        ff.o
    0x080050de   0x080050de   0x00000002   PAD
    0x080050e0   0x080050e0   0x000000a0   Code   RO         4246    i.cmp_lfn           ff.o
    0x08005180   0x08005180   0x000000d6   Code   RO         4247    i.create_chain      ff.o
    0x08005256   0x08005256   0x00000002   PAD
    0x08005258   0x08005258   0x00000230   Code   RO         4248    i.create_name       ff.o
    0x08005488   0x08005488   0x0000005c   Code   RO         4249    i.dir_alloc         ff.o
    0x080054e4   0x080054e4   0x000000ea   Code   RO         4250    i.dir_find          ff.o
    0x080055ce   0x080055ce   0x0000013a   Code   RO         4251    i.dir_next          ff.o
    0x08005708   0x08005708   0x0000012a   Code   RO         4253    i.dir_register      ff.o
    0x08005832   0x08005832   0x000000c8   Code   RO         4255    i.dir_sdi           ff.o
    0x080058fa   0x080058fa   0x0000002a   Code   RO         4194    i.disk_initialize   diskio.o
    0x08005924   0x08005924   0x00000054   Code   RO         4195    i.disk_ioctl        diskio.o
    0x08005978   0x08005978   0x000000ae   Code   RO         4196    i.disk_read         diskio.o
    0x08005a26   0x08005a26   0x0000001c   Code   RO         4197    i.disk_status       diskio.o
    0x08005a42   0x08005a42   0x000000b4   Code   RO         4198    i.disk_write        diskio.o
    0x08005af6   0x08005af6   0x00000002   PAD
    0x08005af8   0x08005af8   0x00000668   Code   RO         3442    i.dsp_fdct_8x8      encode.o
    0x08006160   0x08006160   0x00000020   Code   RO         4257    i.f_close           ff.o
    0x08006180   0x08006180   0x0000005c   Code   RO         4264    i.f_mount           ff.o
    0x080061dc   0x080061dc   0x0000017e   Code   RO         4265    i.f_open            ff.o
    0x0800635a   0x0800635a   0x000001d0   Code   RO         4270    i.f_read            ff.o
    0x0800652a   0x0800652a   0x000000b0   Code   RO         4274    i.f_sync            ff.o
    0x080065da   0x080065da   0x0000020c   Code   RO         4278    i.f_write           ff.o
    0x080067e6   0x080067e6   0x00000002   PAD
    0x080067e8   0x080067e8   0x0000004c   Code   RO         4566    i.ff_convert        ccsbcs.o
    0x08006834   0x08006834   0x0000005c   Code   RO         4567    i.ff_wtoupper       ccsbcs.o
    0x08006890   0x08006890   0x000003d8   Code   RO         4279    i.find_volume       ff.o
    0x08006c68   0x08006c68   0x00000080   Code   RO         4280    i.fit_lfn           ff.o
    0x08006ce8   0x08006ce8   0x00000090   Code   RO         4281    i.follow_path       ff.o
    0x08006d78   0x08006d78   0x00000024   Code   RO         3031    i.fputc             bsp_usart.o
    0x08006d9c   0x08006d9c   0x00000050   Code   RO         5783    i.free              mc_w.l(malloc.o)
    0x08006dec   0x08006dec   0x000000b4   Code   RO         4282    i.gen_numname       ff.o
    0x08006ea0   0x08006ea0   0x0000013e   Code   RO         4283    i.get_fat           ff.o
    0x08006fde   0x08006fde   0x00000002   PAD
    0x08006fe0   0x08006fe0   0x00000008   Code   RO         4199    i.get_fattime       diskio.o
    0x08006fe8   0x08006fe8   0x0000004a   Code   RO         4285    i.get_ldnumber      ff.o
    0x08007032   0x08007032   0x00000002   PAD
    0x08007034   0x08007034   0x0000003c   Code   RO         4615    i.hexdump           edpkit.o
    0x08007070   0x08007070   0x000000c8   Code   RO         3443    i.jhuff_encode_one_block  encode.o
    0x08007138   0x08007138   0x00000088   Code   RO         3444    i.jhuff_flush_buffer  encode.o
    0x080071c0   0x080071c0   0x00000088   Code   RO         3445    i.jhuff_write_bits  encode.o
    0x08007248   0x08007248   0x000000a4   Code   RO         3446    i.jint_add_huff_table  encode.o
    0x080072ec   0x080072ec   0x00000068   Code   RO         3447    i.jint_add_quant_table  encode.o
    0x08007354   0x08007354   0x000000b4   Code   RO         3448    i.jint_calc_huff_tbl  encode.o
    0x08007408   0x08007408   0x00000154   Code   RO         3449    i.jint_process_mcu  encode.o
    0x0800755c   0x0800755c   0x00000140   Code   RO         3450    i.jint_process_rows  encode.o
    0x0800769c   0x0800769c   0x00000068   Code   RO         3451    i.jint_std_huff_tables  encode.o
    0x08007704   0x08007704   0x00000028   Code   RO         3452    i.jint_std_quant_tables  encode.o
    0x0800772c   0x0800772c   0x00000020   Code   RO         3453    i.jmkr_write_end    encode.o
    0x0800774c   0x0800774c   0x000000f6   Code   RO         3454    i.jmkr_write_frame_head  encode.o
    0x08007842   0x08007842   0x0000015e   Code   RO         3455    i.jmkr_write_huff_table  encode.o
    0x080079a0   0x080079a0   0x0000001a   Code   RO         3456    i.jmkr_write_image_start  encode.o
    0x080079ba   0x080079ba   0x00000002   PAD
    0x080079bc   0x080079bc   0x00000020   Code   RO         3457    i.jmkr_write_jfif   encode.o
    0x080079dc   0x080079dc   0x00000074   Code   RO         3458    i.jmkr_write_quant_table  encode.o
    0x08007a50   0x08007a50   0x000000be   Code   RO         3459    i.jmkr_write_scan_head  encode.o
    0x08007b0e   0x08007b0e   0x0000002a   Code   RO         3460    i.jmkr_write_start  encode.o
    0x08007b38   0x08007b38   0x0000010c   Code   RO         3461    i.jpeg_calc_value   encode.o
    0x08007c44   0x08007c44   0x00000070   Code   RO         3462    i.jpeg_finish_compress  encode.o
    0x08007cb4   0x08007cb4   0x00000074   Code   RO         3463    i.jpeg_set_default  encode.o
    0x08007d28   0x08007d28   0x00000034   Code   RO         3464    i.jpeg_start_compress  encode.o
    0x08007d5c   0x08007d5c   0x00000124   Code   RO         3465    i.jutl_cc_rgb2ycc   encode.o
    0x08007e80   0x08007e80   0x0000004c   Code   RO         3466    i.jutl_write_byte   encode.o
    0x08007ecc   0x08007ecc   0x00000030   Code   RO         3467    i.jutl_zigzag_sort  encode.o
    0x08007efc   0x08007efc   0x00000020   Code   RO         4286    i.ld_clust          ff.o
    0x08007f1c   0x08007f1c   0x00000018   Code   RO         3422    i.mDelay            delay.o
    0x08007f34   0x08007f34   0x00000190   Code   RO         2589    i.main              main.o
    0x080080c4   0x080080c4   0x0000006c   Code   RO         5784    i.malloc            mc_w.l(malloc.o)
    0x08008130   0x08008130   0x00000026   Code   RO         4287    i.mem_cmp           ff.o
    0x08008156   0x08008156   0x0000001a   Code   RO         4288    i.mem_cpy           ff.o
    0x08008170   0x08008170   0x00000014   Code   RO         4289    i.mem_set           ff.o
    0x08008184   0x08008184   0x00000034   Code   RO         4290    i.move_window       ff.o
    0x080081b8   0x080081b8   0x00000098   Code   RO         4793    i.prvAddCurrentTaskToDelayedList  tasks.o
    0x08008250   0x08008250   0x00000098   Code   RO         4794    i.prvAddNewTaskToReadyList  tasks.o
    0x080082e8   0x080082e8   0x00000064   Code   RO         4795    i.prvCheckTasksWaitingTermination  tasks.o
    0x0800834c   0x0800834c   0x00000012   Code   RO         4796    i.prvDeleteTCB      tasks.o
    0x0800835e   0x0800835e   0x00000002   PAD
    0x08008360   0x08008360   0x0000007c   Code   RO         5454    i.prvHeapInit       heap_4.o
    0x080083dc   0x080083dc   0x0000001c   Code   RO         4797    i.prvIdleTask       tasks.o
    0x080083f8   0x080083f8   0x00000090   Code   RO         4798    i.prvInitialiseNewTask  tasks.o
    0x08008488   0x08008488   0x00000068   Code   RO         4799    i.prvInitialiseTaskLists  tasks.o
    0x080084f0   0x080084f0   0x00000068   Code   RO         5455    i.prvInsertBlockIntoFreeList  heap_4.o
    0x08008558   0x08008558   0x00000034   Code   RO         4800    i.prvResetNextTaskUnblockTime  tasks.o
    0x0800858c   0x0800858c   0x00000016   Code   RO         5384    i.prvTaskExitError  port.o
    0x080085a2   0x080085a2   0x00000188   Code   RO         4292    i.put_fat           ff.o
    0x0800872a   0x0800872a   0x00000002   PAD
    0x0800872c   0x0800872c   0x000000d0   Code   RO         5456    i.pvPortMalloc      heap_4.o
    0x080087fc   0x080087fc   0x00000024   Code   RO         5385    i.pxPortInitialiseStack  port.o
    0x08008820   0x08008820   0x0000006c   Code   RO         3351    i.reLink            esp8266.o
    0x0800888c   0x0800888c   0x0000006c   Code   RO         4294    i.remove_chain      ff.o
    0x080088f8   0x080088f8   0x00000010   Code   RO         4295    i.st_clust          ff.o
    0x08008908   0x08008908   0x00000020   Code   RO         4296    i.sum_sfn           ff.o
    0x08008928   0x08008928   0x000000c8   Code   RO         4297    i.sync_fs           ff.o
    0x080089f0   0x080089f0   0x00000052   Code   RO         4298    i.sync_window       ff.o
    0x08008a42   0x08008a42   0x00000028   Code   RO         5264    i.uxListRemove      list.o
    0x08008a6a   0x08008a6a   0x0000001a   Code   RO         5265    i.vListInitialise   list.o
    0x08008a84   0x08008a84   0x00000006   Code   RO         5266    i.vListInitialiseItem  list.o
    0x08008a8a   0x08008a8a   0x00000034   Code   RO         5267    i.vListInsert       list.o
    0x08008abe   0x08008abe   0x00000018   Code   RO         5268    i.vListInsertEnd    list.o
    0x08008ad6   0x08008ad6   0x00000002   PAD
    0x08008ad8   0x08008ad8   0x00000024   Code   RO         5387    i.vPortEnterCritical  port.o
    0x08008afc   0x08008afc   0x00000020   Code   RO         5388    i.vPortExitCritical  port.o
    0x08008b1c   0x08008b1c   0x00000048   Code   RO         5457    i.vPortFree         heap_4.o
    0x08008b64   0x08008b64   0x00000014   Code   RO         5389    i.vPortSetupTimerInterrupt  port.o
    0x08008b78   0x08008b78   0x00000034   Code   RO         4810    i.vTaskDelay        tasks.o
    0x08008bac   0x08008bac   0x00000064   Code   RO         4822    i.vTaskStartScheduler  tasks.o
    0x08008c10   0x08008c10   0x00000010   Code   RO         4824    i.vTaskSuspendAll   tasks.o
    0x08008c20   0x08008c20   0x00000060   Code   RO         4825    i.vTaskSwitchContext  tasks.o
    0x08008c80   0x08008c80   0x00000032   Code   RO         4299    i.validate          ff.o
    0x08008cb2   0x08008cb2   0x00000002   PAD
    0x08008cb4   0x08008cb4   0x00000034   Code   RO         5390    i.xPortStartScheduler  port.o
    0x08008ce8   0x08008ce8   0x00000034   Code   RO         5391    i.xPortSysTickHandler  port.o
    0x08008d1c   0x08008d1c   0x00000060   Code   RO         4827    i.xTaskCreate       tasks.o
    0x08008d7c   0x08008d7c   0x00000020   Code   RO         4831    i.xTaskGetSchedulerState  tasks.o
    0x08008d9c   0x08008d9c   0x000000e8   Code   RO         4834    i.xTaskIncrementTick  tasks.o
    0x08008e84   0x08008e84   0x000000d4   Code   RO         4840    i.xTaskResumeAll    tasks.o
    0x08008f58   0x08008f58   0x000002f2   Data   RO         3469    .constdata          encode.o
    0x0800924a   0x0800924a   0x000000ba   Data   RO         4300    .constdata          ff.o
    0x08009304   0x08009304   0x000008b8   Data   RO         4568    .constdata          ccsbcs.o
    0x08009bbc   0x08009bbc   0x00000081   Data   RO         5887    .constdata          mc_w.l(ctype_o.o)
    0x08009c3d   0x08009c3d   0x00000003   PAD
    0x08009c40   0x08009c40   0x00000004   Data   RO         5888    .constdata          mc_w.l(ctype_o.o)
    0x08009c44   0x08009c44   0x00000020   Data   RO         5918    Region$$Table       anon$$obj.o


    Execution Region RW_IRAM1 (Exec base: 0x20000000, Load base: 0x08009c64, Size: 0x0000ede0, Max: 0x00010000, ABSOLUTE, COMPRESSED[0x000000c8])

    Exec Addr    Load Addr    Size         Type   Attr      Idx    E Section Name        Object

    0x20000000   COMPRESSED   0x00000014   Data   RW         1355    .data               stm32f10x_rcc.o
    0x20000014   COMPRESSED   0x00000014   Data   RW         2592    .data               main.o
    0x20000028   COMPRESSED   0x000000b0   Data   RW         2868    .data               bsp_ov7725.o
    0x200000d8   COMPRESSED   0x00000008   Data   RW         3088    .data               bsp_systick.o
    0x200000e0   COMPRESSED   0x00000014   Data   RW         3155    .data               bsp_sdio_sdcard.o
    0x200000f4   COMPRESSED   0x00000004   Data   RW         3353    .data               esp8266.o
    0x200000f8   COMPRESSED   0x00000012   Data   RW         3470    .data               encode.o
    0x2000010a   COMPRESSED   0x00000002   PAD
    0x2000010c   COMPRESSED   0x0000000a   Data   RW         4301    .data               ff.o
    0x20000116   COMPRESSED   0x0000000b   Data   RW         4721    .data               onenet.o
    0x20000121   COMPRESSED   0x00000003   PAD
    0x20000124   COMPRESSED   0x0000003c   Data   RW         4843    .data               tasks.o
    0x20000160   COMPRESSED   0x00000004   Data   RW         5392    .data               port.o
    0x20000164   COMPRESSED   0x00000018   Data   RW         5462    .data               heap_4.o
    0x2000017c   COMPRESSED   0x00000004   Data   RW         5851    .data               mc_w.l(stdout.o)
    0x20000180   COMPRESSED   0x00000004   Data   RW         5862    .data               mc_w.l(mvars.o)
    0x20000184   COMPRESSED   0x00000004   Data   RW         5863    .data               mc_w.l(mvars.o)
    0x20000188   COMPRESSED   0x00000004   Data   RW         5867    .data               mc_w.l(errno.o)
    0x2000018c        -       0x0000106e   Zero   RW         2590    .bss                main.o
    0x200011fa   COMPRESSED   0x00000002   PAD
    0x200011fc        -       0x000000c4   Zero   RW         3154    .bss                bsp_sdio_sdcard.o
    0x200012c0        -       0x00000400   Zero   RW         3352    .bss                esp8266.o
    0x200016c0        -       0x00002248   Zero   RW         3468    .bss                encode.o
    0x20003908        -       0x0000140c   Zero   RW         4720    .bss                onenet.o
    0x20004d14        -       0x000000c8   Zero   RW         4842    .bss                tasks.o
    0x20004ddc        -       0x00002000   Zero   RW         5461    .bss                heap_4.o
    0x20006ddc   COMPRESSED   0x00000004   PAD
    0x20006de0        -       0x00007000   Zero   RW            2    HEAP                startup_stm32f10x_hd.o
    0x2000dde0        -       0x00001000   Zero   RW            1    STACK               startup_stm32f10x_hd.o



  Load Region LR$$.ARM.__AT_0x68000000 (Base: 0x68000000, Size: 0x00000000, Max: 0x00030000, ABSOLUTE)

    Execution Region ER$$.ARM.__AT_0x68000000 (Exec base: 0x68000000, Load base: 0x68000000, Size: 0x00030000, Max: 0x00030000, ABSOLUTE, UNINIT)

    Exec Addr    Load Addr    Size         Type   Attr      Idx    E Section Name        Object

    0x68000000        -       0x00030000   Zero   RW         3652    .ARM.__AT_0x68000000  malloc.o



  Load Region LR$$.ARM.__AT_0x68030000 (Base: 0x68030000, Size: 0x00000000, Max: 0x00003000, ABSOLUTE)

    Execution Region ER$$.ARM.__AT_0x68030000 (Exec base: 0x68030000, Load base: 0x68030000, Size: 0x00003000, Max: 0x00003000, ABSOLUTE, UNINIT)

    Exec Addr    Load Addr    Size         Type   Attr      Idx    E Section Name        Object

    0x68030000        -       0x00003000   Zero   RW         3653    .ARM.__AT_0x68030000  malloc.o


==============================================================================

Image component sizes


      Code (inc. data)   RO Data    RW Data    ZI Data      Debug   Object Name

        96          6          0          0          0        546   bsp_led.o
      1296         54          0        176          0       7188   bsp_ov7725.o
       766         34          0          0          0       6364   bsp_sccb.o
      4092        284          0         20        196      22352   bsp_sdio_sdcard.o
        24          6          0          8          0       1100   bsp_systick.o
       470         24          0          0          0       5602   bsp_usart.o
       168         14       2232          0          0       2479   ccsbcs.o
         0          0          0          0          0       4508   core_cm3.o
        24          0          0          0          0        497   delay.o
       516         10          0          0          0       6293   diskio.o
      1622         18          0          0          0      11710   edpkit.o
      6012        292        754         18       8776      30848   encode.o
       940        372          0          4       1024       5928   esp8266.o
      6808         70        186         10          0      34507   ff.o
       508         62          0         24       8192       3935   heap_4.o
       148          0          0          0          0       3182   list.o
       922        314          0         20       4206      28213   main.o
         0          0          0          0     208896       1661   malloc.o
       132         22          0          0          0       1591   misc.o
      2060        926          0         11       5132       8028   onenet.o
       400         50          0          4          0       9336   port.o
        36          8        304          0      32768        872   startup_stm32f10x_hd.o
       156         18          0          0          0       3997   stm32f10x_dma.o
       216         22          0          0          0       2727   stm32f10x_exti.o
       512         10          0          0          0       5232   stm32f10x_gpio.o
       140         14          0          0          0      10116   stm32f10x_it.o
       308         38          0         20          0       5110   stm32f10x_rcc.o
       372         86          0          0          0       9959   stm32f10x_sdio.o
       450          6          0          0          0       6311   stm32f10x_usart.o
       328         28          0          0          0     251521   system_stm32f10x.o
      1586        254          0         60        200      22122   tasks.o
         0          0          0          0          0       1472   timers.o

    ----------------------------------------------------------------------
     31154       3042       3508        380     269396     515307   Object Totals
         0          0         32          0          0          0   (incl. Generated)
        46          0          0          5          6          0   (incl. Padding)

    ----------------------------------------------------------------------

      Code (inc. data)   RO Data    RW Data    ZI Data      Debug   Library Member Name

        58          0          0          0          0          0   __dczerorl.o
        28          0          0          0          0         68   _chval.o
       158          0          0          0          0         92   _strtoul.o
        26          0          0          0          0         80   atoi.o
         8          4        133          0          0         68   ctype_o.o
         0          0          0          0          0          0   entry.o
         0          0          0          0          0          0   entry10a.o
         0          0          0          0          0          0   entry11a.o
         8          4          0          0          0          0   entry2.o
         4          0          0          0          0          0   entry5.o
         0          0          0          0          0          0   entry7b.o
         0          0          0          0          0          0   entry8b.o
         8          4          0          0          0          0   entry9a.o
         8          4          0          4          0         68   errno.o
        30          0          0          0          0          0   handlers.o
        36          8          0          0          0         68   init.o
         0          0          0          0          0          0   iusefp.o
        30          0          0          0          0         68   llshl.o
        36          0          0          0          0         68   llsshr.o
        32          0          0          0          0         68   llushr.o
       188         20          0          0          0        160   malloc.o
        36          0          0          0          0         68   memcpya.o
        36          0          0          0          0        108   memseta.o
         0          0          0          8          0          0   mvars.o
      2374        100          0          0          0        752   printfa.o
         0          0          0          4          0          0   stdout.o
        24          0          0          0          0         68   strcat.o
        20          0          0          0          0         68   strchr.o
        14          0          0          0          0         68   strlen.o
        40          0          0          0          0         76   strncat.o
        36          0          0          0          0         80   strstr.o
       112          0          0          0          0         88   strtol.o
        44          0          0          0          0         80   uidiv.o
        98          0          0          0          0         92   uldiv.o
        48          0          0          0          0         68   cdrcmple.o
       334          0          0          0          0        148   dadd.o
       222          0          0          0          0        100   ddiv.o
       186          0          0          0          0        176   depilogue.o
        62          0          0          0          0         80   dfixi.o
        48          0          0          0          0         68   dfixul.o
       228          0          0          0          0         96   dmul.o
        38          0          0          0          0         68   f2d.o
       176          0          0          0          0        140   fadd.o
       124          0          0          0          0         88   fdiv.o
       110          0          0          0          0        168   fepilogue.o
        40          0          0          0          0         68   ffixui.o
        18          0          0          0          0         68   fflti.o
        10          0          0          0          0         68   ffltui.o
       100          0          0          0          0         76   fmul.o

    ----------------------------------------------------------------------
      5238        144        136         16          0       3836   Library Totals
         2          0          3          0          0          0   (incl. Padding)

    ----------------------------------------------------------------------

      Code (inc. data)   RO Data    RW Data    ZI Data      Debug   Library Name

      3492        144        133         16          0       2356   mc_w.l
      1744          0          0          0          0       1480   mf_w.l

    ----------------------------------------------------------------------
      5238        144        136         16          0       3836   Library Totals

    ----------------------------------------------------------------------

==============================================================================


      Code (inc. data)   RO Data    RW Data    ZI Data      Debug   

     36392       3186       3644        396     269396     504607   Grand Totals
     36392       3186       3644        200     269396     504607   ELF Image Totals (compressed)
     36392       3186       3644        200          0          0   ROM Totals

==============================================================================

    Total RO  Size (Code + RO Data)                40036 (  39.10kB)
    Total RW  Size (RW Data + ZI Data)            269792 ( 263.47kB)
    Total ROM Size (Code + RO Data + RW Data)      40236 (  39.29kB)

==============================================================================

