Component: ARM Compiler 5.06 update 6 (build 750) Tool: armlink [4d35ed]

==============================================================================

Section Cross References

    startup_stm32f10x_hd.o(RESET) refers to startup_stm32f10x_hd.o(STACK) for __initial_sp
    startup_stm32f10x_hd.o(RESET) refers to startup_stm32f10x_hd.o(.text) for Reset_Handler
    startup_stm32f10x_hd.o(RESET) refers to stm32f10x_it.o(i.NMI_Handler) for NMI_Handler
    startup_stm32f10x_hd.o(RESET) refers to stm32f10x_it.o(i.HardFault_Handler) for HardFault_Handler
    startup_stm32f10x_hd.o(RESET) refers to stm32f10x_it.o(i.MemManage_Handler) for MemManage_Handler
    startup_stm32f10x_hd.o(RESET) refers to stm32f10x_it.o(i.BusFault_Handler) for BusFault_Handler
    startup_stm32f10x_hd.o(RESET) refers to stm32f10x_it.o(i.UsageFault_Handler) for UsageFault_Handler
    startup_stm32f10x_hd.o(RESET) refers to port.o(.emb_text) for SVC_Handler
    startup_stm32f10x_hd.o(RESET) refers to stm32f10x_it.o(i.DebugMon_Handler) for DebugMon_Handler
    startup_stm32f10x_hd.o(RESET) refers to stm32f10x_it.o(i.SysTick_Handler) for SysTick_Handler
    startup_stm32f10x_hd.o(RESET) refers to stm32f10x_it.o(i.EXTI3_IRQHandler) for EXTI3_IRQHandler
    startup_stm32f10x_hd.o(RESET) refers to stm32f10x_it.o(i.SDIO_IRQHandler) for SDIO_IRQHandler
    startup_stm32f10x_hd.o(.text) refers to system_stm32f10x.o(i.SystemInit) for SystemInit
    startup_stm32f10x_hd.o(.text) refers to entry.o(.ARM.Collect$$$$00000000) for __main
    system_stm32f10x.o(i.SetSysClock) refers to system_stm32f10x.o(i.SetSysClockTo72) for SetSysClockTo72
    system_stm32f10x.o(i.SystemCoreClockUpdate) refers to system_stm32f10x.o(.data) for SystemCoreClock
    system_stm32f10x.o(i.SystemInit) refers to system_stm32f10x.o(i.SetSysClock) for SetSysClock
    stm32f10x_bkp.o(i.BKP_DeInit) refers to stm32f10x_rcc.o(i.RCC_BackupResetCmd) for RCC_BackupResetCmd
    stm32f10x_cec.o(i.CEC_DeInit) refers to stm32f10x_rcc.o(i.RCC_APB1PeriphResetCmd) for RCC_APB1PeriphResetCmd
    stm32f10x_dac.o(i.DAC_DeInit) refers to stm32f10x_rcc.o(i.RCC_APB1PeriphResetCmd) for RCC_APB1PeriphResetCmd
    stm32f10x_flash.o(i.FLASH_EnableWriteProtection) refers to stm32f10x_flash.o(i.FLASH_WaitForLastOperation) for FLASH_WaitForLastOperation
    stm32f10x_flash.o(i.FLASH_EraseAllBank1Pages) refers to stm32f10x_flash.o(i.FLASH_WaitForLastBank1Operation) for FLASH_WaitForLastBank1Operation
    stm32f10x_flash.o(i.FLASH_EraseAllPages) refers to stm32f10x_flash.o(i.FLASH_WaitForLastOperation) for FLASH_WaitForLastOperation
    stm32f10x_flash.o(i.FLASH_EraseOptionBytes) refers to stm32f10x_flash.o(i.FLASH_GetReadOutProtectionStatus) for FLASH_GetReadOutProtectionStatus
    stm32f10x_flash.o(i.FLASH_EraseOptionBytes) refers to stm32f10x_flash.o(i.FLASH_WaitForLastOperation) for FLASH_WaitForLastOperation
    stm32f10x_flash.o(i.FLASH_ErasePage) refers to stm32f10x_flash.o(i.FLASH_WaitForLastOperation) for FLASH_WaitForLastOperation
    stm32f10x_flash.o(i.FLASH_ProgramHalfWord) refers to stm32f10x_flash.o(i.FLASH_WaitForLastOperation) for FLASH_WaitForLastOperation
    stm32f10x_flash.o(i.FLASH_ProgramOptionByteData) refers to stm32f10x_flash.o(i.FLASH_WaitForLastOperation) for FLASH_WaitForLastOperation
    stm32f10x_flash.o(i.FLASH_ProgramWord) refers to stm32f10x_flash.o(i.FLASH_WaitForLastOperation) for FLASH_WaitForLastOperation
    stm32f10x_flash.o(i.FLASH_ReadOutProtection) refers to stm32f10x_flash.o(i.FLASH_WaitForLastOperation) for FLASH_WaitForLastOperation
    stm32f10x_flash.o(i.FLASH_UserOptionByteConfig) refers to stm32f10x_flash.o(i.FLASH_WaitForLastOperation) for FLASH_WaitForLastOperation
    stm32f10x_flash.o(i.FLASH_WaitForLastBank1Operation) refers to stm32f10x_flash.o(i.FLASH_GetBank1Status) for FLASH_GetBank1Status
    stm32f10x_flash.o(i.FLASH_WaitForLastOperation) refers to stm32f10x_flash.o(i.FLASH_GetBank1Status) for FLASH_GetBank1Status
    stm32f10x_gpio.o(i.GPIO_AFIODeInit) refers to stm32f10x_rcc.o(i.RCC_APB2PeriphResetCmd) for RCC_APB2PeriphResetCmd
    stm32f10x_gpio.o(i.GPIO_DeInit) refers to stm32f10x_rcc.o(i.RCC_APB2PeriphResetCmd) for RCC_APB2PeriphResetCmd
    stm32f10x_i2c.o(i.I2C_DeInit) refers to stm32f10x_rcc.o(i.RCC_APB1PeriphResetCmd) for RCC_APB1PeriphResetCmd
    stm32f10x_i2c.o(i.I2C_Init) refers to stm32f10x_rcc.o(i.RCC_GetClocksFreq) for RCC_GetClocksFreq
    stm32f10x_pwr.o(i.PWR_DeInit) refers to stm32f10x_rcc.o(i.RCC_APB1PeriphResetCmd) for RCC_APB1PeriphResetCmd
    stm32f10x_rcc.o(i.RCC_GetClocksFreq) refers to stm32f10x_rcc.o(.data) for APBAHBPrescTable
    stm32f10x_rcc.o(i.RCC_WaitForHSEStartUp) refers to stm32f10x_rcc.o(i.RCC_GetFlagStatus) for RCC_GetFlagStatus
    stm32f10x_spi.o(i.I2S_Init) refers to stm32f10x_rcc.o(i.RCC_GetClocksFreq) for RCC_GetClocksFreq
    stm32f10x_spi.o(i.SPI_I2S_DeInit) refers to stm32f10x_rcc.o(i.RCC_APB2PeriphResetCmd) for RCC_APB2PeriphResetCmd
[...]
    ILI9341_DispChar_EN                      0x08004895   Thumb Code   138  bsp_ili9341_lcd.o(i.ILI9341_DispChar_EN)
    ILI9341_DispStringLine_EN                0x0800492d   Thumb Code    92  bsp_ili9341_lcd.o(i.ILI9341_DispStringLine_EN)
    ILI9341_GramScan                         0x08004bad   Thumb Code   172  bsp_ili9341_lcd.o(i.ILI9341_GramScan)
    ILI9341_Init                             0x08004c65   Thumb Code    64  bsp_ili9341_lcd.o(i.ILI9341_Init)
    ILI9341_OpenWindow                       0x08004cb1   Thumb Code    88  bsp_ili9341_lcd.o(i.ILI9341_OpenWindow)
    ILI9341_Rst                              0x08004f39   Thumb Code    36  bsp_ili9341_lcd.o(i.ILI9341_Rst)
    ILI9341_Write_Cmd                        0x08004f61   Thumb Code     8  bsp_ili9341_lcd.o(i.ILI9341_Write_Cmd)
    ILI9341_Write_Data                       0x08004f69   Thumb Code     6  bsp_ili9341_lcd.o(i.ILI9341_Write_Data)
    ImagDisp                                 0x08004f75   Thumb Code   112  bsp_ov7725.o(i.ImagDisp)
    JPEG_encode                              0x08004fed   Thumb Code   472  encode.o(i.JPEG_encode)
    Key_Scan                                 0x08005251   Thumb Code    40  bsp_key.o(i.Key_Scan)
    LCD_GetFont                              0x08005279   Thumb Code     6  bsp_ili9341_lcd.o(i.LCD_GetFont)
    LCD_SetColors                            0x08005285   Thumb Code    10  bsp_ili9341_lcd.o(i.LCD_SetColors)
    LCD_SetFont                              0x08005299   Thumb Code     6  bsp_ili9341_lcd.o(i.LCD_SetFont)
    LED_GPIO_Config                          0x080052a5   Thumb Code    90  bsp_led.o(i.LED_GPIO_Config)
    M8266HostIf_GPIO_CS_RESET_Init           0x08005305   Thumb Code    84  m8266hostif_stm32xx.o(i.M8266HostIf_GPIO_CS_RESET_Init)
    M8266HostIf_Init                         0x0800535d   Thumb Code    12  m8266.o(i.M8266HostIf_Init)
    M8266HostIf_SPI_Init                     0x08005369   Thumb Code   138  m8266hostif_stm32xx.o(i.M8266HostIf_SPI_Init)
    M8266HostIf_SPI_SetSpeed                 0x080053fd   Thumb Code    36  m8266hostif_stm32xx.o(i.M8266HostIf_SPI_SetSpeed)
    M8266HostIf_Set_SPI_nCS_Pin              0x08005425   Thumb Code    20  m8266hostif_stm32xx.o(i.M8266HostIf_Set_SPI_nCS_Pin)
    M8266HostIf_Set_nRESET_Pin               0x0800543d   Thumb Code    24  m8266hostif_stm32xx.o(i.M8266HostIf_Set_nRESET_Pin)
    M8266HostIf_delay_us                     0x08005459   Thumb Code    12  m8266hostif_stm32xx.o(i.M8266HostIf_delay_us)
    M8266WIFI_Module_Hardware_Reset          0x08005465   Thumb Code    56  m8266wifi_ops.o(i.M8266WIFI_Module_Hardware_Reset)
    M8266WIFI_Module_Init_Via_SPI            0x0800549d   Thumb Code   224  m8266wifi_ops.o(i.M8266WIFI_Module_Init_Via_SPI)
    M8266WIFI_Module_delay_ms                0x080055a5   Thumb Code    36  m8266wifi_ops.o(i.M8266WIFI_Module_delay_ms)
    M8266WIFI_SPI_wait_sta_connecting_to_ap_and_get_ip 0x080055c9   Thumb Code    70  m8266wifi_ops.o(i.M8266WIFI_SPI_wait_sta_connecting_to_ap_and_get_ip)
    M8266_Clear                              0x08005619   Thumb Code    18  m8266.o(i.M8266_Clear)
    M8266_GetIPD                             0x08005635   Thumb Code    42  m8266.o(i.M8266_GetIPD)
    M8266_NetCheck                           0x08005671   Thumb Code   152  m8266.o(i.M8266_NetCheck)
    M8266_ReLink                             0x080057a5   Thumb Code    94  m8266.o(i.M8266_ReLink)
    M8266_init                               0x08005851   Thumb Code   220  m8266.o(i.M8266_init)
    MemManage_Handler                        0x08005979   Thumb Code     4  stm32f10x_it.o(i.MemManage_Handler)
    NMI_Handler                              0x0800597d   Thumb Code     2  stm32f10x_it.o(i.NMI_Handler)
    NVIC_Init                                0x080059a9   Thumb Code   100  misc.o(i.NVIC_Init)
    NVIC_PriorityGroupConfig                 0x08005a19   Thumb Code    10  misc.o(i.NVIC_PriorityGroupConfig)
    OV7725_Brightness                        0x08005ac1   Thumb Code   104  bsp_ov7725.o(i.OV7725_Brightness)
    OV7725_Color_Saturation                  0x08005b29   Thumb Code    46  bsp_ov7725.o(i.OV7725_Color_Saturation)
    OV7725_Contrast                          0x08005b57   Thumb Code    40  bsp_ov7725.o(i.OV7725_Contrast)
    OV7725_GPIO_Config                       0x08005b7f   Thumb Code    16  bsp_ov7725.o(i.OV7725_GPIO_Config)
    OV7725_Init                              0x08005b91   Thumb Code    96  bsp_ov7725.o(i.OV7725_Init)
    OV7725_Light_Mode                        0x08005bf9   Thumb Code   282  bsp_ov7725.o(i.OV7725_Light_Mode)
    OV7725_Special_Effect                    0x08005d13   Thumb Code   196  bsp_ov7725.o(i.OV7725_Special_Effect)
    OV7725_Window_Set                        0x08005dd7   Thumb Code   232  bsp_ov7725.o(i.OV7725_Window_Set)
    OneNET_CmdHandle                         0x08005ebf   Thumb Code    28  onenet.o(i.OneNET_CmdHandle)
    OneNet_DevLink                           0x08005edd   Thumb Code   246  onenet.o(i.OneNet_DevLink)
    OneNet_FillBuf                           0x080061b9   Thumb Code   210  onenet.o(i.OneNet_FillBuf)
    OneNet_RevPro                            0x080062f9   Thumb Code   470  onenet.o(i.OneNet_RevPro)
    OneNet_SendData                          0x080065ad   Thumb Code   120  onenet.o(i.OneNet_SendData)
    OneNet_SendData_Picture                  0x0800665d   Thumb Code   246  onenet.o(i.OneNet_SendData_Picture)
    OneNet_SendPhoto                         0x080067cd   Thumb Code    70  onenet.o(i.OneNet_SendPhoto)
    RCC_AHBPeriphClockCmd                    0x08006849   Thumb Code    26  stm32f10x_rcc.o(i.RCC_AHBPeriphClockCmd)
    RCC_APB2PeriphClockCmd                   0x08006869   Thumb Code    26  stm32f10x_rcc.o(i.RCC_APB2PeriphClockCmd)
    RCC_APB2PeriphResetCmd                   0x08006889   Thumb Code    26  stm32f10x_rcc.o(i.RCC_APB2PeriphResetCmd)
    RCC_GetClocksFreq                        0x080068a9   Thumb Code   192  stm32f10x_rcc.o(i.RCC_GetClocksFreq)
    ReadRemainlen                            0x0800697d   Thumb Code    62  edpkit.o(i.ReadRemainlen)
    SCCB_GPIO_Config                         0x08006a05   Thumb Code    60  bsp_sccb.o(i.SCCB_GPIO_Config)
    SCCB_ReadByte                            0x08006a7d   Thumb Code   122  bsp_sccb.o(i.SCCB_ReadByte)
    SCCB_WriteByte                           0x08006c7d   Thumb Code    64  bsp_sccb.o(i.SCCB_WriteByte)
    SDIO_ClearFlag                           0x08006de9   Thumb Code     6  stm32f10x_sdio.o(i.SDIO_ClearFlag)
    SDIO_ClearITPendingBit                   0x08006df5   Thumb Code     6  stm32f10x_sdio.o(i.SDIO_ClearITPendingBit)
    SDIO_ClockCmd                            0x08006e01   Thumb Code     6  stm32f10x_sdio.o(i.SDIO_ClockCmd)
    SDIO_DMACmd                              0x08006e0d   Thumb Code     6  stm32f10x_sdio.o(i.SDIO_DMACmd)
    SDIO_DataConfig                          0x08006e19   Thumb Code    42  stm32f10x_sdio.o(i.SDIO_DataConfig)
    SDIO_DeInit                              0x08006e49   Thumb Code    28  stm32f10x_sdio.o(i.SDIO_DeInit)
    SDIO_GetCommandResponse                  0x08006e6d   Thumb Code     8  stm32f10x_sdio.o(i.SDIO_GetCommandResponse)
    SDIO_GetFlagStatus                       0x08006e79   Thumb Code    20  stm32f10x_sdio.o(i.SDIO_GetFlagStatus)
    SDIO_GetPowerState                       0x08006e91   Thumb Code    10  stm32f10x_sdio.o(i.SDIO_GetPowerState)
    SDIO_GetResponse                         0x08006ea1   Thumb Code    20  stm32f10x_sdio.o(i.SDIO_GetResponse)
    SDIO_IRQHandler                          0x08006eb9   Thumb Code     8  stm32f10x_it.o(i.SDIO_IRQHandler)
    SDIO_ITConfig                            0x08006ec1   Thumb Code    26  stm32f10x_sdio.o(i.SDIO_ITConfig)
    SDIO_Init                                0x08006ee1   Thumb Code    42  stm32f10x_sdio.o(i.SDIO_Init)
    SDIO_ReadData                            0x08006f11   Thumb Code     6  stm32f10x_sdio.o(i.SDIO_ReadData)
    SDIO_SendCommand                         0x08006f1d   Thumb Code    38  stm32f10x_sdio.o(i.SDIO_SendCommand)
    SDIO_SetPowerState                       0x08006f49   Thumb Code    22  stm32f10x_sdio.o(i.SDIO_SetPowerState)
    SD_EnableWideBusOperation                0x0800703d   Thumb Code   140  bsp_sdio_sdcard.o(i.SD_EnableWideBusOperation)
    SD_GetCardInfo                           0x080070d1   Thumb Code   700  bsp_sdio_sdcard.o(i.SD_GetCardInfo)
    SD_GetState                              0x0800739d   Thumb Code    26  bsp_sdio_sdcard.o(i.SD_GetState)
    SD_GetStatus                             0x080073b7   Thumb Code    30  bsp_sdio_sdcard.o(i.SD_GetStatus)
    SD_Init                                  0x080073d5   Thumb Code   106  bsp_sdio_sdcard.o(i.SD_Init)
    SD_InitializeCards                       0x08007449   Thumb Code   294  bsp_sdio_sdcard.o(i.SD_InitializeCards)
    SD_PowerON                               0x08007585   Thumb Code   374  bsp_sdio_sdcard.o(i.SD_PowerON)
    SD_ProcessIRQSrc                         0x0800770d   Thumb Code    70  bsp_sdio_sdcard.o(i.SD_ProcessIRQSrc)
    SD_ReadMultiBlocks                       0x08007765   Thumb Code   202  bsp_sdio_sdcard.o(i.SD_ReadMultiBlocks)
    SD_SelectDeselect                        0x0800784d   Thumb Code    48  bsp_sdio_sdcard.o(i.SD_SelectDeselect)
    SD_SendStatus                            0x08007881   Thumb Code    46  bsp_sdio_sdcard.o(i.SD_SendStatus)
    SD_WaitReadOperation                     0x080078b9   Thumb Code    42  bsp_sdio_sdcard.o(i.SD_WaitReadOperation)
    SD_WaitWriteOperation                    0x080078ed   Thumb Code    50  bsp_sdio_sdcard.o(i.SD_WaitWriteOperation)
    SD_WriteMultiBlocks                      0x08007929   Thumb Code   294  bsp_sdio_sdcard.o(i.SD_WriteMultiBlocks)
    SPI_Cmd                                  0x08007a71   Thumb Code    24  stm32f10x_spi.o(i.SPI_Cmd)
    SPI_Init                                 0x08007a89   Thumb Code    60  stm32f10x_spi.o(i.SPI_Init)
    SysTick_Handler                          0x08007bad   Thumb Code    20  stm32f10x_it.o(i.SysTick_Handler)
    SystemInit                               0x08007bc1   Thumb Code    78  system_stm32f10x.o(i.SystemInit)
    TimingDelay_Decrement                    0x08007c21   Thumb Code    18  bsp_systick.o(i.TimingDelay_Decrement)
    USART_Cmd                                0x08007c39   Thumb Code    24  stm32f10x_usart.o(i.USART_Cmd)
    USART_Config                             0x08007c51   Thumb Code   120  bsp_usart.o(i.USART_Config)
    USART_GetFlagStatus                      0x08007cd1   Thumb Code    26  stm32f10x_usart.o(i.USART_GetFlagStatus)
    USART_Init                               0x08007ced   Thumb Code   210  stm32f10x_usart.o(i.USART_Init)
    USART_SendData                           0x08007dc5   Thumb Code     8  stm32f10x_usart.o(i.USART_SendData)
    UsageFault_Handler                       0x08007dcd   Thumb Code     4  stm32f10x_it.o(i.UsageFault_Handler)
    UsartPrintf                              0x08007dd1   Thumb Code    72  bsp_usart.o(i.UsartPrintf)
    WARNING                                  0x08007e95   Thumb Code   126  warning.o(i.WARNING)
    WriteRemainlen                           0x08007f19   Thumb Code    46  edpkit.o(i.WriteRemainlen)
    __0printf                                0x08007f49   Thumb Code    22  printfa.o(i.__0printf)
    __1printf                                0x08007f49   Thumb Code     0  printfa.o(i.__0printf)
    __2printf                                0x08007f49   Thumb Code     0  printfa.o(i.__0printf)
    __c89printf                              0x08007f49   Thumb Code     0  printfa.o(i.__0printf)
    printf                                   0x08007f49   Thumb Code     0  printfa.o(i.__0printf)
    __0sprintf                               0x08007f69   Thumb Code    34  printfa.o(i.__0sprintf)
    __1sprintf                               0x08007f69   Thumb Code     0  printfa.o(i.__0sprintf)
    __2sprintf                               0x08007f69   Thumb Code     0  printfa.o(i.__0sprintf)
    __c89sprintf                             0x08007f69   Thumb Code     0  printfa.o(i.__0sprintf)
    sprintf                                  0x08007f69   Thumb Code     0  printfa.o(i.__0sprintf)
    __0vsnprintf                             0x08007f91   Thumb Code    40  printfa.o(i.__0vsnprintf)
    __1vsnprintf                             0x08007f91   Thumb Code     0  printfa.o(i.__0vsnprintf)
    __2vsnprintf                             0x08007f91   Thumb Code     0  printfa.o(i.__0vsnprintf)
    __c89vsnprintf                           0x08007f91   Thumb Code     0  printfa.o(i.__0vsnprintf)
    vsnprintf                                0x08007f91   Thumb Code     0  printfa.o(i.__0vsnprintf)
    __aeabi_errno_addr                       0x08007fbd   Thumb Code     4  errno.o(i.__aeabi_errno_addr)
    __rt_errno_addr                          0x08007fbd   Thumb Code     0  errno.o(i.__aeabi_errno_addr)
    __scatterload_copy                       0x08007fc5   Thumb Code    14  handlers.o(i.__scatterload_copy)
    __scatterload_null                       0x08007fd3   Thumb Code     2  handlers.o(i.__scatterload_null)
    __scatterload_zeroinit                   0x08007fd5   Thumb Code    14  handlers.o(i.__scatterload_zeroinit)
    bit_num                                  0x080088b7   Thumb Code    38  encode.o(i.bit_num)
    clust2sect                               0x08008981   Thumb Code    26  ff.o(i.clust2sect)
    disk_initialize                          0x080091b7   Thumb Code    42  diskio.o(i.disk_initialize)
    disk_ioctl                               0x080091e1   Thumb Code    78  diskio.o(i.disk_ioctl)
    disk_read                                0x08009235   Thumb Code   174  diskio.o(i.disk_read)
    disk_status                              0x080092e3   Thumb Code    28  diskio.o(i.disk_status)
    disk_write                               0x080092ff   Thumb Code   180  diskio.o(i.disk_write)
    dsp_fdct_8x8                             0x080093b5   Thumb Code  1636  encode.o(i.dsp_fdct_8x8)
    ee_WriteBytes                            0x08009a1d   Thumb Code   120  iic.o(i.ee_WriteBytes)
    f_close                                  0x08009aa1   Thumb Code    32  ff.o(i.f_close)
    f_mount                                  0x08009ac1   Thumb Code    86  ff.o(i.f_mount)
    f_open                                   0x08009b1d   Thumb Code   382  ff.o(i.f_open)
    f_read                                   0x08009c9b   Thumb Code   464  ff.o(i.f_read)
    f_sync                                   0x08009e6b   Thumb Code   176  ff.o(i.f_sync)
    f_write                                  0x08009f1b   Thumb Code   524  ff.o(i.f_write)
    ff_convert                               0x0800a129   Thumb Code    70  ccsbcs.o(i.ff_convert)
    ff_wtoupper                              0x0800a175   Thumb Code    84  ccsbcs.o(i.ff_wtoupper)
    fputc                                    0x0800a6b9   Thumb Code    32  bsp_usart.o(i.fputc)
    free                                     0x0800a6dd   Thumb Code    76  malloc.o(i.free)
    get_fat                                  0x0800a7e1   Thumb Code   318  ff.o(i.get_fat)
    get_fattime                              0x0800a921   Thumb Code     4  diskio.o(i.get_fattime)
    hexdump                                  0x0800a975   Thumb Code    46  edpkit.o(i.hexdump)
    i2c_SendByte                             0x0800a9c1   Thumb Code    80  iic.o(i.i2c_SendByte)
    i2c_Start                                0x0800aa15   Thumb Code    42  iic.o(i.i2c_Start)
    i2c_Stop                                 0x0800aa45   Thumb Code    28  iic.o(i.i2c_Stop)
    i2c_WaitAck                              0x0800aa65   Thumb Code    56  iic.o(i.i2c_WaitAck)
    jhuff_encode_one_block                   0x0800aaa1   Thumb Code   200  encode.o(i.jhuff_encode_one_block)
    jhuff_flush_buffer                       0x0800ab69   Thumb Code   126  encode.o(i.jhuff_flush_buffer)
    jhuff_write_bits                         0x0800abf1   Thumb Code   128  encode.o(i.jhuff_write_bits)
    jint_add_huff_table                      0x0800ac79   Thumb Code   160  encode.o(i.jint_add_huff_table)
    jint_add_quant_table                     0x0800ad1d   Thumb Code    96  encode.o(i.jint_add_quant_table)
    jint_calc_huff_tbl                       0x0800ad85   Thumb Code   172  encode.o(i.jint_calc_huff_tbl)
    jint_process_mcu                         0x0800ae39   Thumb Code   332  encode.o(i.jint_process_mcu)
    jint_process_rows                        0x0800af8d   Thumb Code   320  encode.o(i.jint_process_rows)
    jint_std_huff_tables                     0x0800b0cd   Thumb Code    70  encode.o(i.jint_std_huff_tables)
    jint_std_quant_tables                    0x0800b135   Thumb Code    30  encode.o(i.jint_std_quant_tables)
    jmkr_write_end                           0x0800b15d   Thumb Code    32  encode.o(i.jmkr_write_end)
    jmkr_write_frame_head                    0x0800b17d   Thumb Code   246  encode.o(i.jmkr_write_frame_head)
    jmkr_write_huff_table                    0x0800b273   Thumb Code   350  encode.o(i.jmkr_write_huff_table)
    jmkr_write_image_start                   0x0800b3d1   Thumb Code    26  encode.o(i.jmkr_write_image_start)
    jmkr_write_jfif                          0x0800b3ed   Thumb Code    28  encode.o(i.jmkr_write_jfif)
    jmkr_write_quant_table                   0x0800b40d   Thumb Code   116  encode.o(i.jmkr_write_quant_table)
    jmkr_write_scan_head                     0x0800b481   Thumb Code   190  encode.o(i.jmkr_write_scan_head)
    jmkr_write_start                         0x0800b53f   Thumb Code    42  encode.o(i.jmkr_write_start)
    jpeg_calc_value                          0x0800b569   Thumb Code   262  encode.o(i.jpeg_calc_value)
    jpeg_finish_compress                     0x0800b675   Thumb Code   112  encode.o(i.jpeg_finish_compress)
    jpeg_set_default                         0x0800b6e5   Thumb Code   112  encode.o(i.jpeg_set_default)
    jpeg_start_compress                      0x0800b759   Thumb Code    52  encode.o(i.jpeg_start_compress)
    jutl_cc_rgb2ycc                          0x0800b78d   Thumb Code   264  encode.o(i.jutl_cc_rgb2ycc)
    jutl_write_byte                          0x0800b8b1   Thumb Code    68  encode.o(i.jutl_write_byte)
    jutl_zigzag_sort                         0x0800b8fd   Thumb Code    44  encode.o(i.jutl_zigzag_sort)
    mDelay                                   0x0800b94d   Thumb Code    24  delay.o(i.mDelay)
    main                                     0x0800b965   Thumb Code   150  main.o(i.main)
    malloc                                   0x0800ba79   Thumb Code    92  malloc.o(i.malloc)
    put_fat                                  0x0800bf57   Thumb Code   392  ff.o(i.put_fat)
    pvPortMalloc                             0x0800c0e1   Thumb Code   188  heap_4.o(i.pvPortMalloc)
    pxPortInitialiseStack                    0x0800c1b1   Thumb Code    30  port.o(i.pxPortInitialiseStack)
    udelay                                   0x0800c38b   Thumb Code    30  delay.o(i.udelay)
    uxListRemove                             0x0800c3a9   Thumb Code    40  list.o(i.uxListRemove)
    vListInitialise                          0x0800c3d1   Thumb Code    26  list.o(i.vListInitialise)
    vListInitialiseItem                      0x0800c3eb   Thumb Code     6  list.o(i.vListInitialiseItem)
    vListInsert                              0x0800c3f1   Thumb Code    52  list.o(i.vListInsert)
    vListInsertEnd                           0x0800c425   Thumb Code    24  list.o(i.vListInsertEnd)
    vPortEnterCritical                       0x0800c43d   Thumb Code    30  port.o(i.vPortEnterCritical)
    vPortExitCritical                        0x0800c461   Thumb Code    28  port.o(i.vPortExitCritical)
    vPortFree                                0x0800c481   Thumb Code    64  heap_4.o(i.vPortFree)
    vPortSetupTimerInterrupt                 0x0800c4c9   Thumb Code    14  port.o(i.vPortSetupTimerInterrupt)
    vTaskDelay                               0x0800c4dd   Thumb Code    46  tasks.o(i.vTaskDelay)
    vTaskStartScheduler                      0x0800c511   Thumb Code    72  tasks.o(i.vTaskStartScheduler)
    vTaskSuspendAll                          0x0800c575   Thumb Code    12  tasks.o(i.vTaskSuspendAll)
    vTaskSwitchContext                       0x0800c585   Thumb Code    76  tasks.o(i.vTaskSwitchContext)
    xPortStartScheduler                      0x0800c619   Thumb Code    42  port.o(i.xPortStartScheduler)
    xPortSysTickHandler                      0x0800c64d   Thumb Code    46  port.o(i.xPortSysTickHandler)
    xTaskCreate                              0x0800c681   Thumb Code    96  tasks.o(i.xTaskCreate)
    xTaskGetSchedulerState                   0x0800c6e1   Thumb Code    24  tasks.o(i.xTaskGetSchedulerState)
    xTaskIncrementTick                       0x0800c701   Thumb Code   194  tasks.o(i.xTaskIncrementTick)
    xTaskResumeAll                           0x0800c7e9   Thumb Code   178  tasks.o(i.xTaskResumeAll)
    ASCII8x16_Table                          0x0800cbae   Data        1520  fonts.o(.constdata)
    ASCII16x24_Table                         0x0800d19e   Data        4560  fonts.o(.constdata)
    ASCII24x32_Table                         0x0800e36e   Data        9120  fonts.o(.constdata)
    __ctype_table                            0x08011080   Data         129  ctype_o.o(.constdata)
    cpu_name                                 0x0801116c   Data          16  M8266WIFIDrv_STM32F1xx.o(.rodata.cpu_name)
    Region$$Table$$Base                      0x08011184   Number         0  anon$$obj.o(Region$$Table)
    Region$$Table$$Limit                     0x080111a4   Number         0  anon$$obj.o(Region$$Table)
    Net_status                               0x20000014   Data           1  main.o(.data)
    time_count                               0x20000016   Data           2  main.o(.data)
    time_secend                              0x20000018   Data           4  main.o(.data)
    NetTask_Handler                          0x2000001c   Data           4  main.o(.data)
    ReceiveCmdTask_Handler                   0x20000020   Data           4  main.o(.data)
    CheckSensor_Handler                      0x20000024   Data           4  main.o(.data)
    cam_mode_test                            0x20000028   Data          20  bsp_ov7725.o(.data)
    cam_mode                                 0x2000003c   Data          20  bsp_ov7725.o(.data)
    Sensor_Config                            0x20000050   Data         154  bsp_ov7725.o(.data)
    OV7725_REG_NUM                           0x200000ea   Data           1  bsp_ov7725.o(.data)
    Ov7725_vsync                             0x200000eb   Data           1  bsp_ov7725.o(.data)
    g_ul_ms_ticks                            0x200000f0   Data           4  bsp_systick.o(.data)
    StopCondition                            0x200000fc   Data           4  bsp_sdio_sdcard.o(.data)
    TransferError                            0x20000100   Data           1  bsp_sdio_sdcard.o(.data)
    TransferEnd                              0x20000104   Data           4  bsp_sdio_sdcard.o(.data)
    fileW                                    0x20000110   Data           4  encode.o(.data)
    r                                        0x20000114   Data           1  encode.o(.data)
    g                                        0x20000115   Data           1  encode.o(.data)
    b                                        0x20000116   Data           1  encode.o(.data)
    photo_qulity                             0x20000118   Data           4  encode.o(.data)
    wr_pt                                    0x2000011c   Data           2  encode.o(.data)
    alarm_mode                               0x2000011e   Data           1  warning.o(.data)
    LCD_X_LENGTH                             0x20000120   Data           2  bsp_ili9341_lcd.o(.data)
    LCD_Y_LENGTH                             0x20000122   Data           2  bsp_ili9341_lcd.o(.data)
    LCD_SCAN_MODE                            0x20000124   Data           1  bsp_ili9341_lcd.o(.data)
    Font8x16                                 0x20000130   Data           8  fonts.o(.data)
    Font16x24                                0x20000138   Data           8  fonts.o(.data)
    Font24x32                                0x20000140   Data           8  fonts.o(.data)
    beepInfo                                 0x20000148   Data           1  beep.o(.data)
    heart_flag                               0x20000158   Data           1  onenet.o(.data)
    photo                                    0x20000159   Data           1  onenet.o(.data)
    bmpres                                   0x2000015a   Data           1  onenet.o(.data)
    temp_max                                 0x2000015c   Data           2  onenet.o(.data)
    temp_min                                 0x2000015e   Data           2  onenet.o(.data)
    humi_max                                 0x20000160   Data           1  onenet.o(.data)
    humi_min                                 0x20000161   Data           1  onenet.o(.data)
    fire                                     0x20000162   Data           1  onenet.o(.data)
    pxCurrentTCB                             0x20000168   Data           4  tasks.o(.data)
    received                                 0x200001c0   Data           2  m8266.o(.data)
    pre_received                             0x200001c2   Data           2  m8266.o(.data)
    total_received                           0x200001c4   Data           4  m8266.o(.data)
    MBytes                                   0x200001c8   Data           4  m8266.o(.data)
    link_status                              0x200001cc   Data           2  m8266.o(.data)
    link_no                                  0x200001ce   Data           1  m8266.o(.data)
    STA_Status                               0x200001cf   Data           1  m8266.o(.data)
    TCP_Status                               0x200001d0   Data           1  m8266.o(.data)
    __stdout                                 0x200001d4   Data           4  stdout.o(.data)
    __microlib_freelist                      0x200001d8   Data           4  mvars.o(.data)
    __microlib_freelist_initialised          0x200001dc   Data           4  mvars.o(.data)
    data_value                               0x200001f8   Data          10  main.o(.bss)
    SDCardInfo                               0x20000234   Data          80  bsp_sdio_sdcard.o(.bss)
    SDIO_InitStructure                       0x20000284   Data          24  bsp_sdio_sdcard.o(.bss)
    SDIO_CmdInitStructure                    0x2000029c   Data          20  bsp_sdio_sdcard.o(.bss)
    SDIO_DataInitStructure                   0x200002b0   Data          24  bsp_sdio_sdcard.o(.bss)
    JQUANT_TBL_2                             0x200002c8   Data         256  encode.o(.bss)
    JHUFF_TBL_4                              0x200003c8   Data        5192  encode.o(.bss)
    dcttab                                   0x20001810   Data        1536  encode.o(.bss)
    write_buf                                0x20002210   Data         512  encode.o(.bss)
    temp_dct1                                0x20002410   Data         256  encode.o(.bss)
    camera_buf                               0x20002510   Data        1000  onenet.o(.bss)
    bmpfsrc                                  0x200028f8   Data        4132  onenet.o(.bss)
    M8266buf                                 0x200069e4   Data         128  m8266.o(.bss)
    __heap_base                              0x20006ac8   Data           0  startup_stm32f10x_hd.o(HEAP)
    __heap_limit                             0x2000dcc8   Data           0  startup_stm32f10x_hd.o(HEAP)
    __initial_sp                             0x2000fcc8   Data           0  startup_stm32f10x_hd.o(STACK)
    mem2base                                 0x68000000   Data       196608  malloc.o(.ARM.__AT_0x68000000)
    mem2mapbase                              0x68030000   Data       12288  malloc.o(.ARM.__AT_0x68030000)



==============================================================================

Memory Map of the image

  Image Entry point : 0x08000131

  Load Region LR_IROM1 (Base: 0x08000000, Size: 0x0001139c, Max: 0x00080000, ABSOLUTE, COMPRESSED[0x000112a8])

    Execution Region ER_IROM1 (Exec base: 0x08000000, Load base: 0x08000000, Size: 0x000111a4, Max: 0x00080000, ABSOLUTE)

    Exec Addr    Load Addr    Size         Type   Attr      Idx    E Section Name        Object

    0x08000000   0x08000000   0x00000130   Data   RO            3    RESET               startup_stm32f10x_hd.o
    0x08000130   0x08000130   0x00000000   Code   RO         5842  * .ARM.Collect$$$$00000000  mc_w.l(entry.o)
    0x08000130   0x08000130   0x00000004   Code   RO         6174    .ARM.Collect$$$$00000001  mc_w.l(entry2.o)
    0x08000134   0x08000134   0x00000004   Code   RO         6177    .ARM.Collect$$$$00000004  mc_w.l(entry5.o)
    0x08000138   0x08000138   0x00000000   Code   RO         6179    .ARM.Collect$$$$00000008  mc_w.l(entry7b.o)
    0x08000138   0x08000138   0x00000000   Code   RO         6181    .ARM.Collect$$$$0000000A  mc_w.l(entry8b.o)
    0x08000138   0x08000138   0x00000008   Code   RO         6182    .ARM.Collect$$$$0000000B  mc_w.l(entry9a.o)
    0x08000140   0x08000140   0x00000000   Code   RO         6184    .ARM.Collect$$$$0000000D  mc_w.l(entry10a.o)
    0x08000140   0x08000140   0x00000000   Code   RO         6186    .ARM.Collect$$$$0000000F  mc_w.l(entry11a.o)
    0x08000140   0x08000140   0x00000004   Code   RO         6175    .ARM.Collect$$$$00002712  mc_w.l(entry2.o)
    0x08000144   0x08000144   0x00000096   Code   RO         5327    .emb_text           port.o
    0x080001da   0x080001da   0x00000002   PAD
    0x080001dc   0x080001dc   0x00000024   Code   RO            4    .text               startup_stm32f10x_hd.o
    0x08000200   0x08000200   0x00000024   Code   RO         5845    .text               mc_w.l(memcpya.o)
    0x08000224   0x08000224   0x00000024   Code   RO         5849    .text               mc_w.l(memseta.o)
    0x08000248   0x08000248   0x00000018   Code   RO         5851    .text               mc_w.l(strcat.o)
    0x08000260   0x08000260   0x00000024   Code   RO         5853    .text               mc_w.l(strstr.o)
    0x08000284   0x08000284   0x00000014   Code   RO         5855    .text               mc_w.l(strchr.o)
    0x08000298   0x08000298   0x0000000e   Code   RO         5857    .text               mc_w.l(strlen.o)
    0x080002a6   0x080002a6   0x0000001c   Code   RO         5859    .text               mc_w.l(strcmp.o)
    0x080002c2   0x080002c2   0x00000028   Code   RO         5861    .text               mc_w.l(strncat.o)
    0x080002ea   0x080002ea   0x0000001a   Code   RO         6154    .text               mc_w.l(atoi.o)
    0x08000304   0x08000304   0x000000b0   Code   RO         6156    .text               mf_w.l(fadd.o)
    0x080003b4   0x080003b4   0x00000064   Code   RO         6158    .text               mf_w.l(fmul.o)
    0x08000418   0x08000418   0x0000007c   Code   RO         6160    .text               mf_w.l(fdiv.o)
    0x08000494   0x08000494   0x0000014e   Code   RO         6162    .text               mf_w.l(dadd.o)
    0x080005e2   0x080005e2   0x00000012   Code   RO         6164    .text               mf_w.l(fflti.o)
    0x080005f4   0x080005f4   0x0000000a   Code   RO         6166    .text               mf_w.l(ffltui.o)
    0x080005fe   0x080005fe   0x00000028   Code   RO         6168    .text               mf_w.l(ffixui.o)
    0x08000626   0x08000626   0x0000003e   Code   RO         6170    .text               mf_w.l(dfixi.o)
    0x08000664   0x08000664   0x00000026   Code   RO         6172    .text               mf_w.l(f2d.o)
    0x0800068a   0x0800068a   0x0000002c   Code   RO         6189    .text               mc_w.l(uidiv.o)
    0x080006b6   0x080006b6   0x00000062   Code   RO         6191    .text               mc_w.l(uldiv.o)
    0x08000718   0x08000718   0x0000001e   Code   RO         6193    .text               mc_w.l(llshl.o)
    0x08000736   0x08000736   0x00000020   Code   RO         6195    .text               mc_w.l(llushr.o)
    0x08000756   0x08000756   0x00000024   Code   RO         6197    .text               mc_w.l(llsshr.o)
    0x0800077a   0x0800077a   0x00000070   Code   RO         6208    .text               mc_w.l(strtol.o)
    0x080007ea   0x080007ea   0x00000000   Code   RO         6210    .text               mc_w.l(iusefp.o)
    0x080007ea   0x080007ea   0x0000006e   Code   RO         6211    .text               mf_w.l(fepilogue.o)
    0x08000858   0x08000858   0x000000ba   Code   RO         6213    .text               mf_w.l(depilogue.o)
    0x08000912   0x08000912   0x000000e4   Code   RO         6215    .text               mf_w.l(dmul.o)
    0x080009f6   0x080009f6   0x000000de   Code   RO         6217    .text               mf_w.l(ddiv.o)
    0x08000ad4   0x08000ad4   0x00000030   Code   RO         6219    .text               mf_w.l(dfixul.o)
    0x08000b04   0x08000b04   0x00000030   Code   RO         6221    .text               mf_w.l(cdrcmple.o)
    0x08000b34   0x08000b34   0x00000024   Code   RO         6223    .text               mc_w.l(init.o)
    0x08000b58   0x08000b58   0x00000008   Code   RO         6225    .text               mc_w.l(ctype_o.o)
    0x08000b60   0x08000b60   0x0000009e   Code   RO         6253    .text               mc_w.l(_strtoul.o)
    0x08000bfe   0x08000bfe   0x0000001c   Code   RO         6255    .text               mc_w.l(_chval.o)
    0x08000c1a   0x08000c1a   0x0000003a   Code   RO         6265    .text               mc_w.l(__dczerorl.o)
    0x08000c54   0x08000c54   0x00000080   Code   RO         5674    .text.M8266HostIf_SPI_DMA_StartReceiveSendData  M8266WIFIDrv_STM32F1xx.a(M8266WIFIDrv_STM32F1xx.o)
    0x08000cd4   0x08000cd4   0x000000d4   Code   RO         5805    .text.M8266HostIf_SPI_Select  M8266WIFIDrv_STM32F1xx.a(M8266WIFIDrv_STM32F1xx.o)
    0x08000da8   0x08000da8   0x00000034   Code   RO         5675    .text.M8266HostIf_SPI_rrs  M8266WIFIDrv_STM32F1xx.a(M8266WIFIDrv_STM32F1xx.o)
    0x08000ddc   0x08000ddc   0x00000070   Code   RO         5676    .text.M8266HostIf_SPI_wrs  M8266WIFIDrv_STM32F1xx.a(M8266WIFIDrv_STM32F1xx.o)
    0x08000e4c   0x08000e4c   0x0000001a   Code   RO         5721    .text.M8266WIFI_SPI_Config_STA_Param  M8266WIFIDrv_STM32F1xx.a(M8266WIFIDrv_STM32F1xx.o)
    0x08000e66   0x08000e66   0x0000001a   Code   RO         5771    .text.M8266WIFI_SPI_Config_Tcp_Window_num  M8266WIFIDrv_STM32F1xx.a(M8266WIFIDrv_STM32F1xx.o)
    0x08000e80   0x08000e80   0x00000018   Code   RO         5753    .text.M8266WIFI_SPI_Delete_Connection  M8266WIFIDrv_STM32F1xx.a(M8266WIFIDrv_STM32F1xx.o)
    0x08000e98   0x08000e98   0x000000ae   Code   RO         5804    .text.M8266WIFI_SPI_Get_Module_Info  M8266WIFIDrv_STM32F1xx.a(M8266WIFIDrv_STM32F1xx.o)
    0x08000f46   0x08000f46   0x00000070   Code   RO         5715    .text.M8266WIFI_SPI_Get_Opmode  M8266WIFIDrv_STM32F1xx.a(M8266WIFIDrv_STM32F1xx.o)
    0x08000fb6   0x08000fb6   0x0000007a   Code   RO         5717    .text.M8266WIFI_SPI_Get_STA_Connection_Status  M8266WIFIDrv_STM32F1xx.a(M8266WIFIDrv_STM32F1xx.o)
    0x08001030   0x08001030   0x00000092   Code   RO         5736    .text.M8266WIFI_SPI_Get_STA_IP_Addr  M8266WIFIDrv_STM32F1xx.a(M8266WIFIDrv_STM32F1xx.o)
    0x080010c2   0x080010c2   0x0000001c   Code   RO         5702    .text.M8266WIFI_SPI_Has_DataReceived  M8266WIFIDrv_STM32F1xx.a(M8266WIFIDrv_STM32F1xx.o)
    0x080010de   0x080010de   0x00000002   PAD
    0x080010e0   0x080010e0   0x00000054   Code   RO         5681    .text.M8266WIFI_SPI_Interface_Communication_OK  M8266WIFIDrv_STM32F1xx.a(M8266WIFIDrv_STM32F1xx.o)
    0x08001134   0x08001134   0x00000072   Code   RO         5682    .text.M8266WIFI_SPI_Interface_Communication_Stress_Test  M8266WIFIDrv_STM32F1xx.a(M8266WIFIDrv_STM32F1xx.o)
    0x080011a6   0x080011a6   0x000000f4   Code   RO         5751    .text.M8266WIFI_SPI_Query_Connection  M8266WIFIDrv_STM32F1xx.a(M8266WIFIDrv_STM32F1xx.o)
    0x0800129a   0x0800129a   0x00000002   PAD
    0x0800129c   0x0800129c   0x00000250   Code   RO         5711    .text.M8266WIFI_SPI_Recv  M8266WIFIDrv_STM32F1xx.a(M8266WIFIDrv_STM32F1xx.o)
    0x080014ec   0x080014ec   0x0000001e   Code   RO         5712    .text.M8266WIFI_SPI_RecvData  M8266WIFIDrv_STM32F1xx.a(M8266WIFIDrv_STM32F1xx.o)
    0x0800150a   0x0800150a   0x00000002   PAD
    0x0800150c   0x0800150c   0x00000268   Code   RO         5726    .text.M8266WIFI_SPI_STA_Connect_Ap  M8266WIFIDrv_STM32F1xx.a(M8266WIFIDrv_STM32F1xx.o)
    0x08001774   0x08001774   0x000001f0   Code   RO         5724    .text.M8266WIFI_SPI_STA_Connect_Ap_Old  M8266WIFIDrv_STM32F1xx.a(M8266WIFIDrv_STM32F1xx.o)
    0x08001964   0x08001964   0x00000084   Code   RO         5725    .text.M8266WIFI_SPI_STA_DisConnect_Ap  M8266WIFIDrv_STM32F1xx.a(M8266WIFIDrv_STM32F1xx.o)
    0x080019e8   0x080019e8   0x0000015c   Code   RO         5740    .text.M8266WIFI_SPI_STA_Get_HostIP_by_HostName  M8266WIFIDrv_STM32F1xx.a(M8266WIFIDrv_STM32F1xx.o)
    0x08001b44   0x08001b44   0x000000ac   Code   RO         5737    .text.M8266WIFI_SPI_STA_Query_Current_SSID_And_RSSI  M8266WIFIDrv_STM32F1xx.a(M8266WIFIDrv_STM32F1xx.o)
    0x08001bf0   0x08001bf0   0x00000016   Code   RO         5742    .text.M8266WIFI_SPI_Send_Data  M8266WIFIDrv_STM32F1xx.a(M8266WIFIDrv_STM32F1xx.o)
    0x08001c06   0x08001c06   0x0000009c   Code   RO         5716    .text.M8266WIFI_SPI_Set_Opmode  M8266WIFIDrv_STM32F1xx.a(M8266WIFIDrv_STM32F1xx.o)
    0x08001ca2   0x08001ca2   0x00000002   PAD
    0x08001ca4   0x08001ca4   0x00000264   Code   RO         5756    .text.M8266WIFI_SPI_Setup_Connection  M8266WIFIDrv_STM32F1xx.a(M8266WIFIDrv_STM32F1xx.o)
    0x08001f08   0x08001f08   0x0000001c   Code   RO         5694    .text.M8266WIFI_SPI_Slave_Has_Response  M8266WIFIDrv_STM32F1xx.a(M8266WIFIDrv_STM32F1xx.o)
    0x08001f24   0x08001f24   0x0000001a   Code   RO         5703    .text.M8266WIFI_SPI_Status_Start_To_Rxd_Has_Been_Cleared  M8266WIFIDrv_STM32F1xx.a(M8266WIFIDrv_STM32F1xx.o)
    0x08001f3e   0x08001f3e   0x0000001c   Code   RO         5691    .text.M8266WIFI_SPI_TxdBuffer_Free  M8266WIFIDrv_STM32F1xx.a(M8266WIFIDrv_STM32F1xx.o)
    0x08001f5a   0x08001f5a   0x00000002   PAD
    0x08001f5c   0x08001f5c   0x0000011c   Code   RO         5720    .text.M8266WIFI_SPI_capstp  M8266WIFIDrv_STM32F1xx.a(M8266WIFIDrv_STM32F1xx.o)
    0x08002078   0x08002078   0x00000056   Code   RO         5686    .text.M8266WIFI_SPI_csb  M8266WIFIDrv_STM32F1xx.a(M8266WIFIDrv_STM32F1xx.o)
    0x080020ce   0x080020ce   0x00000002   PAD
    0x080020d0   0x080020d0   0x000000e0   Code   RO         5760    .text.M8266WIFI_SPI_ctpsp  M8266WIFIDrv_STM32F1xx.a(M8266WIFIDrv_STM32F1xx.o)
    0x080021b0   0x080021b0   0x00000196   Code   RO         5752    .text.M8266WIFI_SPI_dlodc  M8266WIFIDrv_STM32F1xx.a(M8266WIFIDrv_STM32F1xx.o)
    0x08002346   0x08002346   0x0000010c   Code   RO         5750    .text.M8266WIFI_SPI_qacal  M8266WIFIDrv_STM32F1xx.a(M8266WIFIDrv_STM32F1xx.o)
    0x08002452   0x08002452   0x0000001e   Code   RO         5678    .text.M8266WIFI_SPI_rra  M8266WIFIDrv_STM32F1xx.a(M8266WIFIDrv_STM32F1xx.o)
    0x08002470   0x08002470   0x0000003e   Code   RO         5705    .text.M8266WIFI_SPI_rru  M8266WIFIDrv_STM32F1xx.a(M8266WIFIDrv_STM32F1xx.o)
    0x080024ae   0x080024ae   0x00000002   PAD
    0x080024b0   0x080024b0   0x00000050   Code   RO         5706    .text.M8266WIFI_SPI_rrud  M8266WIFIDrv_STM32F1xx.a(M8266WIFIDrv_STM32F1xx.o)
    0x08002500   0x08002500   0x00000020   Code   RO         5683    .text.M8266WIFI_SPI_sbis  M8266WIFIDrv_STM32F1xx.a(M8266WIFIDrv_STM32F1xx.o)
    0x08002520   0x08002520   0x000002c4   Code   RO         5741    .text.M8266WIFI_SPI_sdfal  M8266WIFIDrv_STM32F1xx.a(M8266WIFIDrv_STM32F1xx.o)
    0x080027e4   0x080027e4   0x00000114   Code   RO         5739    .text.M8266WIFI_SPI_sptdt  M8266WIFIDrv_STM32F1xx.a(M8266WIFIDrv_STM32F1xx.o)
    0x080028f8   0x080028f8   0x00000184   Code   RO         5710    .text.M8266WIFI_SPI_srh  M8266WIFIDrv_STM32F1xx.a(M8266WIFIDrv_STM32F1xx.o)
    0x08002a7c   0x08002a7c   0x00000020   Code   RO         5677    .text.M8266WIFI_SPI_ssa  M8266WIFIDrv_STM32F1xx.a(M8266WIFIDrv_STM32F1xx.o)
    0x08002a9c   0x08002a9c   0x00000082   Code   RO         5684    .text.M8266WIFI_SPI_ssb  M8266WIFIDrv_STM32F1xx.a(M8266WIFIDrv_STM32F1xx.o)
    0x08002b1e   0x08002b1e   0x00000002   PAD
    0x08002b20   0x08002b20   0x000000cc   Code   RO         5789    .text.M8266WIFI_SPI_ssmd  M8266WIFIDrv_STM32F1xx.a(M8266WIFIDrv_STM32F1xx.o)
    0x08002bec   0x08002bec   0x000001c8   Code   RO         5738    .text.M8266WIFI_SPI_sstso  M8266WIFIDrv_STM32F1xx.a(M8266WIFIDrv_STM32F1xx.o)
    0x08002db4   0x08002db4   0x00000068   Code   RO         5696    .text.M8266WIFI_SPI_ssu  M8266WIFIDrv_STM32F1xx.a(M8266WIFIDrv_STM32F1xx.o)
    0x08002e1c   0x08002e1c   0x00000044   Code   RO         5698    .text.M8266WIFI_SPI_ssud  M8266WIFIDrv_STM32F1xx.a(M8266WIFIDrv_STM32F1xx.o)
    0x08002e60   0x08002e60   0x00000068   Code   RO         5697    .text.M8266WIFI_SPI_ssut  M8266WIFIDrv_STM32F1xx.a(M8266WIFIDrv_STM32F1xx.o)
    0x08002ec8   0x08002ec8   0x0000001c   Code   RO         5693    .text.M8266WIFI_SPI_tufs  M8266WIFIDrv_STM32F1xx.a(M8266WIFIDrv_STM32F1xx.o)
    0x08002ee4   0x08002ee4   0x0000003a   Code   RO         5688    .text.M8266WIFI_SPI_wsbsbs1  M8266WIFIDrv_STM32F1xx.a(M8266WIFIDrv_STM32F1xx.o)
    0x08002f1e   0x08002f1e   0x0000003e   Code   RO         5699    .text.M8266WIFI_SPI_wscbf  M8266WIFIDrv_STM32F1xx.a(M8266WIFIDrv_STM32F1xx.o)
    0x08002f5c   0x08002f5c   0x00000050   Code   RO         5709    .text.M8266WIFI_SPI_wscr  M8266WIFIDrv_STM32F1xx.a(M8266WIFIDrv_STM32F1xx.o)
    0x08002fac   0x08002fac   0x0000004c   Code   RO         5704    .text.M8266WIFI_SPI_wspsr  M8266WIFIDrv_STM32F1xx.a(M8266WIFIDrv_STM32F1xx.o)
    0x08002ff8   0x08002ff8   0x0000004c   Code   RO         5690    .text.M8266WIFI_SPI_wspss  M8266WIFIDrv_STM32F1xx.a(M8266WIFIDrv_STM32F1xx.o)
    0x08003044   0x08003044   0x0000003c   Code   RO         5708    .text.M8266WIFI_SPI_wsscbhud  M8266WIFIDrv_STM32F1xx.a(M8266WIFIDrv_STM32F1xx.o)
    0x08003080   0x08003080   0x0000004a   Code   RO         5707    .text.M8266WIFI_SPI_wsscrhd  M8266WIFIDrv_STM32F1xx.a(M8266WIFIDrv_STM32F1xx.o)
    0x080030ca   0x080030ca   0x0000003c   Code   RO         5701    .text.M8266WIFI_Wait_SPI_sfad  M8266WIFIDrv_STM32F1xx.a(M8266WIFIDrv_STM32F1xx.o)
    0x08003106   0x08003106   0x0000005a   Code   RO         5679    .text.fvcp          M8266WIFIDrv_STM32F1xx.a(M8266WIFIDrv_STM32F1xx.o)
    0x08003160   0x08003160   0x00000034   Code   RO         5680    .text.fvdnstap      M8266WIFIDrv_STM32F1xx.a(M8266WIFIDrv_STM32F1xx.o)
    0x08003194   0x08003194   0x00000020   Code   RO         4074    i.Beep_Set          beep.o
    0x080031b4   0x080031b4   0x00000004   Code   RO         2780    i.BusFault_Handler  stm32f10x_it.o
    0x080031b8   0x080031b8   0x000000b8   Code   RO         2854    i.CameraFous        bsp_ov7725.o
    0x08003270   0x08003270   0x00000058   Code   RO         2855    i.Camera_Init       bsp_ov7725.o
    0x080032c8   0x080032c8   0x00000034   Code   RO         2856    i.Camera_Set        bsp_ov7725.o
    0x080032fc   0x080032fc   0x0000005c   Code   RO         2857    i.Camera_Set_Test   bsp_ov7725.o
    0x08003358   0x08003358   0x00000020   Code   RO         2581    i.CheckNetWork_Task  main.o
    0x08003378   0x08003378   0x00000160   Code   RO         2582    i.CheckSensorTask   main.o
    0x080034d8   0x080034d8   0x000001bc   Code   RO         3661    i.Check_sensor      warning.o
    0x08003694   0x08003694   0x0000002c   Code   RO         3134    i.CmdError          bsp_sdio_sdcard.o
    0x080036c0   0x080036c0   0x00000028   Code   RO         3135    i.CmdResp1Error     bsp_sdio_sdcard.o
    0x080036e8   0x080036e8   0x0000004c   Code   RO         3136    i.CmdResp2Error     bsp_sdio_sdcard.o
    0x08003734   0x08003734   0x00000038   Code   RO         3137    i.CmdResp3Error     bsp_sdio_sdcard.o
    0x0800376c   0x0800376c   0x0000009c   Code   RO         3138    i.CmdResp6Error     bsp_sdio_sdcard.o
    0x08003808   0x08003808   0x0000004c   Code   RO         3139    i.CmdResp7Error     bsp_sdio_sdcard.o
    0x08003854   0x08003854   0x00000068   Code   RO         3662    i.DHT11_Check       warning.o
    0x080038bc   0x080038bc   0x0000002c   Code   RO         3695    i.DHT11_GPIO_Config  dht11.o
    0x080038e8   0x080038e8   0x00000014   Code   RO         3696    i.DHT11_Init        dht11.o
    0x080038fc   0x080038fc   0x0000001c   Code   RO         3697    i.DHT11_Mode_IPU    dht11.o
    0x08003918   0x08003918   0x00000024   Code   RO         3698    i.DHT11_Mode_Out_PP  dht11.o
    0x0800393c   0x0800393c   0x00000060   Code   RO         3699    i.DHT11_ReadByte    dht11.o
    0x0800399c   0x0800399c   0x000000a0   Code   RO         3700    i.DHT11_Read_TempAndHumidity  dht11.o
    0x08003a3c   0x08003a3c   0x00000014   Code   RO         3701    i.DHT11_delay_ms    dht11.o
    0x08003a50   0x08003a50   0x0000001c   Code   RO         3702    i.DHT11_delay_us    dht11.o
    0x08003a6c   0x08003a6c   0x0000001c   Code   RO          483    i.DMA_ClearFlag     stm32f10x_dma.o
    0x08003a88   0x08003a88   0x00000018   Code   RO          485    i.DMA_Cmd           stm32f10x_dma.o
    0x08003aa0   0x08003aa0   0x0000002c   Code   RO          488    i.DMA_GetFlagStatus  stm32f10x_dma.o
    0x08003acc   0x08003acc   0x0000003c   Code   RO          491    i.DMA_Init          stm32f10x_dma.o
    0x08003b08   0x08003b08   0x00000002   Code   RO         2781    i.DebugMon_Handler  stm32f10x_it.o
    0x08003b0a   0x08003b0a   0x00000002   PAD
    0x08003b0c   0x08003b0c   0x00000030   Code   RO         4097    i.Door_GPIO_Config  bsp_key.o
    0x08003b3c   0x08003b3c   0x0000001c   Code   RO         4538    i.EDP_DeleteBuffer  edpkit.o
    0x08003b58   0x08003b58   0x00000058   Code   RO         4539    i.EDP_NewBuffer     edpkit.o
    0x08003bb0   0x08003bb0   0x000000c0   Code   RO         4540    i.EDP_PacketCmdResp  edpkit.o
    0x08003c70   0x08003c70   0x000000ec   Code   RO         4541    i.EDP_PacketConnect1  edpkit.o
    0x08003d5c   0x08003d5c   0x000001cc   Code   RO         4545    i.EDP_PacketSaveData  edpkit.o
    0x08003f28   0x08003f28   0x000000d6   Code   RO         4546    i.EDP_UnPacketCmd   edpkit.o
    0x08003ffe   0x08003ffe   0x00000006   Code   RO         4547    i.EDP_UnPacketConnectRsp  edpkit.o
    0x08004004   0x08004004   0x000000b0   Code   RO         4548    i.EDP_UnPacketPushData  edpkit.o
    0x080040b4   0x080040b4   0x00000006   Code   RO         4549    i.EDP_UnPacketRecv  edpkit.o
    0x080040ba   0x080040ba   0x00000002   PAD
    0x080040bc   0x080040bc   0x0000005c   Code   RO         2782    i.EXTI3_IRQHandler  stm32f10x_it.o
    0x08004118   0x08004118   0x0000000c   Code   RO          556    i.EXTI_ClearITPendingBit  stm32f10x_exti.o
    0x08004124   0x08004124   0x00000010   Code   RO          558    i.EXTI_GenerateSWInterrupt  stm32f10x_exti.o
    0x08004134   0x08004134   0x00000028   Code   RO          560    i.EXTI_GetITStatus  stm32f10x_exti.o
    0x0800415c   0x0800415c   0x00000094   Code   RO          561    i.EXTI_Init         stm32f10x_exti.o
    0x080041f0   0x080041f0   0x00000098   Code   RO         2858    i.FIFO_GPIO_Config  bsp_ov7725.o
    0x08004288   0x08004288   0x00000034   Code   RO          794    i.FSMC_NORSRAMCmd   stm32f10x_fsmc.o
    0x080042bc   0x080042bc   0x000000e6   Code   RO          796    i.FSMC_NORSRAMInit  stm32f10x_fsmc.o
    0x080043a2   0x080043a2   0x00000002   PAD
    0x080043a4   0x080043a4   0x0000003c   Code   RO         4170    i.Fatfs_Init        ff.o
    0x080043e0   0x080043e0   0x0000019c   Code   RO         3140    i.FindSCR           bsp_sdio_sdcard.o
    0x0800457c   0x0800457c   0x0000005c   Code   RO         3663    i.Fire_Check        warning.o
    0x080045d8   0x080045d8   0x00000024   Code   RO         3752    i.Fire_Init         flame.o
    0x080045fc   0x080045fc   0x00000050   Code   RO         3141    i.GPIO_Configuration  bsp_sdio_sdcard.o
    0x0800464c   0x0800464c   0x00000040   Code   RO          906    i.GPIO_EXTILineConfig  stm32f10x_gpio.o
    0x0800468c   0x0800468c   0x00000116   Code   RO          909    i.GPIO_Init         stm32f10x_gpio.o
    0x080047a2   0x080047a2   0x00000012   Code   RO          913    i.GPIO_ReadInputDataBit  stm32f10x_gpio.o
    0x080047b4   0x080047b4   0x00000004   Code   RO          916    i.GPIO_ResetBits    stm32f10x_gpio.o
    0x080047b8   0x080047b8   0x00000004   Code   RO          917    i.GPIO_SetBits      stm32f10x_gpio.o
    0x080047bc   0x080047bc   0x0000000a   Code   RO          920    i.GPIO_WriteBit     stm32f10x_gpio.o
    0x080047c6   0x080047c6   0x00000004   Code   RO         2783    i.HardFault_Handler  stm32f10x_it.o
    0x080047ca   0x080047ca   0x00000002   PAD
    0x080047cc   0x080047cc   0x00000064   Code   RO         2584    i.Hardware_Init     main.o
    0x08004830   0x08004830   0x00000024   Code   RO         3863    i.ILI9341_BackLed_Control  bsp_ili9341_lcd.o
    0x08004854   0x08004854   0x0000002c   Code   RO         3864    i.ILI9341_Clear     bsp_ili9341_lcd.o
    0x08004880   0x08004880   0x00000012   Code   RO         3865    i.ILI9341_Delay     bsp_ili9341_lcd.o
    0x08004892   0x08004892   0x00000002   PAD
    0x08004894   0x08004894   0x00000098   Code   RO         3866    i.ILI9341_DispChar_EN  bsp_ili9341_lcd.o
    0x0800492c   0x0800492c   0x00000068   Code   RO         3867    i.ILI9341_DispStringLine_EN  bsp_ili9341_lcd.o
    0x08004994   0x08004994   0x0000005e   Code   RO         3873    i.ILI9341_FSMC_Config  bsp_ili9341_lcd.o
    0x080049f2   0x080049f2   0x00000020   Code   RO         3874    i.ILI9341_FillColor  bsp_ili9341_lcd.o
    0x08004a12   0x08004a12   0x00000002   PAD
    0x08004a14   0x08004a14   0x00000198   Code   RO         3875    i.ILI9341_GPIO_Config  bsp_ili9341_lcd.o
    0x08004bac   0x08004bac   0x000000b8   Code   RO         3877    i.ILI9341_GramScan  bsp_ili9341_lcd.o
    0x08004c64   0x08004c64   0x0000004c   Code   RO         3878    i.ILI9341_Init      bsp_ili9341_lcd.o
    0x08004cb0   0x08004cb0   0x00000058   Code   RO         3879    i.ILI9341_OpenWindow  bsp_ili9341_lcd.o
    0x08004d08   0x08004d08   0x00000230   Code   RO         3880    i.ILI9341_REG_Config  bsp_ili9341_lcd.o
    0x08004f38   0x08004f38   0x00000028   Code   RO         3883    i.ILI9341_Rst       bsp_ili9341_lcd.o
    0x08004f60   0x08004f60   0x00000008   Code   RO         3886    i.ILI9341_Write_Cmd  bsp_ili9341_lcd.o
    0x08004f68   0x08004f68   0x0000000c   Code   RO         3887    i.ILI9341_Write_Data  bsp_ili9341_lcd.o
    0x08004f74   0x08004f74   0x00000078   Code   RO         2859    i.ImagDisp          bsp_ov7725.o
    0x08004fec   0x08004fec   0x00000264   Code   RO         3388    i.JPEG_encode       encode.o
    0x08005250   0x08005250   0x00000028   Code   RO         4099    i.Key_Scan          bsp_key.o
    0x08005278   0x08005278   0x0000000c   Code   RO         3890    i.LCD_GetFont       bsp_ili9341_lcd.o
    0x08005284   0x08005284   0x00000014   Code   RO         3892    i.LCD_SetColors     bsp_ili9341_lcd.o
    0x08005298   0x08005298   0x0000000c   Code   RO         3893    i.LCD_SetFont       bsp_ili9341_lcd.o
    0x080052a4   0x080052a4   0x00000060   Code   RO         3030    i.LED_GPIO_Config   bsp_led.o
    0x08005304   0x08005304   0x00000058   Code   RO         5621    i.M8266HostIf_GPIO_CS_RESET_Init  m8266hostif_stm32xx.o
    0x0800535c   0x0800535c   0x0000000c   Code   RO         5447    i.M8266HostIf_Init  m8266.o
    0x08005368   0x08005368   0x00000094   Code   RO         5622    i.M8266HostIf_SPI_Init  m8266hostif_stm32xx.o
    0x080053fc   0x080053fc   0x00000028   Code   RO         5624    i.M8266HostIf_SPI_SetSpeed  m8266hostif_stm32xx.o
    0x08005424   0x08005424   0x00000018   Code   RO         5625    i.M8266HostIf_Set_SPI_nCS_Pin  m8266hostif_stm32xx.o
    0x0800543c   0x0800543c   0x0000001c   Code   RO         5626    i.M8266HostIf_Set_nRESET_Pin  m8266hostif_stm32xx.o
    0x08005458   0x08005458   0x0000000c   Code   RO         5627    i.M8266HostIf_delay_us  m8266hostif_stm32xx.o
    0x08005464   0x08005464   0x00000038   Code   RO         5509    i.M8266WIFI_Module_Hardware_Reset  m8266wifi_ops.o
    0x0800549c   0x0800549c   0x00000108   Code   RO         5510    i.M8266WIFI_Module_Init_Via_SPI  m8266wifi_ops.o
    0x080055a4   0x080055a4   0x00000024   Code   RO         5511    i.M8266WIFI_Module_delay_ms  m8266wifi_ops.o
    0x080055c8   0x080055c8   0x00000050   Code   RO         5512    i.M8266WIFI_SPI_wait_sta_connecting_to_ap_and_get_ip  m8266wifi_ops.o
    0x08005618   0x08005618   0x0000001c   Code   RO         5448    i.M8266_Clear       m8266.o
    0x08005634   0x08005634   0x0000003c   Code   RO         5449    i.M8266_GetIPD      m8266.o
    0x08005670   0x08005670   0x00000134   Code   RO         5450    i.M8266_NetCheck    m8266.o
    0x080057a4   0x080057a4   0x000000ac   Code   RO         5451    i.M8266_ReLink      m8266.o
    0x08005850   0x08005850   0x00000128   Code   RO         5454    i.M8266_init        m8266.o
    0x08005978   0x08005978   0x00000004   Code   RO         2784    i.MemManage_Handler  stm32f10x_it.o
    0x0800597c   0x0800597c   0x00000002   Code   RO         2785    i.NMI_Handler       stm32f10x_it.o
    0x0800597e   0x0800597e   0x00000028   Code   RO         3143    i.NVIC_Configuration  bsp_sdio_sdcard.o
    0x080059a6   0x080059a6   0x00000002   PAD
    0x080059a8   0x080059a8   0x00000070   Code   RO          125    i.NVIC_Init         misc.o
    0x08005a18   0x08005a18   0x00000014   Code   RO          126    i.NVIC_PriorityGroupConfig  misc.o
    0x08005a2c   0x08005a2c   0x00000094   Code   RO         2585    i.Net_Task          main.o
    0x08005ac0   0x08005ac0   0x00000068   Code   RO         2860    i.OV7725_Brightness  bsp_ov7725.o
    0x08005b28   0x08005b28   0x0000002e   Code   RO         2861    i.OV7725_Color_Saturation  bsp_ov7725.o
    0x08005b56   0x08005b56   0x00000028   Code   RO         2862    i.OV7725_Contrast   bsp_ov7725.o
    0x08005b7e   0x08005b7e   0x00000010   Code   RO         2863    i.OV7725_GPIO_Config  bsp_ov7725.o
    0x08005b8e   0x08005b8e   0x00000002   PAD
    0x08005b90   0x08005b90   0x00000068   Code   RO         2864    i.OV7725_Init       bsp_ov7725.o
    0x08005bf8   0x08005bf8   0x0000011a   Code   RO         2865    i.OV7725_Light_Mode  bsp_ov7725.o
    0x08005d12   0x08005d12   0x000000c4   Code   RO         2866    i.OV7725_Special_Effect  bsp_ov7725.o
    0x08005dd6   0x08005dd6   0x000000e8   Code   RO         2867    i.OV7725_Window_Set  bsp_ov7725.o
    0x08005ebe   0x08005ebe   0x0000001c   Code   RO         4650    i.OneNET_CmdHandle  onenet.o
    0x08005eda   0x08005eda   0x00000002   PAD
    0x08005edc   0x08005edc   0x000002dc   Code   RO         4651    i.OneNet_DevLink    onenet.o
    0x080061b8   0x080061b8   0x00000140   Code   RO         4652    i.OneNet_FillBuf    onenet.o
    0x080062f8   0x080062f8   0x000002b4   Code   RO         4653    i.OneNet_RevPro     onenet.o
    0x080065ac   0x080065ac   0x000000b0   Code   RO         4654    i.OneNet_SendData   onenet.o
    0x0800665c   0x0800665c   0x00000170   Code   RO         4655    i.OneNet_SendData_Picture  onenet.o
    0x080067cc   0x080067cc   0x0000007c   Code   RO         4656    i.OneNet_SendPhoto  onenet.o
    0x08006848   0x08006848   0x00000020   Code   RO         1324    i.RCC_AHBPeriphClockCmd  stm32f10x_rcc.o
    0x08006868   0x08006868   0x00000020   Code   RO         1327    i.RCC_APB2PeriphClockCmd  stm32f10x_rcc.o
    0x08006888   0x08006888   0x00000020   Code   RO         1328    i.RCC_APB2PeriphResetCmd  stm32f10x_rcc.o
    0x080068a8   0x080068a8   0x000000d4   Code   RO         1335    i.RCC_GetClocksFreq  stm32f10x_rcc.o
    0x0800697c   0x0800697c   0x0000003e   Code   RO         4550    i.ReadRemainlen     edpkit.o
    0x080069ba   0x080069ba   0x00000010   Code   RO         2586    i.ReceiveCmdTask    main.o
    0x080069ca   0x080069ca   0x00000002   PAD
    0x080069cc   0x080069cc   0x00000038   Code   RO         2966    i.SCCB_Ack          bsp_sccb.o
    0x08006a04   0x08006a04   0x00000040   Code   RO         2967    i.SCCB_GPIO_Config  bsp_sccb.o
    0x08006a44   0x08006a44   0x00000038   Code   RO         2968    i.SCCB_NoAck        bsp_sccb.o
    0x08006a7c   0x08006a7c   0x0000007a   Code   RO         2969    i.SCCB_ReadByte     bsp_sccb.o
    0x08006af6   0x08006af6   0x00000002   PAD
    0x08006af8   0x08006af8   0x00000054   Code   RO         2970    i.SCCB_ReceiveByte  bsp_sccb.o
    0x08006b4c   0x08006b4c   0x00000058   Code   RO         2971    i.SCCB_SendByte     bsp_sccb.o
    0x08006ba4   0x08006ba4   0x00000054   Code   RO         2972    i.SCCB_Start        bsp_sccb.o
    0x08006bf8   0x08006bf8   0x00000038   Code   RO         2973    i.SCCB_Stop         bsp_sccb.o
    0x08006c30   0x08006c30   0x0000004c   Code   RO         2974    i.SCCB_WaitAck      bsp_sccb.o
    0x08006c7c   0x08006c7c   0x00000040   Code   RO         2975    i.SCCB_WriteByte    bsp_sccb.o
    0x08006cbc   0x08006cbc   0x00000010   Code   RO         2976    i.SCCB_delay        bsp_sccb.o
    0x08006ccc   0x08006ccc   0x0000011c   Code   RO         3144    i.SDEnWideBus       bsp_sdio_sdcard.o
    0x08006de8   0x08006de8   0x0000000c   Code   RO         1524    i.SDIO_ClearFlag    stm32f10x_sdio.o
    0x08006df4   0x08006df4   0x0000000c   Code   RO         1525    i.SDIO_ClearITPendingBit  stm32f10x_sdio.o
    0x08006e00   0x08006e00   0x0000000c   Code   RO         1526    i.SDIO_ClockCmd     stm32f10x_sdio.o
    0x08006e0c   0x08006e0c   0x0000000c   Code   RO         1529    i.SDIO_DMACmd       stm32f10x_sdio.o
    0x08006e18   0x08006e18   0x00000030   Code   RO         1530    i.SDIO_DataConfig   stm32f10x_sdio.o
    0x08006e48   0x08006e48   0x00000024   Code   RO         1532    i.SDIO_DeInit       stm32f10x_sdio.o
    0x08006e6c   0x08006e6c   0x0000000c   Code   RO         1533    i.SDIO_GetCommandResponse  stm32f10x_sdio.o
    0x08006e78   0x08006e78   0x00000018   Code   RO         1536    i.SDIO_GetFlagStatus  stm32f10x_sdio.o
    0x08006e90   0x08006e90   0x00000010   Code   RO         1538    i.SDIO_GetPowerState  stm32f10x_sdio.o
    0x08006ea0   0x08006ea0   0x00000018   Code   RO         1539    i.SDIO_GetResponse  stm32f10x_sdio.o
    0x08006eb8   0x08006eb8   0x00000008   Code   RO         2786    i.SDIO_IRQHandler   stm32f10x_it.o
    0x08006ec0   0x08006ec0   0x00000020   Code   RO         1540    i.SDIO_ITConfig     stm32f10x_sdio.o
    0x08006ee0   0x08006ee0   0x00000030   Code   RO         1541    i.SDIO_Init         stm32f10x_sdio.o
    0x08006f10   0x08006f10   0x0000000c   Code   RO         1542    i.SDIO_ReadData     stm32f10x_sdio.o
    0x08006f1c   0x08006f1c   0x0000002c   Code   RO         1544    i.SDIO_SendCommand  stm32f10x_sdio.o
    0x08006f48   0x08006f48   0x0000001c   Code   RO         1546    i.SDIO_SetPowerState  stm32f10x_sdio.o
    0x08006f64   0x08006f64   0x00000010   Code   RO         3145    i.SD_DMAEndOfTransferStatus  bsp_sdio_sdcard.o
    0x08006f74   0x08006f74   0x00000064   Code   RO         3146    i.SD_DMA_RxConfig   bsp_sdio_sdcard.o
    0x08006fd8   0x08006fd8   0x00000064   Code   RO         3147    i.SD_DMA_TxConfig   bsp_sdio_sdcard.o
    0x0800703c   0x0800703c   0x00000094   Code   RO         3149    i.SD_EnableWideBusOperation  bsp_sdio_sdcard.o
    0x080070d0   0x080070d0   0x000002cc   Code   RO         3151    i.SD_GetCardInfo    bsp_sdio_sdcard.o
    0x0800739c   0x0800739c   0x0000001a   Code   RO         3153    i.SD_GetState       bsp_sdio_sdcard.o
    0x080073b6   0x080073b6   0x0000001e   Code   RO         3154    i.SD_GetStatus      bsp_sdio_sdcard.o
    0x080073d4   0x080073d4   0x00000074   Code   RO         3156    i.SD_Init           bsp_sdio_sdcard.o
    0x08007448   0x08007448   0x0000013c   Code   RO         3157    i.SD_InitializeCards  bsp_sdio_sdcard.o
    0x08007584   0x08007584   0x00000188   Code   RO         3159    i.SD_PowerON        bsp_sdio_sdcard.o
    0x0800770c   0x0800770c   0x00000058   Code   RO         3160    i.SD_ProcessIRQSrc  bsp_sdio_sdcard.o
    0x08007764   0x08007764   0x000000e8   Code   RO         3162    i.SD_ReadMultiBlocks  bsp_sdio_sdcard.o
    0x0800784c   0x0800784c   0x00000034   Code   RO         3163    i.SD_SelectDeselect  bsp_sdio_sdcard.o
    0x08007880   0x08007880   0x00000038   Code   RO         3165    i.SD_SendStatus     bsp_sdio_sdcard.o
    0x080078b8   0x080078b8   0x00000034   Code   RO         3167    i.SD_WaitReadOperation  bsp_sdio_sdcard.o
    0x080078ec   0x080078ec   0x0000003c   Code   RO         3168    i.SD_WaitWriteOperation  bsp_sdio_sdcard.o
    0x08007928   0x08007928   0x00000148   Code   RO         3170    i.SD_WriteMultiBlocks  bsp_sdio_sdcard.o
    0x08007a70   0x08007a70   0x00000018   Code   RO         1714    i.SPI_Cmd           stm32f10x_spi.o
    0x08007a88   0x08007a88   0x0000003c   Code   RO         1727    i.SPI_Init          stm32f10x_spi.o
    0x08007ac4   0x08007ac4   0x00000008   Code   RO           24    i.SetSysClock       system_stm32f10x.o
    0x08007acc   0x08007acc   0x000000e0   Code   RO           25    i.SetSysClockTo72   system_stm32f10x.o
    0x08007bac   0x08007bac   0x00000014   Code   RO         2787    i.SysTick_Handler   stm32f10x_it.o
    0x08007bc0   0x08007bc0   0x00000060   Code   RO           27    i.SystemInit        system_stm32f10x.o
    0x08007c20   0x08007c20   0x00000018   Code   RO         3105    i.TimingDelay_Decrement  bsp_systick.o
    0x08007c38   0x08007c38   0x00000018   Code   RO         2405    i.USART_Cmd         stm32f10x_usart.o
    0x08007c50   0x08007c50   0x00000080   Code   RO         3042    i.USART_Config      bsp_usart.o
    0x08007cd0   0x08007cd0   0x0000001a   Code   RO         2408    i.USART_GetFlagStatus  stm32f10x_usart.o
    0x08007cea   0x08007cea   0x00000002   PAD
    0x08007cec   0x08007cec   0x000000d8   Code   RO         2412    i.USART_Init        stm32f10x_usart.o
    0x08007dc4   0x08007dc4   0x00000008   Code   RO         2422    i.USART_SendData    stm32f10x_usart.o
    0x08007dcc   0x08007dcc   0x00000004   Code   RO         2788    i.UsageFault_Handler  stm32f10x_it.o
    0x08007dd0   0x08007dd0   0x00000048   Code   RO         3046    i.UsartPrintf       bsp_usart.o
    0x08007e18   0x08007e18   0x0000007c   Code   RO         2869    i.VSYNC_GPIO_Config  bsp_ov7725.o
    0x08007e94   0x08007e94   0x00000084   Code   RO         3664    i.WARNING           warning.o
    0x08007f18   0x08007f18   0x0000002e   Code   RO         4551    i.WriteRemainlen    edpkit.o
    0x08007f46   0x08007f46   0x00000002   PAD
    0x08007f48   0x08007f48   0x00000020   Code   RO         6098    i.__0printf         mc_w.l(printfa.o)
    0x08007f68   0x08007f68   0x00000028   Code   RO         6100    i.__0sprintf        mc_w.l(printfa.o)
    0x08007f90   0x08007f90   0x0000002c   Code   RO         6103    i.__0vsnprintf      mc_w.l(printfa.o)
    0x08007fbc   0x08007fbc   0x00000008   Code   RO         6201    i.__aeabi_errno_addr  mc_w.l(errno.o)
    0x08007fc4   0x08007fc4   0x0000000e   Code   RO         6259    i.__scatterload_copy  mc_w.l(handlers.o)
    0x08007fd2   0x08007fd2   0x00000002   Code   RO         6260    i.__scatterload_null  mc_w.l(handlers.o)
    0x08007fd4   0x08007fd4   0x0000000e   Code   RO         6261    i.__scatterload_zeroinit  mc_w.l(handlers.o)
    0x08007fe2   0x08007fe2   0x00000002   PAD
    0x08007fe4   0x08007fe4   0x00000184   Code   RO         6105    i._fp_digits        mc_w.l(printfa.o)
    0x08008168   0x08008168   0x000006dc   Code   RO         6106    i._printf_core      mc_w.l(printfa.o)
    0x08008844   0x08008844   0x00000024   Code   RO         6107    i._printf_post_padding  mc_w.l(printfa.o)
    0x08008868   0x08008868   0x0000002e   Code   RO         6108    i._printf_pre_padding  mc_w.l(printfa.o)
    0x08008896   0x08008896   0x00000016   Code   RO         6109    i._snputc           mc_w.l(printfa.o)
    0x080088ac   0x080088ac   0x0000000a   Code   RO         6110    i._sputc            mc_w.l(printfa.o)
    0x080088b6   0x080088b6   0x00000026   Code   RO         3389    i.bit_num           encode.o
    0x080088dc   0x080088dc   0x00000090   Code   RO         4171    i.check_fs          ff.o
    0x0800896c   0x0800896c   0x00000014   Code   RO         4172    i.chk_chr           ff.o
    0x08008980   0x08008980   0x0000001a   Code   RO         4173    i.clust2sect        ff.o
    0x0800899a   0x0800899a   0x00000002   PAD
    0x0800899c   0x0800899c   0x000000a0   Code   RO         4174    i.cmp_lfn           ff.o
    0x08008a3c   0x08008a3c   0x000000d6   Code   RO         4175    i.create_chain      ff.o
    0x08008b12   0x08008b12   0x00000002   PAD
    0x08008b14   0x08008b14   0x00000230   Code   RO         4176    i.create_name       ff.o
    0x08008d44   0x08008d44   0x0000005c   Code   RO         4177    i.dir_alloc         ff.o
    0x08008da0   0x08008da0   0x000000ea   Code   RO         4178    i.dir_find          ff.o
    0x08008e8a   0x08008e8a   0x0000013a   Code   RO         4179    i.dir_next          ff.o
    0x08008fc4   0x08008fc4   0x0000012a   Code   RO         4181    i.dir_register      ff.o
    0x080090ee   0x080090ee   0x000000c8   Code   RO         4183    i.dir_sdi           ff.o
    0x080091b6   0x080091b6   0x0000002a   Code   RO         4121    i.disk_initialize   diskio.o
    0x080091e0   0x080091e0   0x00000054   Code   RO         4122    i.disk_ioctl        diskio.o
    0x08009234   0x08009234   0x000000ae   Code   RO         4123    i.disk_read         diskio.o
    0x080092e2   0x080092e2   0x0000001c   Code   RO         4124    i.disk_status       diskio.o
    0x080092fe   0x080092fe   0x000000b4   Code   RO         4125    i.disk_write        diskio.o
    0x080093b2   0x080093b2   0x00000002   PAD
    0x080093b4   0x080093b4   0x00000668   Code   RO         3390    i.dsp_fdct_8x8      encode.o
    0x08009a1c   0x08009a1c   0x00000084   Code   RO         3768    i.ee_WriteBytes     iic.o
    0x08009aa0   0x08009aa0   0x00000020   Code   RO         4185    i.f_close           ff.o
    0x08009ac0   0x08009ac0   0x0000005c   Code   RO         4192    i.f_mount           ff.o
    0x08009b1c   0x08009b1c   0x0000017e   Code   RO         4193    i.f_open            ff.o
    0x08009c9a   0x08009c9a   0x000001d0   Code   RO         4198    i.f_read            ff.o
    0x08009e6a   0x08009e6a   0x000000b0   Code   RO         4202    i.f_sync            ff.o
    0x08009f1a   0x08009f1a   0x0000020c   Code   RO         4206    i.f_write           ff.o
    0x0800a126   0x0800a126   0x00000002   PAD
    0x0800a128   0x0800a128   0x0000004c   Code   RO         4503    i.ff_convert        ccsbcs.o
    0x0800a174   0x0800a174   0x0000005c   Code   RO         4504    i.ff_wtoupper       ccsbcs.o
    0x0800a1d0   0x0800a1d0   0x000003d8   Code   RO         4207    i.find_volume       ff.o
    0x0800a5a8   0x0800a5a8   0x00000080   Code   RO         4208    i.fit_lfn           ff.o
    0x0800a628   0x0800a628   0x00000090   Code   RO         4209    i.follow_path       ff.o
    0x0800a6b8   0x0800a6b8   0x00000024   Code   RO         3049    i.fputc             bsp_usart.o
    0x0800a6dc   0x0800a6dc   0x00000050   Code   RO         6126    i.free              mc_w.l(malloc.o)
    0x0800a72c   0x0800a72c   0x000000b4   Code   RO         4210    i.gen_numname       ff.o
    0x0800a7e0   0x0800a7e0   0x0000013e   Code   RO         4211    i.get_fat           ff.o
    0x0800a91e   0x0800a91e   0x00000002   PAD
    0x0800a920   0x0800a920   0x00000008   Code   RO         4126    i.get_fattime       diskio.o
    0x0800a928   0x0800a928   0x0000004a   Code   RO         4213    i.get_ldnumber      ff.o
    0x0800a972   0x0800a972   0x00000002   PAD
    0x0800a974   0x0800a974   0x0000003c   Code   RO         4552    i.hexdump           edpkit.o
    0x0800a9b0   0x0800a9b0   0x0000000e   Code   RO         3772    i.i2c_Delay         iic.o
    0x0800a9be   0x0800a9be   0x00000002   PAD
    0x0800a9c0   0x0800a9c0   0x00000054   Code   RO         3775    i.i2c_SendByte      iic.o
    0x0800aa14   0x0800aa14   0x00000030   Code   RO         3776    i.i2c_Start         iic.o
    0x0800aa44   0x0800aa44   0x00000020   Code   RO         3777    i.i2c_Stop          iic.o
    0x0800aa64   0x0800aa64   0x0000003c   Code   RO         3778    i.i2c_WaitAck       iic.o
    0x0800aaa0   0x0800aaa0   0x000000c8   Code   RO         3391    i.jhuff_encode_one_block  encode.o
    0x0800ab68   0x0800ab68   0x00000088   Code   RO         3392    i.jhuff_flush_buffer  encode.o
    0x0800abf0   0x0800abf0   0x00000088   Code   RO         3393    i.jhuff_write_bits  encode.o
    0x0800ac78   0x0800ac78   0x000000a4   Code   RO         3394    i.jint_add_huff_table  encode.o
    0x0800ad1c   0x0800ad1c   0x00000068   Code   RO         3395    i.jint_add_quant_table  encode.o
    0x0800ad84   0x0800ad84   0x000000b4   Code   RO         3396    i.jint_calc_huff_tbl  encode.o
    0x0800ae38   0x0800ae38   0x00000154   Code   RO         3397    i.jint_process_mcu  encode.o
    0x0800af8c   0x0800af8c   0x00000140   Code   RO         3398    i.jint_process_rows  encode.o
    0x0800b0cc   0x0800b0cc   0x00000068   Code   RO         3399    i.jint_std_huff_tables  encode.o
    0x0800b134   0x0800b134   0x00000028   Code   RO         3400    i.jint_std_quant_tables  encode.o
    0x0800b15c   0x0800b15c   0x00000020   Code   RO         3401    i.jmkr_write_end    encode.o
    0x0800b17c   0x0800b17c   0x000000f6   Code   RO         3402    i.jmkr_write_frame_head  encode.o
    0x0800b272   0x0800b272   0x0000015e   Code   RO         3403    i.jmkr_write_huff_table  encode.o
    0x0800b3d0   0x0800b3d0   0x0000001a   Code   RO         3404    i.jmkr_write_image_start  encode.o
    0x0800b3ea   0x0800b3ea   0x00000002   PAD
    0x0800b3ec   0x0800b3ec   0x00000020   Code   RO         3405    i.jmkr_write_jfif   encode.o
    0x0800b40c   0x0800b40c   0x00000074   Code   RO         3406    i.jmkr_write_quant_table  encode.o
    0x0800b480   0x0800b480   0x000000be   Code   RO         3407    i.jmkr_write_scan_head  encode.o
    0x0800b53e   0x0800b53e   0x0000002a   Code   RO         3408    i.jmkr_write_start  encode.o
    0x0800b568   0x0800b568   0x0000010c   Code   RO         3409    i.jpeg_calc_value   encode.o
    0x0800b674   0x0800b674   0x00000070   Code   RO         3410    i.jpeg_finish_compress  encode.o
    0x0800b6e4   0x0800b6e4   0x00000074   Code   RO         3411    i.jpeg_set_default  encode.o
    0x0800b758   0x0800b758   0x00000034   Code   RO         3412    i.jpeg_start_compress  encode.o
    0x0800b78c   0x0800b78c   0x00000124   Code   RO         3413    i.jutl_cc_rgb2ycc   encode.o
    0x0800b8b0   0x0800b8b0   0x0000004c   Code   RO         3414    i.jutl_write_byte   encode.o
    0x0800b8fc   0x0800b8fc   0x00000030   Code   RO         3415    i.jutl_zigzag_sort  encode.o
    0x0800b92c   0x0800b92c   0x00000020   Code   RO         4214    i.ld_clust          ff.o
    0x0800b94c   0x0800b94c   0x00000018   Code   RO         3364    i.mDelay            delay.o
    0x0800b964   0x0800b964   0x00000114   Code   RO         2587    i.main              main.o
    0x0800ba78   0x0800ba78   0x0000006c   Code   RO         6127    i.malloc            mc_w.l(malloc.o)
    0x0800bae4   0x0800bae4   0x00000026   Code   RO         4215    i.mem_cmp           ff.o
    0x0800bb0a   0x0800bb0a   0x0000001a   Code   RO         4216    i.mem_cpy           ff.o
    0x0800bb24   0x0800bb24   0x00000014   Code   RO         4217    i.mem_set           ff.o
    0x0800bb38   0x0800bb38   0x00000034   Code   RO         4218    i.move_window       ff.o
    0x0800bb6c   0x0800bb6c   0x00000098   Code   RO         4737    i.prvAddCurrentTaskToDelayedList  tasks.o
    0x0800bc04   0x0800bc04   0x00000098   Code   RO         4738    i.prvAddNewTaskToReadyList  tasks.o
    0x0800bc9c   0x0800bc9c   0x00000064   Code   RO         4739    i.prvCheckTasksWaitingTermination  tasks.o
    0x0800bd00   0x0800bd00   0x00000012   Code   RO         4740    i.prvDeleteTCB      tasks.o
    0x0800bd12   0x0800bd12   0x00000002   PAD
    0x0800bd14   0x0800bd14   0x0000007c   Code   RO         5398    i.prvHeapInit       heap_4.o
    0x0800bd90   0x0800bd90   0x0000001c   Code   RO         4741    i.prvIdleTask       tasks.o
    0x0800bdac   0x0800bdac   0x00000090   Code   RO         4742    i.prvInitialiseNewTask  tasks.o
    0x0800be3c   0x0800be3c   0x00000068   Code   RO         4743    i.prvInitialiseTaskLists  tasks.o
    0x0800bea4   0x0800bea4   0x00000068   Code   RO         5399    i.prvInsertBlockIntoFreeList  heap_4.o
    0x0800bf0c   0x0800bf0c   0x00000034   Code   RO         4744    i.prvResetNextTaskUnblockTime  tasks.o
    0x0800bf40   0x0800bf40   0x00000016   Code   RO         5328    i.prvTaskExitError  port.o
    0x0800bf56   0x0800bf56   0x00000188   Code   RO         4220    i.put_fat           ff.o
    0x0800c0de   0x0800c0de   0x00000002   PAD
    0x0800c0e0   0x0800c0e0   0x000000d0   Code   RO         5400    i.pvPortMalloc      heap_4.o
    0x0800c1b0   0x0800c1b0   0x00000024   Code   RO         5329    i.pxPortInitialiseStack  port.o
    0x0800c1d4   0x0800c1d4   0x0000006c   Code   RO         4222    i.remove_chain      ff.o
    0x0800c240   0x0800c240   0x00000010   Code   RO         4223    i.st_clust          ff.o
    0x0800c250   0x0800c250   0x00000020   Code   RO         4224    i.sum_sfn           ff.o
    0x0800c270   0x0800c270   0x000000c8   Code   RO         4225    i.sync_fs           ff.o
    0x0800c338   0x0800c338   0x00000052   Code   RO         4226    i.sync_window       ff.o
    0x0800c38a   0x0800c38a   0x0000001e   Code   RO         3365    i.udelay            delay.o
    0x0800c3a8   0x0800c3a8   0x00000028   Code   RO         5208    i.uxListRemove      list.o
    0x0800c3d0   0x0800c3d0   0x0000001a   Code   RO         5209    i.vListInitialise   list.o
    0x0800c3ea   0x0800c3ea   0x00000006   Code   RO         5210    i.vListInitialiseItem  list.o
    0x0800c3f0   0x0800c3f0   0x00000034   Code   RO         5211    i.vListInsert       list.o
    0x0800c424   0x0800c424   0x00000018   Code   RO         5212    i.vListInsertEnd    list.o
    0x0800c43c   0x0800c43c   0x00000024   Code   RO         5331    i.vPortEnterCritical  port.o
    0x0800c460   0x0800c460   0x00000020   Code   RO         5332    i.vPortExitCritical  port.o
    0x0800c480   0x0800c480   0x00000048   Code   RO         5401    i.vPortFree         heap_4.o
    0x0800c4c8   0x0800c4c8   0x00000014   Code   RO         5333    i.vPortSetupTimerInterrupt  port.o
    0x0800c4dc   0x0800c4dc   0x00000034   Code   RO         4754    i.vTaskDelay        tasks.o
    0x0800c510   0x0800c510   0x00000064   Code   RO         4766    i.vTaskStartScheduler  tasks.o
    0x0800c574   0x0800c574   0x00000010   Code   RO         4768    i.vTaskSuspendAll   tasks.o
    0x0800c584   0x0800c584   0x00000060   Code   RO         4769    i.vTaskSwitchContext  tasks.o
    0x0800c5e4   0x0800c5e4   0x00000032   Code   RO         4227    i.validate          ff.o
    0x0800c616   0x0800c616   0x00000002   PAD
    0x0800c618   0x0800c618   0x00000034   Code   RO         5334    i.xPortStartScheduler  port.o
    0x0800c64c   0x0800c64c   0x00000034   Code   RO         5335    i.xPortSysTickHandler  port.o
    0x0800c680   0x0800c680   0x00000060   Code   RO         4771    i.xTaskCreate       tasks.o
    0x0800c6e0   0x0800c6e0   0x00000020   Code   RO         4775    i.xTaskGetSchedulerState  tasks.o
    0x0800c700   0x0800c700   0x000000e8   Code   RO         4778    i.xTaskIncrementTick  tasks.o
    0x0800c7e8   0x0800c7e8   0x000000d4   Code   RO         4784    i.xTaskResumeAll    tasks.o
    0x0800c8bc   0x0800c8bc   0x000002f2   Data   RO         3417    .constdata          encode.o
    0x0800cbae   0x0800cbae   0x00003b60   Data   RO         4060    .constdata          fonts.o
    0x0801070e   0x0801070e   0x000000ba   Data   RO         4228    .constdata          ff.o
    0x080107c8   0x080107c8   0x000008b8   Data   RO         4505    .constdata          ccsbcs.o
    0x08011080   0x08011080   0x00000081   Data   RO         6226    .constdata          mc_w.l(ctype_o.o)
    0x08011101   0x08011101   0x00000003   PAD
    0x08011104   0x08011104   0x00000004   Data   RO         6227    .constdata          mc_w.l(ctype_o.o)
    0x08011108   0x08011108   0x0000000a   Data   RO         5807    .rodata             M8266WIFIDrv_STM32F1xx.a(M8266WIFIDrv_STM32F1xx.o)
    0x08011112   0x08011112   0x00000002   PAD
    0x08011114   0x08011114   0x00000008   Data   RO         5821    .rodata.M8266HostIf_SPI_Select.str1.4  M8266WIFIDrv_STM32F1xx.a(M8266WIFIDrv_STM32F1xx.o)
    0x0801111c   0x0801111c   0x00000008   Data   RO         5828    .rodata.M8266WIFI_SPI_Recv.str1.4  M8266WIFIDrv_STM32F1xx.a(M8266WIFIDrv_STM32F1xx.o)
    0x08011124   0x08011124   0x00000010   Data   RO         5829    .rodata.M8266WIFI_SPI_STA_Connect_Ap.str1.4  M8266WIFIDrv_STM32F1xx.a(M8266WIFIDrv_STM32F1xx.o)
    0x08011134   0x08011134   0x00000008   Data   RO         5830    .rodata.M8266WIFI_SPI_STA_Fetch_Last_Scanned_Signals.str1.4  M8266WIFIDrv_STM32F1xx.a(M8266WIFIDrv_STM32F1xx.o)
    0x0801113c   0x0801113c   0x00000008   Data   RO         5831    .rodata.M8266WIFI_SPI_STA_Get_HostIP_by_HostName.str1.4  M8266WIFIDrv_STM32F1xx.a(M8266WIFIDrv_STM32F1xx.o)
    0x08011144   0x08011144   0x00000008   Data   RO         5832    .rodata.M8266WIFI_SPI_Send_Udp_Data.str1.4  M8266WIFIDrv_STM32F1xx.a(M8266WIFIDrv_STM32F1xx.o)
    0x0801114c   0x0801114c   0x00000008   Data   RO         5834    .rodata.M8266WIFI_SPI_capstp.str1.4  M8266WIFIDrv_STM32F1xx.a(M8266WIFIDrv_STM32F1xx.o)
    0x08011154   0x08011154   0x00000008   Data   RO         5838    .rodata.M8266WIFI_SPI_srh.str1.4  M8266WIFIDrv_STM32F1xx.a(M8266WIFIDrv_STM32F1xx.o)
    0x0801115c   0x0801115c   0x00000010   Data   RO         5839    .rodata.M8266WIFI_SPI_sstso.str1.4  M8266WIFIDrv_STM32F1xx.a(M8266WIFIDrv_STM32F1xx.o)
    0x0801116c   0x0801116c   0x00000010   Data   RO         5840    .rodata.cpu_name    M8266WIFIDrv_STM32F1xx.a(M8266WIFIDrv_STM32F1xx.o)
    0x0801117c   0x0801117c   0x00000006   Data   RO         5841    .rodata.wr_status_test_data  M8266WIFIDrv_STM32F1xx.a(M8266WIFIDrv_STM32F1xx.o)
    0x08011182   0x08011182   0x00000002   PAD
    0x08011184   0x08011184   0x00000020   Data   RO         6257    Region$$Table       anon$$obj.o


    Execution Region RW_IRAM1 (Exec base: 0x20000000, Load base: 0x080111a4, Size: 0x0000fcc8, Max: 0x00010000, ABSOLUTE, COMPRESSED[0x00000104])

    Exec Addr    Load Addr    Size         Type   Attr      Idx    E Section Name        Object

    0x20000000   COMPRESSED   0x00000014   Data   RW         1355    .data               stm32f10x_rcc.o
    0x20000014   COMPRESSED   0x00000014   Data   RW         2590    .data               main.o
    0x20000028   COMPRESSED   0x000000c4   Data   RW         2871    .data               bsp_ov7725.o
    0x200000ec   COMPRESSED   0x00000008   Data   RW         3106    .data               bsp_systick.o
    0x200000f4   COMPRESSED   0x00000014   Data   RW         3173    .data               bsp_sdio_sdcard.o
    0x20000108   COMPRESSED   0x00000016   Data   RW         3418    .data               encode.o
    0x2000011e   COMPRESSED   0x00000001   Data   RW         3665    .data               warning.o
    0x2000011f   COMPRESSED   0x00000001   PAD
    0x20000120   COMPRESSED   0x00000010   Data   RW         3895    .data               bsp_ili9341_lcd.o
    0x20000130   COMPRESSED   0x00000018   Data   RW         4061    .data               fonts.o
    0x20000148   COMPRESSED   0x00000001   Data   RW         4075    .data               beep.o
    0x20000149   COMPRESSED   0x00000003   PAD
    0x2000014c   COMPRESSED   0x0000000a   Data   RW         4229    .data               ff.o
    0x20000156   COMPRESSED   0x00000002   PAD
    0x20000158   COMPRESSED   0x00000010   Data   RW         4660    .data               onenet.o
    0x20000168   COMPRESSED   0x0000003c   Data   RW         4787    .data               tasks.o
    0x200001a4   COMPRESSED   0x00000004   Data   RW         5336    .data               port.o
    0x200001a8   COMPRESSED   0x00000018   Data   RW         5406    .data               heap_4.o
    0x200001c0   COMPRESSED   0x00000011   Data   RW         5456    .data               m8266.o
    0x200001d1   COMPRESSED   0x00000003   PAD
    0x200001d4   COMPRESSED   0x00000004   Data   RW         6188    .data               mc_w.l(stdout.o)
    0x200001d8   COMPRESSED   0x00000004   Data   RW         6199    .data               mc_w.l(mvars.o)
    0x200001dc   COMPRESSED   0x00000004   Data   RW         6200    .data               mc_w.l(mvars.o)
    0x200001e0   COMPRESSED   0x00000004   Data   RW         6204    .data               mc_w.l(errno.o)
    0x200001e4   COMPRESSED   0x00000011   Data   RW         5816    .data.module_fw_ver  M8266WIFIDrv_STM32F1xx.a(M8266WIFIDrv_STM32F1xx.o)
    0x200001f5   COMPRESSED   0x00000003   PAD
    0x200001f8        -       0x0000000a   Zero   RW         2588    .bss                main.o
    0x20000202   COMPRESSED   0x00000002   PAD
    0x20000204        -       0x000000c4   Zero   RW         3172    .bss                bsp_sdio_sdcard.o
    0x200002c8        -       0x00002248   Zero   RW         3416    .bss                encode.o
    0x20002510        -       0x0000140c   Zero   RW         4658    .bss                onenet.o
    0x2000391c        -       0x000000c8   Zero   RW         4786    .bss                tasks.o
    0x200039e4        -       0x00003000   Zero   RW         5405    .bss                heap_4.o
    0x200069e4        -       0x00000080   Zero   RW         5455    .bss                m8266.o
    0x20006a64        -       0x00000004   Zero   RW         5808    .bss.M8266WIFI_INTERFACE_SPI  M8266WIFIDrv_STM32F1xx.a(M8266WIFIDrv_STM32F1xx.o)
    0x20006a68        -       0x00000004   Zero   RW         5809    .bss.M8266WIFI_INTERFACE_SPI_RX_DMA  M8266WIFIDrv_STM32F1xx.a(M8266WIFIDrv_STM32F1xx.o)
    0x20006a6c        -       0x00000004   Zero   RW         5810    .bss.M8266WIFI_INTERFACE_SPI_RX_DMA_STREAM  M8266WIFIDrv_STM32F1xx.a(M8266WIFIDrv_STM32F1xx.o)
    0x20006a70        -       0x00000004   Zero   RW         5811    .bss.M8266WIFI_INTERFACE_SPI_TX_DMA  M8266WIFIDrv_STM32F1xx.a(M8266WIFIDrv_STM32F1xx.o)
    0x20006a74        -       0x00000004   Zero   RW         5812    .bss.M8266WIFI_INTERFACE_SPI_TX_DMA_STREAM  M8266WIFIDrv_STM32F1xx.a(M8266WIFIDrv_STM32F1xx.o)
    0x20006a78        -       0x00000001   Zero   RW         5813    .bss.SPI_DATA_TRANSFER_USE_DMA  M8266WIFIDrv_STM32F1xx.a(M8266WIFIDrv_STM32F1xx.o)
    0x20006a79   COMPRESSED   0x00000003   PAD
    0x20006a7c        -       0x00000044   Zero   RW         5814    .bss.dma_buf        M8266WIFIDrv_STM32F1xx.a(M8266WIFIDrv_STM32F1xx.o)
    0x20006ac0        -       0x00000002   Zero   RW         5815    .bss.saaddlpct      M8266WIFIDrv_STM32F1xx.a(M8266WIFIDrv_STM32F1xx.o)
    0x20006ac2   COMPRESSED   0x00000006   PAD
    0x20006ac8        -       0x00007200   Zero   RW            2    HEAP                startup_stm32f10x_hd.o
    0x2000dcc8        -       0x00002000   Zero   RW            1    STACK               startup_stm32f10x_hd.o



  Load Region LR$$.ARM.__AT_0x68000000 (Base: 0x68000000, Size: 0x00000000, Max: 0x00030000, ABSOLUTE)

    Execution Region ER$$.ARM.__AT_0x68000000 (Exec base: 0x68000000, Load base: 0x68000000, Size: 0x00030000, Max: 0x00030000, ABSOLUTE, UNINIT)

    Exec Addr    Load Addr    Size         Type   Attr      Idx    E Section Name        Object

    0x68000000        -       0x00030000   Zero   RW         3600    .ARM.__AT_0x68000000  malloc.o



  Load Region LR$$.ARM.__AT_0x68030000 (Base: 0x68030000, Size: 0x00000000, Max: 0x00003000, ABSOLUTE)

    Execution Region ER$$.ARM.__AT_0x68030000 (Exec base: 0x68030000, Load base: 0x68030000, Size: 0x00003000, Max: 0x00003000, ABSOLUTE, UNINIT)

    Exec Addr    Load Addr    Size         Type   Attr      Idx    E Section Name        Object

    0x68030000        -       0x00003000   Zero   RW         3601    .ARM.__AT_0x68030000  malloc.o


==============================================================================

Image component sizes


      Code (inc. data)   RO Data    RW Data    ZI Data      Debug   Object Name

        32         10          0          1          0       1166   beep.o
      1900        106          0         16          0      11588   bsp_ili9341_lcd.o
        88          4          0          0          0       1438   bsp_key.o
        96          6          0          0          0        542   bsp_led.o
      1832        194          0        196          0      10019   bsp_ov7725.o
       766         34          0          0          0       6316   bsp_sccb.o
      4092        284          0         20        196      22236   bsp_sdio_sdcard.o
        24          6          0          8          0       1088   bsp_systick.o
       236         12          0          0          0       4141   bsp_usart.o
       168         14       2232          0          0       2459   ccsbcs.o
         0          0          0          0          0       4508   core_cm3.o
        54          0          0          0          0        982   delay.o
       432         30          0          0          0       5270   dht11.o
       516         10          0          0          0       6257   diskio.o
      1574         18          0          0          0      11057   edpkit.o
      6012        288        754         22       8776      30789   encode.o
      6868         94        186         10          0      34904   ff.o
        36          4          0          0          0        496   flame.o
         0          0      15200         24          0       1337   fonts.o
       508         62          0         24      12288       3911   heap_4.o
       370         30          0          0          0       3288   iic.o
       148          0          0          0          0       3158   list.o
       876        344          0         17        128       4802   m8266.o
       340         26          0          0          0       3561   m8266hostif_stm32xx.o
       436         50          0          0          0       6427   m8266wifi_ops.o
       924        286          0         20         10      29705   main.o
         0          0          0          0     208896       1649   malloc.o
       132         22          0          0          0       1579   misc.o
      2440       1060          0         16       5132       8802   onenet.o
       400         50          0          4          0       9296   port.o
        36          8        304          0      37376        872   startup_stm32f10x_hd.o
       156         18          0          0          0       3977   stm32f10x_dma.o
       216         22          0          0          0       2707   stm32f10x_exti.o
       282          6          0          0          0       1857   stm32f10x_fsmc.o
       378          4          0          0          0       4946   stm32f10x_gpio.o
       140         14          0          0          0      10076   stm32f10x_it.o
       308         38          0         20          0       5086   stm32f10x_rcc.o
       372         86          0          0          0       9895   stm32f10x_sdio.o
        84          0          0          0          0       2173   stm32f10x_spi.o
       274          6          0          0          0       4084   stm32f10x_usart.o
       328         28          0          0          0     266373   system_stm32f10x.o
      1586        254          0         60        200      22038   tasks.o
         0          0          0          0          0       1472   timers.o
       772        210          0          1          0       3520   warning.o

    ----------------------------------------------------------------------
     36282       3738      18708        468     273004     571847   Object Totals
         0          0         32          0          0          0   (incl. Generated)
        50          0          0          9          2          0   (incl. Padding)

    ----------------------------------------------------------------------

      Code (inc. data)   RO Data    RW Data    ZI Data      Debug   Library Member Name

      9520        206        120         17         91          0   M8266WIFIDrv_STM32F1xx.o
        58          0          0          0          0          0   __dczerorl.o
        28          0          0          0          0         68   _chval.o
       158          0          0          0          0         92   _strtoul.o
        26          0          0          0          0         80   atoi.o
         8          4        133          0          0         68   ctype_o.o
         0          0          0          0          0          0   entry.o
         0          0          0          0          0          0   entry10a.o
         0          0          0          0          0          0   entry11a.o
         8          4          0          0          0          0   entry2.o
         4          0          0          0          0          0   entry5.o
         0          0          0          0          0          0   entry7b.o
         0          0          0          0          0          0   entry8b.o
         8          4          0          0          0          0   entry9a.o
         8          4          0          4          0         68   errno.o
        30          0          0          0          0          0   handlers.o
        36          8          0          0          0         68   init.o
         0          0          0          0          0          0   iusefp.o
        30          0          0          0          0         68   llshl.o
        36          0          0          0          0         68   llsshr.o
        32          0          0          0          0         68   llushr.o
       188         20          0          0          0        160   malloc.o
        36          0          0          0          0         68   memcpya.o
        36          0          0          0          0        108   memseta.o
         0          0          0          8          0          0   mvars.o
      2374        100          0          0          0        752   printfa.o
         0          0          0          4          0          0   stdout.o
        24          0          0          0          0         68   strcat.o
        20          0          0          0          0         68   strchr.o
        28          0          0          0          0         76   strcmp.o
        14          0          0          0          0         68   strlen.o
        40          0          0          0          0         76   strncat.o
        36          0          0          0          0         80   strstr.o
       112          0          0          0          0         88   strtol.o
        44          0          0          0          0         80   uidiv.o
        98          0          0          0          0         92   uldiv.o
        48          0          0          0          0         68   cdrcmple.o
       334          0          0          0          0        148   dadd.o
       222          0          0          0          0        100   ddiv.o
       186          0          0          0          0        176   depilogue.o
        62          0          0          0          0         80   dfixi.o
        48          0          0          0          0         68   dfixul.o
       228          0          0          0          0         96   dmul.o
        38          0          0          0          0         68   f2d.o
       176          0          0          0          0        140   fadd.o
       124          0          0          0          0         88   fdiv.o
       110          0          0          0          0        168   fepilogue.o
        40          0          0          0          0         68   ffixui.o
        18          0          0          0          0         68   fflti.o
        10          0          0          0          0         68   ffltui.o
       100          0          0          0          0         76   fmul.o

    ----------------------------------------------------------------------
     14802        350        260         36        100       3912   Library Totals
        18          0          7          3          9          0   (incl. Padding)

    ----------------------------------------------------------------------

      Code (inc. data)   RO Data    RW Data    ZI Data      Debug   Library Name

      9520        206        120         17         91          0   M8266WIFIDrv_STM32F1xx.a
      3520        144        133         16          0       2432   mc_w.l
      1744          0          0          0          0       1480   mf_w.l

    ----------------------------------------------------------------------
     14802        350        260         36        100       3912   Library Totals

    ----------------------------------------------------------------------

==============================================================================


      Code (inc. data)   RO Data    RW Data    ZI Data      Debug   

     51084       4088      18968        504     273104     558415   Grand Totals
     51084       4088      18968        260     273104     558415   ELF Image Totals (compressed)
     51084       4088      18968        260          0          0   ROM Totals

==============================================================================

    Total RO  Size (Code + RO Data)                70052 (  68.41kB)
    Total RW  Size (RW Data + ZI Data)            273608 ( 267.20kB)
    Total ROM Size (Code + RO Data + RW Data)      70312 (  68.66kB)

==============================================================================

